MT25QL.c:32:6:Read_ID	72	static
MT25QL.c:67:6:ADDRESSING_MODE	24	static
MT25QL.c:97:6:Bulk_Read	32	static
MT25QL.c:120:9:Read_Byte_4B	32	static
MT25QL.c:147:6:Bulk_Read_4B	32	static
MT25QL.c:171:6:Page_Write	32	static
MT25QL.c:213:6:Page_Write_4B	32	static
MT25QL.c:275:6:Byte_Write_4B	32	static
MT25QL.c:305:9:Sector_Erase	32	static
MT25QL.c:351:9:Sector_Erase_4B	32	static
MT25QL.c:400:6:Chip_Erase	24	static
MT25QL.c:423:9:Status_Reg	24	static
MT25QL.c:437:9:Status_Reg_Flag	24	static
MT25QL.c:450:10:Status_Reg_NonVol	24	static
MT25QL.c:464:9:Status_Reg_Volatile	24	static
MT25QL.c:477:9:Status_Reg_Enhanced	24	static
MT25QL.c:490:9:Status_Reg_Extended	24	static
MT25QL.c:503:9:Status_Reg_General	24	static
MT25QL.c:518:9:Serial_Flash_Parameter	24	static
MT25QL.c:539:6:Status_Reg_Write	24	static
MT25QL.c:549:6:Status_Reg_Write_NonVol	24	static
MT25QL.c:563:6:Status_Reg_Write_Vol	24	static
MT25QL.c:573:6:Status_Reg_Write_Enhanced	24	static
MT25QL.c:583:6:Status_Reg_Write_Extended	24	static
MT25QL.c:593:6:Status_Reg_Clear_Flag	24	static
MT25QL.c:610:10:Read_Sector_Protection	24	static
MT25QL.c:628:6:Write_Sector_Protection	24	static
MT25QL.c:648:6:Reset_Memory	24	static
MT25QL.c:658:13:Reset_Enable	24	static
MT25QL.c:665:6:Write_Enable	24	static
MT25QL.c:674:13:Write_Disable	24	static
MT25QL.c:681:13:FM_Enable	16	static
MT25QL.c:691:13:FM_Disable	16	static
