Archive member included to satisfy reference by file (symbol)

d:/stm32cubeide_1.7.0/stm32cubeide/plugins/com.st.stm32cube.ide.mcu.externaltools.gnu-tools-for-stm32.9-2020-q2-update.win32_2.0.0.202105311346/tools/bin/../lib/gcc/arm-none-eabi/9.3.1/../../../../arm-none-eabi/lib/thumb/v7e-m+fp/hard\libc_nano.a(lib_a-assert.o)
                              ./Core/Src/lfs.o (__assert_func)
d:/stm32cubeide_1.7.0/stm32cubeide/plugins/com.st.stm32cube.ide.mcu.externaltools.gnu-tools-for-stm32.9-2020-q2-update.win32_2.0.0.202105311346/tools/bin/../lib/gcc/arm-none-eabi/9.3.1/../../../../arm-none-eabi/lib/thumb/v7e-m+fp/hard\libc_nano.a(lib_a-errno.o)
                              ./Core/Src/syscalls.o (__errno)
d:/stm32cubeide_1.7.0/stm32cubeide/plugins/com.st.stm32cube.ide.mcu.externaltools.gnu-tools-for-stm32.9-2020-q2-update.win32_2.0.0.202105311346/tools/bin/../lib/gcc/arm-none-eabi/9.3.1/../../../../arm-none-eabi/lib/thumb/v7e-m+fp/hard\libc_nano.a(lib_a-exit.o)
                              d:/stm32cubeide_1.7.0/stm32cubeide/plugins/com.st.stm32cube.ide.mcu.externaltools.gnu-tools-for-stm32.9-2020-q2-update.win32_2.0.0.202105311346/tools/bin/../lib/gcc/arm-none-eabi/9.3.1/../../../../arm-none-eabi/lib/thumb/v7e-m+fp/hard/crt0.o (exit)
d:/stm32cubeide_1.7.0/stm32cubeide/plugins/com.st.stm32cube.ide.mcu.externaltools.gnu-tools-for-stm32.9-2020-q2-update.win32_2.0.0.202105311346/tools/bin/../lib/gcc/arm-none-eabi/9.3.1/../../../../arm-none-eabi/lib/thumb/v7e-m+fp/hard\libc_nano.a(lib_a-fprintf.o)
                              d:/stm32cubeide_1.7.0/stm32cubeide/plugins/com.st.stm32cube.ide.mcu.externaltools.gnu-tools-for-stm32.9-2020-q2-update.win32_2.0.0.202105311346/tools/bin/../lib/gcc/arm-none-eabi/9.3.1/../../../../arm-none-eabi/lib/thumb/v7e-m+fp/hard\libc_nano.a(lib_a-assert.o) (fiprintf)
d:/stm32cubeide_1.7.0/stm32cubeide/plugins/com.st.stm32cube.ide.mcu.externaltools.gnu-tools-for-stm32.9-2020-q2-update.win32_2.0.0.202105311346/tools/bin/../lib/gcc/arm-none-eabi/9.3.1/../../../../arm-none-eabi/lib/thumb/v7e-m+fp/hard\libc_nano.a(lib_a-impure.o)
                              d:/stm32cubeide_1.7.0/stm32cubeide/plugins/com.st.stm32cube.ide.mcu.externaltools.gnu-tools-for-stm32.9-2020-q2-update.win32_2.0.0.202105311346/tools/bin/../lib/gcc/arm-none-eabi/9.3.1/../../../../arm-none-eabi/lib/thumb/v7e-m+fp/hard\libc_nano.a(lib_a-exit.o) (_global_impure_ptr)
d:/stm32cubeide_1.7.0/stm32cubeide/plugins/com.st.stm32cube.ide.mcu.externaltools.gnu-tools-for-stm32.9-2020-q2-update.win32_2.0.0.202105311346/tools/bin/../lib/gcc/arm-none-eabi/9.3.1/../../../../arm-none-eabi/lib/thumb/v7e-m+fp/hard\libc_nano.a(lib_a-init.o)
                              d:/stm32cubeide_1.7.0/stm32cubeide/plugins/com.st.stm32cube.ide.mcu.externaltools.gnu-tools-for-stm32.9-2020-q2-update.win32_2.0.0.202105311346/tools/bin/../lib/gcc/arm-none-eabi/9.3.1/../../../../arm-none-eabi/lib/thumb/v7e-m+fp/hard/crt0.o (__libc_init_array)
d:/stm32cubeide_1.7.0/stm32cubeide/plugins/com.st.stm32cube.ide.mcu.externaltools.gnu-tools-for-stm32.9-2020-q2-update.win32_2.0.0.202105311346/tools/bin/../lib/gcc/arm-none-eabi/9.3.1/../../../../arm-none-eabi/lib/thumb/v7e-m+fp/hard\libc_nano.a(lib_a-malloc.o)
                              ./Core/Src/lfs.o (malloc)
d:/stm32cubeide_1.7.0/stm32cubeide/plugins/com.st.stm32cube.ide.mcu.externaltools.gnu-tools-for-stm32.9-2020-q2-update.win32_2.0.0.202105311346/tools/bin/../lib/gcc/arm-none-eabi/9.3.1/../../../../arm-none-eabi/lib/thumb/v7e-m+fp/hard\libc_nano.a(lib_a-memcmp.o)
                              ./Core/Src/lfs.o (memcmp)
d:/stm32cubeide_1.7.0/stm32cubeide/plugins/com.st.stm32cube.ide.mcu.externaltools.gnu-tools-for-stm32.9-2020-q2-update.win32_2.0.0.202105311346/tools/bin/../lib/gcc/arm-none-eabi/9.3.1/../../../../arm-none-eabi/lib/thumb/v7e-m+fp/hard\libc_nano.a(lib_a-memcpy-stub.o)
                              ./Core/Src/lfs.o (memcpy)
d:/stm32cubeide_1.7.0/stm32cubeide/plugins/com.st.stm32cube.ide.mcu.externaltools.gnu-tools-for-stm32.9-2020-q2-update.win32_2.0.0.202105311346/tools/bin/../lib/gcc/arm-none-eabi/9.3.1/../../../../arm-none-eabi/lib/thumb/v7e-m+fp/hard\libc_nano.a(lib_a-memset.o)
                              d:/stm32cubeide_1.7.0/stm32cubeide/plugins/com.st.stm32cube.ide.mcu.externaltools.gnu-tools-for-stm32.9-2020-q2-update.win32_2.0.0.202105311346/tools/bin/../lib/gcc/arm-none-eabi/9.3.1/../../../../arm-none-eabi/lib/thumb/v7e-m+fp/hard/crt0.o (memset)
d:/stm32cubeide_1.7.0/stm32cubeide/plugins/com.st.stm32cube.ide.mcu.externaltools.gnu-tools-for-stm32.9-2020-q2-update.win32_2.0.0.202105311346/tools/bin/../lib/gcc/arm-none-eabi/9.3.1/../../../../arm-none-eabi/lib/thumb/v7e-m+fp/hard\libc_nano.a(lib_a-nano-freer.o)
[...]
Memory Configuration

Name             Origin             Length             Attributes
CCMRAM           0x0000000010000000 0x0000000000010000 xrw
RAM              0x0000000020000000 0x0000000000030000 xrw
FLASH            0x0000000008000000 0x0000000000200000 xr
*default*        0x0000000000000000 0xffffffffffffffff

Linker script and memory map

LOAD d:/stm32cubeide_1.7.0/stm32cubeide/plugins/com.st.stm32cube.ide.mcu.externaltools.gnu-tools-for-stm32.9-2020-q2-update.win32_2.0.0.202105311346/tools/bin/../lib/gcc/arm-none-eabi/9.3.1/thumb/v7e-m+fp/hard/crti.o
LOAD d:/stm32cubeide_1.7.0/stm32cubeide/plugins/com.st.stm32cube.ide.mcu.externaltools.gnu-tools-for-stm32.9-2020-q2-update.win32_2.0.0.202105311346/tools/bin/../lib/gcc/arm-none-eabi/9.3.1/thumb/v7e-m+fp/hard/crtbegin.o
LOAD d:/stm32cubeide_1.7.0/stm32cubeide/plugins/com.st.stm32cube.ide.mcu.externaltools.gnu-tools-for-stm32.9-2020-q2-update.win32_2.0.0.202105311346/tools/bin/../lib/gcc/arm-none-eabi/9.3.1/../../../../arm-none-eabi/lib/thumb/v7e-m+fp/hard/crt0.o
LOAD ./Core/Src/MT25Q.o
LOAD ./Core/Src/adc.o
LOAD ./Core/Src/dma.o
LOAD ./Core/Src/gpio.o
LOAD ./Core/Src/lfs.o
LOAD ./Core/Src/lfs_port.o
LOAD ./Core/Src/lfs_util.o
LOAD ./Core/Src/main.o
LOAD ./Core/Src/nor.o
LOAD ./Core/Src/nor_ids.o
LOAD ./Core/Src/spi.o
LOAD ./Core/Src/stm32f4xx_hal_msp.o
LOAD ./Core/Src/stm32f4xx_it.o
LOAD ./Core/Src/syscalls.o
LOAD ./Core/Src/sysmem.o
LOAD ./Core/Src/system_stm32f4xx.o
LOAD ./Core/Src/tim.o
LOAD ./Core/Src/usart.o
LOAD ./Core/Startup/startup_stm32f427aihx.o
LOAD ./Drivers/STM32F4xx_HAL_Driver/stm32f4xx_hal.o
LOAD ./Drivers/STM32F4xx_HAL_Driver/stm32f4xx_hal_adc.o
LOAD ./Drivers/STM32F4xx_HAL_Driver/stm32f4xx_hal_adc_ex.o
LOAD ./Drivers/STM32F4xx_HAL_Driver/stm32f4xx_hal_cortex.o
LOAD ./Drivers/STM32F4xx_HAL_Driver/stm32f4xx_hal_dma.o
LOAD ./Drivers/STM32F4xx_HAL_Driver/stm32f4xx_hal_dma_ex.o
LOAD ./Drivers/STM32F4xx_HAL_Driver/stm32f4xx_hal_exti.o
LOAD ./Drivers/STM32F4xx_HAL_Driver/stm32f4xx_hal_flash.o
LOAD ./Drivers/STM32F4xx_HAL_Driver/stm32f4xx_hal_flash_ex.o
LOAD ./Drivers/STM32F4xx_HAL_Driver/stm32f4xx_hal_flash_ramfunc.o
LOAD ./Drivers/STM32F4xx_HAL_Driver/stm32f4xx_hal_gpio.o
LOAD ./Drivers/STM32F4xx_HAL_Driver/stm32f4xx_hal_pcd.o
LOAD ./Drivers/STM32F4xx_HAL_Driver/stm32f4xx_hal_pcd_ex.o
LOAD ./Drivers/STM32F4xx_HAL_Driver/stm32f4xx_hal_pwr.o
LOAD ./Drivers/STM32F4xx_HAL_Driver/stm32f4xx_hal_pwr_ex.o
LOAD ./Drivers/STM32F4xx_HAL_Driver/stm32f4xx_hal_rcc.o
LOAD ./Drivers/STM32F4xx_HAL_Driver/stm32f4xx_hal_rcc_ex.o
LOAD ./Drivers/STM32F4xx_HAL_Driver/stm32f4xx_hal_spi.o
LOAD ./Drivers/STM32F4xx_HAL_Driver/stm32f4xx_hal_tim.o
LOAD ./Drivers/STM32F4xx_HAL_Driver/stm32f4xx_hal_tim_ex.o
LOAD ./Drivers/STM32F4xx_HAL_Driver/stm32f4xx_hal_uart.o
LOAD ./Drivers/STM32F4xx_HAL_Driver/stm32f4xx_ll_adc.o
LOAD ./Drivers/STM32F4xx_HAL_Driver/stm32f4xx_ll_usb.o
LOAD ./Middlewares/USB_Device_Library/usbd_cdc.o
LOAD ./Middlewares/USB_Device_Library/usbd_core.o
LOAD ./Middlewares/USB_Device_Library/usbd_ctlreq.o
LOAD ./Middlewares/USB_Device_Library/usbd_ioreq.o
LOAD ./USB_DEVICE/App/usb_device.o
LOAD ./USB_DEVICE/App/usbd_cdc_if.o
LOAD ./USB_DEVICE/App/usbd_desc.o
LOAD ./USB_DEVICE/Target/usbd_conf.o
START GROUP
LOAD d:/stm32cubeide_1.7.0/stm32cubeide/plugins/com.st.stm32cube.ide.mcu.externaltools.gnu-tools-for-stm32.9-2020-q2-update.win32_2.0.0.202105311346/tools/bin/../lib/gcc/arm-none-eabi/9.3.1/../../../../arm-none-eabi/lib/thumb/v7e-m+fp/hard\libc_nano.a
LOAD d:/stm32cubeide_1.7.0/stm32cubeide/plugins/com.st.stm32cube.ide.mcu.externaltools.gnu-tools-for-stm32.9-2020-q2-update.win32_2.0.0.202105311346/tools/bin/../lib/gcc/arm-none-eabi/9.3.1/../../../../arm-none-eabi/lib/thumb/v7e-m+fp/hard\libm.a
END GROUP
START GROUP
LOAD d:/stm32cubeide_1.7.0/stm32cubeide/plugins/com.st.stm32cube.ide.mcu.externaltools.gnu-tools-for-stm32.9-2020-q2-update.win32_2.0.0.202105311346/tools/bin/../lib/gcc/arm-none-eabi/9.3.1/thumb/v7e-m+fp/hard\libgcc.a
LOAD d:/stm32cubeide_1.7.0/stm32cubeide/plugins/com.st.stm32cube.ide.mcu.externaltools.gnu-tools-for-stm32.9-2020-q2-update.win32_2.0.0.202105311346/tools/bin/../lib/gcc/arm-none-eabi/9.3.1/../../../../arm-none-eabi/lib/thumb/v7e-m+fp/hard\libc_nano.a
END GROUP
START GROUP
LOAD d:/stm32cubeide_1.7.0/stm32cubeide/plugins/com.st.stm32cube.ide.mcu.externaltools.gnu-tools-for-stm32.9-2020-q2-update.win32_2.0.0.202105311346/tools/bin/../lib/gcc/arm-none-eabi/9.3.1/thumb/v7e-m+fp/hard\libgcc.a
LOAD d:/stm32cubeide_1.7.0/stm32cubeide/plugins/com.st.stm32cube.ide.mcu.externaltools.gnu-tools-for-stm32.9-2020-q2-update.win32_2.0.0.202105311346/tools/bin/../lib/gcc/arm-none-eabi/9.3.1/../../../../arm-none-eabi/lib/thumb/v7e-m+fp/hard\libc_nano.a
LOAD d:/stm32cubeide_1.7.0/stm32cubeide/plugins/com.st.stm32cube.ide.mcu.externaltools.gnu-tools-for-stm32.9-2020-q2-update.win32_2.0.0.202105311346/tools/bin/../lib/gcc/arm-none-eabi/9.3.1/../../../../arm-none-eabi/lib/thumb/v7e-m+fp/hard\libnosys.a
END GROUP
START GROUP
LOAD d:/stm32cubeide_1.7.0/stm32cubeide/plugins/com.st.stm32cube.ide.mcu.externaltools.gnu-tools-for-stm32.9-2020-q2-update.win32_2.0.0.202105311346/tools/bin/../lib/gcc/arm-none-eabi/9.3.1/thumb/v7e-m+fp/hard\libgcc.a
LOAD d:/stm32cubeide_1.7.0/stm32cubeide/plugins/com.st.stm32cube.ide.mcu.externaltools.gnu-tools-for-stm32.9-2020-q2-update.win32_2.0.0.202105311346/tools/bin/../lib/gcc/arm-none-eabi/9.3.1/../../../../arm-none-eabi/lib/thumb/v7e-m+fp/hard\libc_nano.a
LOAD d:/stm32cubeide_1.7.0/stm32cubeide/plugins/com.st.stm32cube.ide.mcu.externaltools.gnu-tools-for-stm32.9-2020-q2-update.win32_2.0.0.202105311346/tools/bin/../lib/gcc/arm-none-eabi/9.3.1/../../../../arm-none-eabi/lib/thumb/v7e-m+fp/hard\libnosys.a
END GROUP
LOAD d:/stm32cubeide_1.7.0/stm32cubeide/plugins/com.st.stm32cube.ide.mcu.externaltools.gnu-tools-for-stm32.9-2020-q2-update.win32_2.0.0.202105311346/tools/bin/../lib/gcc/arm-none-eabi/9.3.1/thumb/v7e-m+fp/hard/crtend.o
LOAD d:/stm32cubeide_1.7.0/stm32cubeide/plugins/com.st.stm32cube.ide.mcu.externaltools.gnu-tools-for-stm32.9-2020-q2-update.win32_2.0.0.202105311346/tools/bin/../lib/gcc/arm-none-eabi/9.3.1/thumb/v7e-m+fp/hard/crtn.o
                0x0000000020030000                _estack = (ORIGIN (RAM) + LENGTH (RAM))
                0x0000000000000200                _Min_Heap_Size = 0x200
                0x0000000000000400                _Min_Stack_Size = 0x400

.isr_vector     0x0000000008000000      0x1ac
                0x0000000008000000                . = ALIGN (0x4)
 *(.isr_vector)
 .isr_vector    0x0000000008000000      0x1ac ./Core/Startup/startup_stm32f427aihx.o
                0x0000000008000000                g_pfnVectors
                0x00000000080001ac                . = ALIGN (0x4)

.text           0x00000000080001b0    0x124d0
                0x00000000080001b0                . = ALIGN (0x4)
 *(.text)
 .text          0x00000000080001b0       0x40 d:/stm32cubeide_1.7.0/stm32cubeide/plugins/com.st.stm32cube.ide.mcu.externaltools.gnu-tools-for-stm32.9-2020-q2-update.win32_2.0.0.202105311346/tools/bin/../lib/gcc/arm-none-eabi/9.3.1/thumb/v7e-m+fp/hard/crtbegin.o
 .text          0x00000000080001f0       0x14 d:/stm32cubeide_1.7.0/stm32cubeide/plugins/com.st.stm32cube.ide.mcu.externaltools.gnu-tools-for-stm32.9-2020-q2-update.win32_2.0.0.202105311346/tools/bin/../lib/gcc/arm-none-eabi/9.3.1/../../../../arm-none-eabi/lib/thumb/v7e-m+fp/hard\libc_nano.a(lib_a-strcmp.o)
                0x00000000080001f0                strcmp
 .text          0x0000000008000204       0x10 d:/stm32cubeide_1.7.0/stm32cubeide/plugins/com.st.stm32cube.ide.mcu.externaltools.gnu-tools-for-stm32.9-2020-q2-update.win32_2.0.0.202105311346/tools/bin/../lib/gcc/arm-none-eabi/9.3.1/../../../../arm-none-eabi/lib/thumb/v7e-m+fp/hard\libc_nano.a(lib_a-strlen.o)
                0x0000000008000204                strlen
 *fill*         0x0000000008000214        0xc 
 .text          0x0000000008000220       0xa0 d:/stm32cubeide_1.7.0/stm32cubeide/plugins/com.st.stm32cube.ide.mcu.externaltools.gnu-tools-for-stm32.9-2020-q2-update.win32_2.0.0.202105311346/tools/bin/../lib/gcc/arm-none-eabi/9.3.1/../../../../arm-none-eabi/lib/thumb/v7e-m+fp/hard\libc_nano.a(lib_a-memchr.o)
                0x0000000008000220                memchr
 .text          0x00000000080002c0       0x30 d:/stm32cubeide_1.7.0/stm32cubeide/plugins/com.st.stm32cube.ide.mcu.externaltools.gnu-tools-for-stm32.9-2020-q2-update.win32_2.0.0.202105311346/tools/bin/../lib/gcc/arm-none-eabi/9.3.1/thumb/v7e-m+fp/hard\libgcc.a(_aeabi_uldivmod.o)
                0x00000000080002c0                __aeabi_uldivmod
 .text          0x00000000080002f0       0x28 d:/stm32cubeide_1.7.0/stm32cubeide/plugins/com.st.stm32cube.ide.mcu.externaltools.gnu-tools-for-stm32.9-2020-q2-update.win32_2.0.0.202105311346/tools/bin/../lib/gcc/arm-none-eabi/9.3.1/thumb/v7e-m+fp/hard\libgcc.a(_popcountsi2.o)
                0x00000000080002f0                __popcountsi2
 .text          0x0000000008000318      0x2c4 d:/stm32cubeide_1.7.0/stm32cubeide/plugins/com.st.stm32cube.ide.mcu.externaltools.gnu-tools-for-stm32.9-2020-q2-update.win32_2.0.0.202105311346/tools/bin/../lib/gcc/arm-none-eabi/9.3.1/thumb/v7e-m+fp/hard\libgcc.a(_udivmoddi4.o)
                0x0000000008000318                __udivmoddi4
 .text          0x00000000080005dc        0x4 d:/stm32cubeide_1.7.0/stm32cubeide/plugins/com.st.stm32cube.ide.mcu.externaltools.gnu-tools-for-stm32.9-2020-q2-update.win32_2.0.0.202105311346/tools/bin/../lib/gcc/arm-none-eabi/9.3.1/thumb/v7e-m+fp/hard\libgcc.a(_dvmd_tls.o)
                0x00000000080005dc                __aeabi_idiv0
                0x00000000080005dc                __aeabi_ldiv0
 *(.text*)
 .text.MX_ADC1_Init
                0x00000000080005e0       0xa4 ./Core/Src/adc.o
                0x00000000080005e0                MX_ADC1_Init
 .text.MX_ADC3_Init
                0x0000000008000684       0xa4 ./Core/Src/adc.o
                0x0000000008000684                MX_ADC3_Init
 .text.HAL_ADC_MspInit
                0x0000000008000728      0x15c ./Core/Src/adc.o
                0x0000000008000728                HAL_ADC_MspInit
 .text.MX_DMA_Init
                0x0000000008000884       0x50 ./Core/Src/dma.o
                0x0000000008000884                MX_DMA_Init
 .text.MX_GPIO_Init
                0x00000000080008d4      0x1f8 ./Core/Src/gpio.o
                0x00000000080008d4                MX_GPIO_Init
 .text.lfs_max  0x0000000008000acc       0x20 ./Core/Src/lfs.o
 .text.lfs_min  0x0000000008000aec       0x20 ./Core/Src/lfs.o
 .text.lfs_aligndown
                0x0000000008000b0c       0x2a ./Core/Src/lfs.o
 .text.lfs_alignup
                0x0000000008000b36       0x24 ./Core/Src/lfs.o
 .text.lfs_npw2
                0x0000000008000b5a       0x20 ./Core/Src/lfs.o
 .text.lfs_ctz  0x0000000008000b7a       0x1e ./Core/Src/lfs.o
 .text.lfs_popc
                0x0000000008000b98       0x18 ./Core/Src/lfs.o
 .text.lfs_scmp
                0x0000000008000bb0       0x1c ./Core/Src/lfs.o
 .text.lfs_fromle32
                0x0000000008000bcc       0x16 ./Core/Src/lfs.o
 .text.lfs_tole32
                0x0000000008000be2       0x18 ./Core/Src/lfs.o
 .text.lfs_frombe32
                0x0000000008000bfa       0x18 ./Core/Src/lfs.o
 .text.lfs_tobe32
                0x0000000008000c12       0x18 ./Core/Src/lfs.o
 .text.lfs_malloc
                0x0000000008000c2a       0x18 ./Core/Src/lfs.o
 .text.lfs_free
                0x0000000008000c42       0x16 ./Core/Src/lfs.o
 .text.lfs_cache_drop
                0x0000000008000c58       0x1e ./Core/Src/lfs.o
 .text.lfs_cache_zero
                0x0000000008000c76       0x2c ./Core/Src/lfs.o
 *fill*         0x0000000008000ca2        0x2 
 .text.lfs_bd_read
                0x0000000008000ca4      0x298 ./Core/Src/lfs.o
 .text.lfs_bd_cmp
                0x0000000008000f3c       0xa2 ./Core/Src/lfs.o
 .text.lfs_bd_crc
                0x0000000008000fde       0x8c ./Core/Src/lfs.o
 *fill*         0x000000000800106a        0x2 
 .text.lfs_bd_flush
                0x000000000800106c       0xf4 ./Core/Src/lfs.o
 .text.lfs_bd_sync
                0x0000000008001160       0x68 ./Core/Src/lfs.o
 .text.lfs_bd_prog
                0x00000000080011c8      0x158 ./Core/Src/lfs.o
 .text.lfs_bd_erase
                0x0000000008001320       0x64 ./Core/Src/lfs.o
 .text.lfs_pair_swap
                0x0000000008001384       0x2a ./Core/Src/lfs.o
 .text.lfs_pair_isnull
                0x00000000080013ae       0x36 ./Core/Src/lfs.o
 .text.lfs_pair_cmp
                0x00000000080013e4       0x54 ./Core/Src/lfs.o
 .text.lfs_pair_issync
                0x0000000008001438       0x5a ./Core/Src/lfs.o
 .text.lfs_pair_fromle32
                0x0000000008001492       0x34 ./Core/Src/lfs.o
 .text.lfs_pair_tole32
                0x00000000080014c6       0x34 ./Core/Src/lfs.o
 .text.lfs_tag_isvalid
                0x00000000080014fa       0x1c ./Core/Src/lfs.o
 .text.lfs_tag_isdelete
                0x0000000008001516       0x26 ./Core/Src/lfs.o
 .text.lfs_tag_type1
                0x000000000800153c       0x20 ./Core/Src/lfs.o
 .text.lfs_tag_type2
                0x000000000800155c       0x20 ./Core/Src/lfs.o
 .text.lfs_tag_type3
                0x000000000800157c       0x20 ./Core/Src/lfs.o
 .text.lfs_tag_chunk
                0x000000000800159c       0x1a ./Core/Src/lfs.o
 .text.lfs_tag_splice
                0x00000000080015b6       0x1a ./Core/Src/lfs.o
 .text.lfs_tag_id
                0x00000000080015d0       0x20 ./Core/Src/lfs.o
 .text.lfs_tag_size
                0x00000000080015f0       0x1a ./Core/Src/lfs.o
 .text.lfs_tag_dsize
                0x000000000800160a       0x28 ./Core/Src/lfs.o
 .text.lfs_gstate_xor
                0x0000000008001632       0x4a ./Core/Src/lfs.o
 .text.lfs_gstate_iszero
                0x000000000800167c       0x3a ./Core/Src/lfs.o
 .text.lfs_gstate_hasorphans
                0x00000000080016b6       0x26 ./Core/Src/lfs.o
 .text.lfs_gstate_getorphans
                0x00000000080016dc       0x1e ./Core/Src/lfs.o
 .text.lfs_gstate_hasmovehere
                0x00000000080016fa       0x40 ./Core/Src/lfs.o
 .text.lfs_gstate_fromle32
                0x000000000800173a       0x40 ./Core/Src/lfs.o
 .text.lfs_gstate_tole32
                0x000000000800177a       0x40 ./Core/Src/lfs.o
 .text.lfs_fcrc_fromle32
                0x00000000080017ba       0x30 ./Core/Src/lfs.o
 .text.lfs_fcrc_tole32
                0x00000000080017ea       0x30 ./Core/Src/lfs.o
 .text.lfs_ctz_fromle32
                0x000000000800181a       0x30 ./Core/Src/lfs.o
 .text.lfs_superblock_fromle32
                0x000000000800184a       0x70 ./Core/Src/lfs.o
 .text.lfs_superblock_tole32
                0x00000000080018ba       0x70 ./Core/Src/lfs.o
 .text.lfs_mlist_isopen
                0x000000000800192a       0x3a ./Core/Src/lfs.o
 .text.lfs_mlist_remove
                0x0000000008001964       0x44 ./Core/Src/lfs.o
 .text.lfs_mlist_append
                0x00000000080019a8       0x24 ./Core/Src/lfs.o
 .text.lfs_fs_disk_version
                0x00000000080019cc       0x1c ./Core/Src/lfs.o
 .text.lfs_fs_disk_version_major
                0x00000000080019e8       0x1c ./Core/Src/lfs.o
 .text.lfs_fs_disk_version_minor
                0x0000000008001a04       0x1a ./Core/Src/lfs.o
 .text.lfs_alloc_lookahead
                0x0000000008001a1e       0x6a ./Core/Src/lfs.o
 .text.lfs_alloc_ack
                0x0000000008001a88       0x1c ./Core/Src/lfs.o
 .text.lfs_alloc_drop
                0x0000000008001aa4       0x22 ./Core/Src/lfs.o
 *fill*         0x0000000008001ac6        0x2 
 .text.lfs_fs_rawgc
                0x0000000008001ac8       0x84 ./Core/Src/lfs.o
 .text.lfs_alloc
                0x0000000008001b4c      0x104 ./Core/Src/lfs.o
 .text.lfs_dir_getslice
                0x0000000008001c50      0x1cc ./Core/Src/lfs.o
 .text.lfs_dir_get
                0x0000000008001e1c       0x36 ./Core/Src/lfs.o
 .text.lfs_dir_getread
                0x0000000008001e52      0x1b6 ./Core/Src/lfs.o
 .text.lfs_dir_traverse_filter
                0x0000000008002008       0xb8 ./Core/Src/lfs.o
 .text.lfs_dir_traverse
                0x00000000080020c0      0x820 ./Core/Src/lfs.o
 .text.lfs_dir_fetchmatch
                0x00000000080028e0      0x790 ./Core/Src/lfs.o
 .text.lfs_dir_fetch
                0x0000000008003070       0x36 ./Core/Src/lfs.o
 *fill*         0x00000000080030a6        0x2 
 .text.lfs_dir_getgstate
                0x00000000080030a8       0x64 ./Core/Src/lfs.o
 .text.lfs_dir_getinfo
                0x000000000800310c       0xf4 ./Core/Src/lfs.o
 .text.lfs_dir_find_match
                0x0000000008003200       0x92 ./Core/Src/lfs.o
 *fill*         0x0000000008003292        0x2 
 .text.lfs_dir_find
                0x0000000008003294      0x1f4 ./Core/Src/lfs.o
 .text.lfs_dir_commitprog
                0x0000000008003488       0x6c ./Core/Src/lfs.o
 .text.lfs_dir_commitattr
                0x00000000080034f4      0x100 ./Core/Src/lfs.o
 .text.lfs_dir_commitcrc
                0x00000000080035f4      0x2e0 ./Core/Src/lfs.o
 .text.lfs_dir_alloc
                0x00000000080038d4       0xf2 ./Core/Src/lfs.o
 .text.lfs_dir_split
                0x00000000080039c6       0xa8 ./Core/Src/lfs.o
 .text.lfs_dir_commit_size
                0x0000000008003a6e       0x2c ./Core/Src/lfs.o
 .text.lfs_dir_commit_commit
                0x0000000008003a9a       0x2a ./Core/Src/lfs.o
 .text.lfs_dir_needsrelocation
                0x0000000008003ac4       0x4c ./Core/Src/lfs.o
 .text.lfs_dir_compact
                0x0000000008003b10      0x3ec ./Core/Src/lfs.o
 .text.lfs_dir_splittingcompact
                0x0000000008003efc      0x22c ./Core/Src/lfs.o
 .text.lfs_dir_relocatingcommit
                0x0000000008004128      0x568 ./Core/Src/lfs.o
 .text.lfs_dir_orphaningcommit
                0x0000000008004690      0x5f4 ./Core/Src/lfs.o
 .text.lfs_dir_commit
                0x0000000008004c84       0x4a ./Core/Src/lfs.o
 *fill*         0x0000000008004cce        0x2 
 .text.lfs_dir_rawopen
                0x0000000008004cd0       0xf4 ./Core/Src/lfs.o
 .text.lfs_dir_rawclose
                0x0000000008004dc4       0x1c ./Core/Src/lfs.o
 .text.lfs_dir_rawread
                0x0000000008004de0      0x108 ./Core/Src/lfs.o
 .text.lfs_ctz_index
                0x0000000008004ee8       0x70 ./Core/Src/lfs.o
 .text.lfs_ctz_find
                0x0000000008004f58       0xd6 ./Core/Src/lfs.o
 *fill*         0x000000000800502e        0x2 
 .text.lfs_ctz_extend
                0x0000000008005030      0x210 ./Core/Src/lfs.o
 .text.lfs_ctz_traverse
                0x0000000008005240       0xfc ./Core/Src/lfs.o
 .text.lfs_file_relocate
                0x000000000800533c      0x1b4 ./Core/Src/lfs.o
 .text.lfs_file_outline
                0x00000000080054f0       0x42 ./Core/Src/lfs.o
 *fill*         0x0000000008005532        0x2 
 .text.lfs_file_flush
                0x0000000008005534      0x1a8 ./Core/Src/lfs.o
 .text.lfs_file_flushedread
                0x00000000080056dc      0x1a4 ./Core/Src/lfs.o
 .text.lfs_file_flushedwrite
                0x0000000008005880      0x252 ./Core/Src/lfs.o
 *fill*         0x0000000008005ad2        0x2 
 .text.lfs_init
                0x0000000008005ad4      0x398 ./Core/Src/lfs.o
 .text.lfs_deinit
                0x0000000008005e6c       0x4e ./Core/Src/lfs.o
 *fill*         0x0000000008005eba        0x2 
 .text.lfs_rawformat
                0x0000000008005ebc      0x164 ./Core/Src/lfs.o
 .text.lfs_rawmount
                0x0000000008006020      0x41c ./Core/Src/lfs.o
 .text.lfs_rawunmount
                0x000000000800643c       0x18 ./Core/Src/lfs.o
 .text.lfs_fs_rawtraverse
                0x0000000008006454      0x2a4 ./Core/Src/lfs.o
 .text.lfs_fs_pred
                0x00000000080066f8       0xe0 ./Core/Src/lfs.o
 .text.lfs_fs_parent_match
                0x00000000080067d8       0x84 ./Core/Src/lfs.o
 .text.lfs_fs_parent
                0x000000000800685c      0x104 ./Core/Src/lfs.o
 .text.lfs_fs_prepsuperblock
                0x0000000008006960       0x2a ./Core/Src/lfs.o
 *fill*         0x000000000800698a        0x2 
 .text.lfs_fs_preporphans
                0x000000000800698c       0xa0 ./Core/Src/lfs.o
 .text.lfs_fs_prepmove
                0x0000000008006a2c       0x74 ./Core/Src/lfs.o
 .text.lfs_fs_deorphan
                0x0000000008006aa0      0x360 ./Core/Src/lfs.o
 .text.lfs_fs_size_count
                0x0000000008006e00       0x26 ./Core/Src/lfs.o
 *fill*         0x0000000008006e26        0x2 
 .text.lfs_fs_rawsize
                0x0000000008006e28       0x34 ./Core/Src/lfs.o
 .text.lfs_format
                0x0000000008006e5c       0x2c ./Core/Src/lfs.o
                0x0000000008006e5c                lfs_format
 .text.lfs_mount
                0x0000000008006e88       0x2c ./Core/Src/lfs.o
                0x0000000008006e88                lfs_mount
 .text.lfs_dir_open
                0x0000000008006eb4       0x64 ./Core/Src/lfs.o
                0x0000000008006eb4                lfs_dir_open
 .text.lfs_dir_close
                0x0000000008006f18       0x2c ./Core/Src/lfs.o
                0x0000000008006f18                lfs_dir_close
 .text.lfs_dir_read
                0x0000000008006f44       0x30 ./Core/Src/lfs.o
                0x0000000008006f44                lfs_dir_read
 .text.lfs_crc  0x0000000008006f74       0x7c ./Core/Src/lfs_util.o
                0x0000000008006f74                lfs_crc
 .text.nor_delay_us
                0x0000000008006ff0       0x18 ./Core/Src/main.o
                0x0000000008006ff0                nor_delay_us
 .text.nor_cs_assert
                0x0000000008007008       0x18 ./Core/Src/main.o
                0x0000000008007008                nor_cs_assert
 .text.nor_cs_deassert
                0x0000000008007020       0x18 ./Core/Src/main.o
                0x0000000008007020                nor_cs_deassert
 .text.nor_spi_tx
                0x0000000008007038       0x30 ./Core/Src/main.o
                0x0000000008007038                nor_spi_tx
 .text.nor_spi_rx
                0x0000000008007068       0x30 ./Core/Src/main.o
                0x0000000008007068                nor_spi_rx
 .text.__init_nor
                0x0000000008007098       0x50 ./Core/Src/main.o
                0x0000000008007098                __init_nor
 .text._fs_read
                0x00000000080070e8       0x38 ./Core/Src/main.o
                0x00000000080070e8                _fs_read
 .text._fs_write
                0x0000000008007120       0x38 ./Core/Src/main.o
                0x0000000008007120                _fs_write
 .text._fs_erase
                0x0000000008007158       0x2c ./Core/Src/main.o
                0x0000000008007158                _fs_erase
 .text._fs_sync
                0x0000000008007184       0x16 ./Core/Src/main.o
                0x0000000008007184                _fs_sync
 *fill*         0x000000000800719a        0x2 
 .text.list_files
                0x000000000800719c      0x100 ./Core/Src/main.o
                0x000000000800719c                list_files
 .text.__init_littefs
                0x000000000800729c       0xac ./Core/Src/main.o
                0x000000000800729c                __init_littefs
 .text.list_files_with_size
                0x0000000008007348      0x164 ./Core/Src/main.o
                0x0000000008007348                list_files_with_size
 .text.__init_storage
                0x00000000080074ac       0x10 ./Core/Src/main.o
                0x00000000080074ac                __init_storage
 .text.HAL_TIM_PeriodElapsedCallback
                0x00000000080074bc       0xac ./Core/Src/main.o
                0x00000000080074bc                HAL_TIM_PeriodElapsedCallback
 .text.main     0x0000000008007568       0x98 ./Core/Src/main.o
                0x0000000008007568                main
 .text.SystemClock_Config
                0x0000000008007600       0xd4 ./Core/Src/main.o
                0x0000000008007600                SystemClock_Config
 .text.Error_Handler
                0x00000000080076d4        0xa ./Core/Src/main.o
                0x00000000080076d4                Error_Handler
 .text._nor_cs_assert
                0x00000000080076de       0x16 ./Core/Src/nor.o
 .text._nor_cs_deassert
                0x00000000080076f4       0x16 ./Core/Src/nor.o
 .text._nor_spi_tx
                0x000000000800770a       0x1e ./Core/Src/nor.o
 .text._nor_spi_rx
                0x0000000008007728       0x1e ./Core/Src/nor.o
 .text._nor_delay_us
                0x0000000008007746       0x1a ./Core/Src/nor.o
 .text._nor_ReadID
                0x0000000008007760       0x42 ./Core/Src/nor.o
 .text._nor_ReadUniqID
                0x00000000080077a2       0x62 ./Core/Src/nor.o
 .text._nor_WriteEnable
                0x0000000008007804       0x2e ./Core/Src/nor.o
 .text._nor_ReadStatusRegister
                0x0000000008007832       0x84 ./Core/Src/nor.o
                0x0000000008007832                _nor_ReadStatusRegister
 .text._nor_WaitForWriteEnd
                0x00000000080078b6       0x78 ./Core/Src/nor.o
                0x00000000080078b6                _nor_WaitForWriteEnd
 .text.NOR_Init
                0x000000000800792e      0x17c ./Core/Src/nor.o
                0x000000000800792e                NOR_Init
 *fill*         0x0000000008007aaa        0x2 
 .text.NOR_EraseAddress
                0x0000000008007aac       0xb4 ./Core/Src/nor.o
                0x0000000008007aac                NOR_EraseAddress
 .text.NOR_EraseSector
                0x0000000008007b60       0x48 ./Core/Src/nor.o
                0x0000000008007b60                NOR_EraseSector
 .text.NOR_WriteBytes
                0x0000000008007ba8       0xe0 ./Core/Src/nor.o
                0x0000000008007ba8                NOR_WriteBytes
 .text.NOR_WriteSector
                0x0000000008007c88       0x70 ./Core/Src/nor.o
                0x0000000008007c88                NOR_WriteSector
 .text.NOR_ReadBytes
                0x0000000008007cf8       0xdc ./Core/Src/nor.o
                0x0000000008007cf8                NOR_ReadBytes
 .text.NOR_ReadSector
                0x0000000008007dd4       0x70 ./Core/Src/nor.o
                0x0000000008007dd4                NOR_ReadSector
 .text.NOR_IDS_Interpret_Manufacturer
                0x0000000008007e44       0x18 ./Core/Src/nor_ids.o
                0x0000000008007e44                NOR_IDS_Interpret_Manufacturer
 .text.NOR_IDS_Interpret_Model
                0x0000000008007e5c       0x48 ./Core/Src/nor_ids.o
                0x0000000008007e5c                NOR_IDS_Interpret_Model
 .text.NOR_IDS_GetQtdBlocks
                0x0000000008007ea4       0xa2 ./Core/Src/nor_ids.o
                0x0000000008007ea4                NOR_IDS_GetQtdBlocks
 *fill*         0x0000000008007f46        0x2 
 .text.MX_SPI3_Init
                0x0000000008007f48       0x6c ./Core/Src/spi.o
                0x0000000008007f48                MX_SPI3_Init
 .text.MX_SPI4_Init
                0x0000000008007fb4       0x6c ./Core/Src/spi.o
                0x0000000008007fb4                MX_SPI4_Init
 .text.HAL_SPI_MspInit
                0x0000000008008020      0x13c ./Core/Src/spi.o
                0x0000000008008020                HAL_SPI_MspInit
 .text.HAL_MspInit
                0x000000000800815c       0x50 ./Core/Src/stm32f4xx_hal_msp.o
                0x000000000800815c                HAL_MspInit
 .text.NMI_Handler
                0x00000000080081ac        0x6 ./Core/Src/stm32f4xx_it.o
                0x00000000080081ac                NMI_Handler
 .text.HardFault_Handler
                0x00000000080081b2        0x6 ./Core/Src/stm32f4xx_it.o
                0x00000000080081b2                HardFault_Handler
 .text.MemManage_Handler
                0x00000000080081b8        0x6 ./Core/Src/stm32f4xx_it.o
                0x00000000080081b8                MemManage_Handler
 .text.BusFault_Handler
                0x00000000080081be        0x6 ./Core/Src/stm32f4xx_it.o
                0x00000000080081be                BusFault_Handler
 .text.UsageFault_Handler
                0x00000000080081c4        0x6 ./Core/Src/stm32f4xx_it.o
                0x00000000080081c4                UsageFault_Handler
 .text.SVC_Handler
                0x00000000080081ca        0xe ./Core/Src/stm32f4xx_it.o
                0x00000000080081ca                SVC_Handler
 .text.DebugMon_Handler
                0x00000000080081d8        0xe ./Core/Src/stm32f4xx_it.o
                0x00000000080081d8                DebugMon_Handler
 .text.PendSV_Handler
                0x00000000080081e6        0xe ./Core/Src/stm32f4xx_it.o
                0x00000000080081e6                PendSV_Handler
 .text.SysTick_Handler
                0x00000000080081f4        0xc ./Core/Src/stm32f4xx_it.o
                0x00000000080081f4                SysTick_Handler
 .text.DMA1_Stream1_IRQHandler
                0x0000000008008200       0x14 ./Core/Src/stm32f4xx_it.o
                0x0000000008008200                DMA1_Stream1_IRQHandler
 .text.DMA1_Stream2_IRQHandler
                0x0000000008008214       0x14 ./Core/Src/stm32f4xx_it.o
                0x0000000008008214                DMA1_Stream2_IRQHandler
 .text.USART1_IRQHandler
                0x0000000008008228       0x14 ./Core/Src/stm32f4xx_it.o
                0x0000000008008228                USART1_IRQHandler
 .text.TIM6_DAC_IRQHandler
                0x000000000800823c       0x14 ./Core/Src/stm32f4xx_it.o
                0x000000000800823c                TIM6_DAC_IRQHandler
 .text.TIM7_IRQHandler
                0x0000000008008250       0x14 ./Core/Src/stm32f4xx_it.o
                0x0000000008008250                TIM7_IRQHandler
 .text.OTG_FS_IRQHandler
                0x0000000008008264       0x14 ./Core/Src/stm32f4xx_it.o
                0x0000000008008264                OTG_FS_IRQHandler
 .text.UART7_IRQHandler
                0x0000000008008278       0x14 ./Core/Src/stm32f4xx_it.o
                0x0000000008008278                UART7_IRQHandler
 .text._getpid  0x000000000800828c       0x10 ./Core/Src/syscalls.o
                0x000000000800828c                _getpid
 .text._kill    0x000000000800829c       0x20 ./Core/Src/syscalls.o
                0x000000000800829c                _kill
 .text._exit    0x00000000080082bc       0x14 ./Core/Src/syscalls.o
                0x00000000080082bc                _exit
 .text._read    0x00000000080082d0       0x3a ./Core/Src/syscalls.o
                0x00000000080082d0                _read
 .text._write   0x000000000800830a       0x38 ./Core/Src/syscalls.o
                0x000000000800830a                _write
 .text._close   0x0000000008008342       0x18 ./Core/Src/syscalls.o
                0x0000000008008342                _close
 .text._fstat   0x000000000800835a       0x20 ./Core/Src/syscalls.o
                0x000000000800835a                _fstat
 .text._isatty  0x000000000800837a       0x16 ./Core/Src/syscalls.o
                0x000000000800837a                _isatty
 .text._lseek   0x0000000008008390       0x1a ./Core/Src/syscalls.o
                0x0000000008008390                _lseek
 *fill*         0x00000000080083aa        0x2 
 .text._sbrk    0x00000000080083ac       0x6c ./Core/Src/sysmem.o
                0x00000000080083ac                _sbrk
 .text.SystemInit
                0x0000000008008418       0x24 ./Core/Src/system_stm32f4xx.o
                0x0000000008008418                SystemInit
 .text.MX_TIM6_Init
                0x000000000800843c       0x6c ./Core/Src/tim.o
                0x000000000800843c                MX_TIM6_Init
 .text.MX_TIM7_Init
                0x00000000080084a8       0x6c ./Core/Src/tim.o
                0x00000000080084a8                MX_TIM7_Init
 .text.HAL_TIM_Base_MspInit
                0x0000000008008514      0x15c ./Core/Src/tim.o
                0x0000000008008514                HAL_TIM_Base_MspInit
 .text.MX_UART7_Init
                0x0000000008008670       0x54 ./Core/Src/usart.o
                0x0000000008008670                MX_UART7_Init
 .text.MX_USART1_UART_Init
                0x00000000080086c4       0x54 ./Core/Src/usart.o
                0x00000000080086c4                MX_USART1_UART_Init
 .text.HAL_UART_MspInit
                0x0000000008008718      0x11c ./Core/Src/usart.o
                0x0000000008008718                HAL_UART_MspInit
 .text.Reset_Handler
                0x0000000008008834       0x50 ./Core/Startup/startup_stm32f427aihx.o
                0x0000000008008834                Reset_Handler
 .text.Default_Handler
                0x0000000008008884        0x2 ./Core/Startup/startup_stm32f427aihx.o
                0x0000000008008884                RTC_Alarm_IRQHandler
                0x0000000008008884                HASH_RNG_IRQHandler
                0x0000000008008884                EXTI2_IRQHandler
                0x0000000008008884                TIM8_CC_IRQHandler
                0x0000000008008884                UART8_IRQHandler
                0x0000000008008884                SPI4_IRQHandler
                0x0000000008008884                TIM1_CC_IRQHandler
                0x0000000008008884                DMA2_Stream5_IRQHandler
                0x0000000008008884                DMA1_Stream5_IRQHandler
                0x0000000008008884                PVD_IRQHandler
                0x0000000008008884                SDIO_IRQHandler
                0x0000000008008884                TAMP_STAMP_IRQHandler
                0x0000000008008884                CAN2_RX1_IRQHandler
                0x0000000008008884                EXTI3_IRQHandler
                0x0000000008008884                TIM8_TRG_COM_TIM14_IRQHandler
                0x0000000008008884                TIM1_UP_TIM10_IRQHandler
                0x0000000008008884                TIM8_UP_TIM13_IRQHandler
                0x0000000008008884                I2C3_ER_IRQHandler
                0x0000000008008884                EXTI0_IRQHandler
                0x0000000008008884                I2C2_EV_IRQHandler
                0x0000000008008884                CAN1_RX0_IRQHandler
                0x0000000008008884                FPU_IRQHandler
                0x0000000008008884                OTG_HS_WKUP_IRQHandler
                0x0000000008008884                CAN2_SCE_IRQHandler
                0x0000000008008884                DMA2_Stream2_IRQHandler
                0x0000000008008884                SPI1_IRQHandler
                0x0000000008008884                TIM1_BRK_TIM9_IRQHandler
                0x0000000008008884                DCMI_IRQHandler
                0x0000000008008884                CAN2_RX0_IRQHandler
                0x0000000008008884                DMA2_Stream3_IRQHandler
                0x0000000008008884                USART6_IRQHandler
                0x0000000008008884                USART3_IRQHandler
                0x0000000008008884                CAN1_RX1_IRQHandler
                0x0000000008008884                UART5_IRQHandler
                0x0000000008008884                DMA2_Stream0_IRQHandler
                0x0000000008008884                TIM4_IRQHandler
                0x0000000008008884                I2C1_EV_IRQHandler
                0x0000000008008884                DMA1_Stream6_IRQHandler
                0x0000000008008884                UART4_IRQHandler
                0x0000000008008884                TIM3_IRQHandler
                0x0000000008008884                RCC_IRQHandler
                0x0000000008008884                TIM8_BRK_TIM12_IRQHandler
                0x0000000008008884                Default_Handler
                0x0000000008008884                EXTI15_10_IRQHandler
                0x0000000008008884                ADC_IRQHandler
                0x0000000008008884                DMA1_Stream7_IRQHandler
                0x0000000008008884                SPI5_IRQHandler
                0x0000000008008884                CAN2_TX_IRQHandler
                0x0000000008008884                TIM5_IRQHandler
                0x0000000008008884                DMA2_Stream7_IRQHandler
                0x0000000008008884                I2C3_EV_IRQHandler
                0x0000000008008884                EXTI9_5_IRQHandler
                0x0000000008008884                RTC_WKUP_IRQHandler
                0x0000000008008884                ETH_WKUP_IRQHandler
                0x0000000008008884                SPI2_IRQHandler
                0x0000000008008884                OTG_HS_EP1_IN_IRQHandler
                0x0000000008008884                DMA1_Stream0_IRQHandler
                0x0000000008008884                CAN1_TX_IRQHandler
                0x0000000008008884                EXTI4_IRQHandler
                0x0000000008008884                ETH_IRQHandler
                0x0000000008008884                OTG_HS_EP1_OUT_IRQHandler
                0x0000000008008884                WWDG_IRQHandler
                0x0000000008008884                SPI6_IRQHandler
                0x0000000008008884                TIM2_IRQHandler
                0x0000000008008884                OTG_FS_WKUP_IRQHandler
                0x0000000008008884                TIM1_TRG_COM_TIM11_IRQHandler
                0x0000000008008884                OTG_HS_IRQHandler
                0x0000000008008884                DMA2D_IRQHandler
                0x0000000008008884                EXTI1_IRQHandler
                0x0000000008008884                USART2_IRQHandler
                0x0000000008008884                I2C2_ER_IRQHandler
                0x0000000008008884                DMA2_Stream1_IRQHandler
                0x0000000008008884                CAN1_SCE_IRQHandler
                0x0000000008008884                FLASH_IRQHandler
                0x0000000008008884                DMA2_Stream4_IRQHandler
                0x0000000008008884                SPI3_IRQHandler
                0x0000000008008884                DMA1_Stream4_IRQHandler
                0x0000000008008884                I2C1_ER_IRQHandler
                0x0000000008008884                FMC_IRQHandler
                0x0000000008008884                DMA2_Stream6_IRQHandler
                0x0000000008008884                SAI1_IRQHandler
                0x0000000008008884                DMA1_Stream3_IRQHandler
 *fill*         0x0000000008008886        0x2 
 .text.HAL_Init
                0x0000000008008888       0x44 ./Drivers/STM32F4xx_HAL_Driver/stm32f4xx_hal.o
                0x0000000008008888                HAL_Init
 .text.HAL_InitTick
                0x00000000080088cc       0x60 ./Drivers/STM32F4xx_HAL_Driver/stm32f4xx_hal.o
                0x00000000080088cc                HAL_InitTick
 .text.HAL_IncTick
                0x000000000800892c       0x28 ./Drivers/STM32F4xx_HAL_Driver/stm32f4xx_hal.o
                0x000000000800892c                HAL_IncTick
 .text.HAL_GetTick
                0x0000000008008954       0x18 ./Drivers/STM32F4xx_HAL_Driver/stm32f4xx_hal.o
                0x0000000008008954                HAL_GetTick
 .text.HAL_Delay
                0x000000000800896c       0x48 ./Drivers/STM32F4xx_HAL_Driver/stm32f4xx_hal.o
                0x000000000800896c                HAL_Delay
 .text.HAL_ADC_Init
                0x00000000080089b4       0x86 ./Drivers/STM32F4xx_HAL_Driver/stm32f4xx_hal_adc.o
                0x00000000080089b4                HAL_ADC_Init
 *fill*         0x0000000008008a3a        0x2 
 .text.HAL_ADC_ConfigChannel
                0x0000000008008a3c      0x264 ./Drivers/STM32F4xx_HAL_Driver/stm32f4xx_hal_adc.o
                0x0000000008008a3c                HAL_ADC_ConfigChannel
 .text.ADC_Init
                0x0000000008008ca0      0x1f8 ./Drivers/STM32F4xx_HAL_Driver/stm32f4xx_hal_adc.o
 .text.__NVIC_SetPriorityGrouping
                0x0000000008008e98       0x48 ./Drivers/STM32F4xx_HAL_Driver/stm32f4xx_hal_cortex.o
 .text.__NVIC_GetPriorityGrouping
                0x0000000008008ee0       0x1c ./Drivers/STM32F4xx_HAL_Driver/stm32f4xx_hal_cortex.o
 .text.__NVIC_EnableIRQ
                0x0000000008008efc       0x3c ./Drivers/STM32F4xx_HAL_Driver/stm32f4xx_hal_cortex.o
 .text.__NVIC_SetPriority
                0x0000000008008f38       0x54 ./Drivers/STM32F4xx_HAL_Driver/stm32f4xx_hal_cortex.o
 .text.NVIC_EncodePriority
                0x0000000008008f8c       0x66 ./Drivers/STM32F4xx_HAL_Driver/stm32f4xx_hal_cortex.o
 *fill*         0x0000000008008ff2        0x2 
 .text.SysTick_Config
                0x0000000008008ff4       0x44 ./Drivers/STM32F4xx_HAL_Driver/stm32f4xx_hal_cortex.o
 .text.HAL_NVIC_SetPriorityGrouping
                0x0000000008009038       0x16 ./Drivers/STM32F4xx_HAL_Driver/stm32f4xx_hal_cortex.o
                0x0000000008009038                HAL_NVIC_SetPriorityGrouping
 .text.HAL_NVIC_SetPriority
                0x000000000800904e       0x38 ./Drivers/STM32F4xx_HAL_Driver/stm32f4xx_hal_cortex.o
                0x000000000800904e                HAL_NVIC_SetPriority
 .text.HAL_NVIC_EnableIRQ
                0x0000000008009086       0x1c ./Drivers/STM32F4xx_HAL_Driver/stm32f4xx_hal_cortex.o
                0x0000000008009086                HAL_NVIC_EnableIRQ
 .text.HAL_SYSTICK_Config
                0x00000000080090a2       0x18 ./Drivers/STM32F4xx_HAL_Driver/stm32f4xx_hal_cortex.o
                0x00000000080090a2                HAL_SYSTICK_Config
 *fill*         0x00000000080090ba        0x2 
 .text.HAL_DMA_Init
                0x00000000080090bc      0x15c ./Drivers/STM32F4xx_HAL_Driver/stm32f4xx_hal_dma.o
                0x00000000080090bc                HAL_DMA_Init
 .text.HAL_DMA_Abort
                0x0000000008009218       0xe0 ./Drivers/STM32F4xx_HAL_Driver/stm32f4xx_hal_dma.o
                0x0000000008009218                HAL_DMA_Abort
 .text.HAL_DMA_Abort_IT
                0x00000000080092f8       0x44 ./Drivers/STM32F4xx_HAL_Driver/stm32f4xx_hal_dma.o
                0x00000000080092f8                HAL_DMA_Abort_IT
 .text.HAL_DMA_IRQHandler
                0x000000000800933c      0x314 ./Drivers/STM32F4xx_HAL_Driver/stm32f4xx_hal_dma.o
                0x000000000800933c                HAL_DMA_IRQHandler
 .text.DMA_CalcBaseAndBitshift
                0x0000000008009650       0x6c ./Drivers/STM32F4xx_HAL_Driver/stm32f4xx_hal_dma.o
 .text.DMA_CheckFifoParam
                0x00000000080096bc       0xf8 ./Drivers/STM32F4xx_HAL_Driver/stm32f4xx_hal_dma.o
 .text.HAL_GPIO_Init
                0x00000000080097b4      0x358 ./Drivers/STM32F4xx_HAL_Driver/stm32f4xx_hal_gpio.o
                0x00000000080097b4                HAL_GPIO_Init
 .text.HAL_GPIO_WritePin
                0x0000000008009b0c       0x32 ./Drivers/STM32F4xx_HAL_Driver/stm32f4xx_hal_gpio.o
                0x0000000008009b0c                HAL_GPIO_WritePin
 .text.HAL_PCD_Init
                0x0000000008009b3e      0x23a ./Drivers/STM32F4xx_HAL_Driver/stm32f4xx_hal_pcd.o
                0x0000000008009b3e                HAL_PCD_Init
 .text.HAL_PCD_Start
                0x0000000008009d78       0x66 ./Drivers/STM32F4xx_HAL_Driver/stm32f4xx_hal_pcd.o
                0x0000000008009d78                HAL_PCD_Start
 .text.HAL_PCD_IRQHandler
                0x0000000008009dde      0x764 ./Drivers/STM32F4xx_HAL_Driver/stm32f4xx_hal_pcd.o
                0x0000000008009dde                HAL_PCD_IRQHandler
 .text.HAL_PCD_SetAddress
                0x000000000800a542       0x4a ./Drivers/STM32F4xx_HAL_Driver/stm32f4xx_hal_pcd.o
                0x000000000800a542                HAL_PCD_SetAddress
 .text.HAL_PCD_EP_Open
                0x000000000800a58c       0xd0 ./Drivers/STM32F4xx_HAL_Driver/stm32f4xx_hal_pcd.o
                0x000000000800a58c                HAL_PCD_EP_Open
 .text.HAL_PCD_EP_Close
                0x000000000800a65c       0x94 ./Drivers/STM32F4xx_HAL_Driver/stm32f4xx_hal_pcd.o
                0x000000000800a65c                HAL_PCD_EP_Close
 .text.HAL_PCD_EP_Receive
                0x000000000800a6f0       0x96 ./Drivers/STM32F4xx_HAL_Driver/stm32f4xx_hal_pcd.o
                0x000000000800a6f0                HAL_PCD_EP_Receive
 .text.HAL_PCD_EP_GetRxCount
                0x000000000800a786       0x30 ./Drivers/STM32F4xx_HAL_Driver/stm32f4xx_hal_pcd.o
                0x000000000800a786                HAL_PCD_EP_GetRxCount
 .text.HAL_PCD_EP_Transmit
                0x000000000800a7b6       0x94 ./Drivers/STM32F4xx_HAL_Driver/stm32f4xx_hal_pcd.o
                0x000000000800a7b6                HAL_PCD_EP_Transmit
 .text.HAL_PCD_EP_SetStall
                0x000000000800a84a       0xc8 ./Drivers/STM32F4xx_HAL_Driver/stm32f4xx_hal_pcd.o
                0x000000000800a84a                HAL_PCD_EP_SetStall
 .text.HAL_PCD_EP_ClrStall
                0x000000000800a912       0xac ./Drivers/STM32F4xx_HAL_Driver/stm32f4xx_hal_pcd.o
                0x000000000800a912                HAL_PCD_EP_ClrStall
 .text.PCD_WriteEmptyTxFifo
                0x000000000800a9be      0x11a ./Drivers/STM32F4xx_HAL_Driver/stm32f4xx_hal_pcd.o
 .text.PCD_EP_OutXfrComplete_int
                0x000000000800aad8      0x218 ./Drivers/STM32F4xx_HAL_Driver/stm32f4xx_hal_pcd.o
 .text.PCD_EP_OutSetupPacket_int
                0x000000000800acf0       0x8c ./Drivers/STM32F4xx_HAL_Driver/stm32f4xx_hal_pcd.o
 .text.HAL_PCDEx_SetTxFiFo
                0x000000000800ad7c       0x8e ./Drivers/STM32F4xx_HAL_Driver/stm32f4xx_hal_pcd_ex.o
                0x000000000800ad7c                HAL_PCDEx_SetTxFiFo
 .text.HAL_PCDEx_SetRxFiFo
                0x000000000800ae0a       0x22 ./Drivers/STM32F4xx_HAL_Driver/stm32f4xx_hal_pcd_ex.o
                0x000000000800ae0a                HAL_PCDEx_SetRxFiFo
 .text.HAL_PCDEx_LPM_Callback
                0x000000000800ae2c       0x18 ./Drivers/STM32F4xx_HAL_Driver/stm32f4xx_hal_pcd_ex.o
                0x000000000800ae2c                HAL_PCDEx_LPM_Callback
 .text.HAL_RCC_OscConfig
                0x000000000800ae44      0x4f0 ./Drivers/STM32F4xx_HAL_Driver/stm32f4xx_hal_rcc.o
                0x000000000800ae44                HAL_RCC_OscConfig
 .text.HAL_RCC_ClockConfig
                0x000000000800b334      0x1cc ./Drivers/STM32F4xx_HAL_Driver/stm32f4xx_hal_rcc.o
                0x000000000800b334                HAL_RCC_ClockConfig
 .text.HAL_RCC_GetSysClockFreq
                0x000000000800b500      0x16c ./Drivers/STM32F4xx_HAL_Driver/stm32f4xx_hal_rcc.o
                0x000000000800b500                HAL_RCC_GetSysClockFreq
 .text.HAL_RCC_GetHCLKFreq
                0x000000000800b66c       0x18 ./Drivers/STM32F4xx_HAL_Driver/stm32f4xx_hal_rcc.o
                0x000000000800b66c                HAL_RCC_GetHCLKFreq
 .text.HAL_RCC_GetPCLK1Freq
                0x000000000800b684       0x28 ./Drivers/STM32F4xx_HAL_Driver/stm32f4xx_hal_rcc.o
                0x000000000800b684                HAL_RCC_GetPCLK1Freq
 .text.HAL_RCC_GetPCLK2Freq
                0x000000000800b6ac       0x28 ./Drivers/STM32F4xx_HAL_Driver/stm32f4xx_hal_rcc.o
                0x000000000800b6ac                HAL_RCC_GetPCLK2Freq
 .text.HAL_SPI_Init
                0x000000000800b6d4      0x112 ./Drivers/STM32F4xx_HAL_Driver/stm32f4xx_hal_spi.o
                0x000000000800b6d4                HAL_SPI_Init
 .text.HAL_SPI_Transmit
                0x000000000800b7e6      0x278 ./Drivers/STM32F4xx_HAL_Driver/stm32f4xx_hal_spi.o
                0x000000000800b7e6                HAL_SPI_Transmit
 .text.HAL_SPI_Receive
                0x000000000800ba5e      0x222 ./Drivers/STM32F4xx_HAL_Driver/stm32f4xx_hal_spi.o
                0x000000000800ba5e                HAL_SPI_Receive
 .text.HAL_SPI_TransmitReceive
                0x000000000800bc80      0x344 ./Drivers/STM32F4xx_HAL_Driver/stm32f4xx_hal_spi.o
                0x000000000800bc80                HAL_SPI_TransmitReceive
 .text.SPI_WaitFlagStateUntilTimeout
                0x000000000800bfc4      0x110 ./Drivers/STM32F4xx_HAL_Driver/stm32f4xx_hal_spi.o
 .text.SPI_EndRxTransaction
                0x000000000800c0d4       0xca ./Drivers/STM32F4xx_HAL_Driver/stm32f4xx_hal_spi.o
 *fill*         0x000000000800c19e        0x2 
 .text.SPI_EndRxTxTransaction
                0x000000000800c1a0       0x84 ./Drivers/STM32F4xx_HAL_Driver/stm32f4xx_hal_spi.o
 .text.HAL_TIM_Base_Init
                0x000000000800c224       0x9e ./Drivers/STM32F4xx_HAL_Driver/stm32f4xx_hal_tim.o
                0x000000000800c224                HAL_TIM_Base_Init
 *fill*         0x000000000800c2c2        0x2 
 .text.HAL_TIM_Base_Start_IT
                0x000000000800c2c4       0xe0 ./Drivers/STM32F4xx_HAL_Driver/stm32f4xx_hal_tim.o
                0x000000000800c2c4                HAL_TIM_Base_Start_IT
 .text.HAL_TIM_IRQHandler
                0x000000000800c3a4      0x210 ./Drivers/STM32F4xx_HAL_Driver/stm32f4xx_hal_tim.o
                0x000000000800c3a4                HAL_TIM_IRQHandler
 .text.HAL_TIM_OC_DelayElapsedCallback
                0x000000000800c5b4       0x14 ./Drivers/STM32F4xx_HAL_Driver/stm32f4xx_hal_tim.o
                0x000000000800c5b4                HAL_TIM_OC_DelayElapsedCallback
 .text.HAL_TIM_IC_CaptureCallback
                0x000000000800c5c8       0x14 ./Drivers/STM32F4xx_HAL_Driver/stm32f4xx_hal_tim.o
                0x000000000800c5c8                HAL_TIM_IC_CaptureCallback
 .text.HAL_TIM_PWM_PulseFinishedCallback
                0x000000000800c5dc       0x14 ./Drivers/STM32F4xx_HAL_Driver/stm32f4xx_hal_tim.o
                0x000000000800c5dc                HAL_TIM_PWM_PulseFinishedCallback
 .text.HAL_TIM_TriggerCallback
                0x000000000800c5f0       0x14 ./Drivers/STM32F4xx_HAL_Driver/stm32f4xx_hal_tim.o
                0x000000000800c5f0                HAL_TIM_TriggerCallback
 .text.TIM_Base_SetConfig
                0x000000000800c604      0x140 ./Drivers/STM32F4xx_HAL_Driver/stm32f4xx_hal_tim.o
                0x000000000800c604                TIM_Base_SetConfig
 .text.HAL_TIMEx_MasterConfigSynchronization
                0x000000000800c744       0xf8 ./Drivers/STM32F4xx_HAL_Driver/stm32f4xx_hal_tim_ex.o
                0x000000000800c744                HAL_TIMEx_MasterConfigSynchronization
 .text.HAL_TIMEx_CommutCallback
                0x000000000800c83c       0x14 ./Drivers/STM32F4xx_HAL_Driver/stm32f4xx_hal_tim_ex.o
                0x000000000800c83c                HAL_TIMEx_CommutCallback
 .text.HAL_TIMEx_BreakCallback
                0x000000000800c850       0x14 ./Drivers/STM32F4xx_HAL_Driver/stm32f4xx_hal_tim_ex.o
                0x000000000800c850                HAL_TIMEx_BreakCallback
 .text.HAL_UART_Init
                0x000000000800c864       0x9a ./Drivers/STM32F4xx_HAL_Driver/stm32f4xx_hal_uart.o
                0x000000000800c864                HAL_UART_Init
 .text.HAL_UART_Transmit
                0x000000000800c8fe      0x124 ./Drivers/STM32F4xx_HAL_Driver/stm32f4xx_hal_uart.o
                0x000000000800c8fe                HAL_UART_Transmit
 *fill*         0x000000000800ca22        0x2 
 .text.HAL_UART_IRQHandler
                0x000000000800ca24      0x51c ./Drivers/STM32F4xx_HAL_Driver/stm32f4xx_hal_uart.o
                0x000000000800ca24                HAL_UART_IRQHandler
 .text.HAL_UART_TxCpltCallback
                0x000000000800cf40       0x14 ./Drivers/STM32F4xx_HAL_Driver/stm32f4xx_hal_uart.o
                0x000000000800cf40                HAL_UART_TxCpltCallback
 .text.HAL_UART_RxCpltCallback
                0x000000000800cf54       0x14 ./Drivers/STM32F4xx_HAL_Driver/stm32f4xx_hal_uart.o
                0x000000000800cf54                HAL_UART_RxCpltCallback
 .text.HAL_UART_ErrorCallback
                0x000000000800cf68       0x14 ./Drivers/STM32F4xx_HAL_Driver/stm32f4xx_hal_uart.o
                0x000000000800cf68                HAL_UART_ErrorCallback
 .text.HAL_UARTEx_RxEventCallback
                0x000000000800cf7c       0x18 ./Drivers/STM32F4xx_HAL_Driver/stm32f4xx_hal_uart.o
                0x000000000800cf7c                HAL_UARTEx_RxEventCallback
 .text.UART_WaitOnFlagUntilTimeout
                0x000000000800cf94       0xdc ./Drivers/STM32F4xx_HAL_Driver/stm32f4xx_hal_uart.o
 .text.UART_EndRxTransfer
                0x000000000800d070       0xc6 ./Drivers/STM32F4xx_HAL_Driver/stm32f4xx_hal_uart.o
 .text.UART_DMAAbortOnError
                0x000000000800d136       0x28 ./Drivers/STM32F4xx_HAL_Driver/stm32f4xx_hal_uart.o
 .text.UART_Transmit_IT
                0x000000000800d15e       0xa0 ./Drivers/STM32F4xx_HAL_Driver/stm32f4xx_hal_uart.o
 .text.UART_EndTransmit_IT
                0x000000000800d1fe       0x30 ./Drivers/STM32F4xx_HAL_Driver/stm32f4xx_hal_uart.o
 .text.UART_Receive_IT
                0x000000000800d22e      0x176 ./Drivers/STM32F4xx_HAL_Driver/stm32f4xx_hal_uart.o
 .text.UART_SetConfig
                0x000000000800d3a4      0x390 ./Drivers/STM32F4xx_HAL_Driver/stm32f4xx_hal_uart.o
 .text.USB_CoreInit
                0x000000000800d734       0xc2 ./Drivers/STM32F4xx_HAL_Driver/stm32f4xx_ll_usb.o
                0x000000000800d734                USB_CoreInit
 *fill*         0x000000000800d7f6        0x2 
 .text.USB_SetTurnaroundTime
                0x000000000800d7f8      0x144 ./Drivers/STM32F4xx_HAL_Driver/stm32f4xx_ll_usb.o
                0x000000000800d7f8                USB_SetTurnaroundTime
 .text.USB_EnableGlobalInt
                0x000000000800d93c       0x22 ./Drivers/STM32F4xx_HAL_Driver/stm32f4xx_ll_usb.o
                0x000000000800d93c                USB_EnableGlobalInt
 .text.USB_DisableGlobalInt
                0x000000000800d95e       0x22 ./Drivers/STM32F4xx_HAL_Driver/stm32f4xx_ll_usb.o
                0x000000000800d95e                USB_DisableGlobalInt
 .text.USB_SetCurrentMode
                0x000000000800d980       0x98 ./Drivers/STM32F4xx_HAL_Driver/stm32f4xx_ll_usb.o
                0x000000000800d980                USB_SetCurrentMode
 .text.USB_DevInit
                0x000000000800da18      0x2c8 ./Drivers/STM32F4xx_HAL_Driver/stm32f4xx_ll_usb.o
                0x000000000800da18                USB_DevInit
 .text.USB_FlushTxFifo
                0x000000000800dce0       0x48 ./Drivers/STM32F4xx_HAL_Driver/stm32f4xx_ll_usb.o
                0x000000000800dce0                USB_FlushTxFifo
 .text.USB_FlushRxFifo
                0x000000000800dd28       0x40 ./Drivers/STM32F4xx_HAL_Driver/stm32f4xx_ll_usb.o
                0x000000000800dd28                USB_FlushRxFifo
 .text.USB_SetDevSpeed
                0x000000000800dd68       0x32 ./Drivers/STM32F4xx_HAL_Driver/stm32f4xx_ll_usb.o
                0x000000000800dd68                USB_SetDevSpeed
 .text.USB_GetDevSpeed
                0x000000000800dd9a       0x4a ./Drivers/STM32F4xx_HAL_Driver/stm32f4xx_ll_usb.o
                0x000000000800dd9a                USB_GetDevSpeed
 .text.USB_ActivateEndpoint
                0x000000000800dde4      0x10e ./Drivers/STM32F4xx_HAL_Driver/stm32f4xx_ll_usb.o
                0x000000000800dde4                USB_ActivateEndpoint
 *fill*         0x000000000800def2        0x2 
 .text.USB_DeactivateEndpoint
                0x000000000800def4      0x1b8 ./Drivers/STM32F4xx_HAL_Driver/stm32f4xx_ll_usb.o
                0x000000000800def4                USB_DeactivateEndpoint
 .text.USB_EPStartXfer
                0x000000000800e0ac      0x488 ./Drivers/STM32F4xx_HAL_Driver/stm32f4xx_ll_usb.o
                0x000000000800e0ac                USB_EPStartXfer
 .text.USB_EP0StartXfer
                0x000000000800e534      0x2a6 ./Drivers/STM32F4xx_HAL_Driver/stm32f4xx_ll_usb.o
                0x000000000800e534                USB_EP0StartXfer
 .text.USB_WritePacket
                0x000000000800e7da       0x7c ./Drivers/STM32F4xx_HAL_Driver/stm32f4xx_ll_usb.o
                0x000000000800e7da                USB_WritePacket
 .text.USB_ReadPacket
                0x000000000800e856       0xb0 ./Drivers/STM32F4xx_HAL_Driver/stm32f4xx_ll_usb.o
                0x000000000800e856                USB_ReadPacket
 .text.USB_EPSetStall
                0x000000000800e906       0xdc ./Drivers/STM32F4xx_HAL_Driver/stm32f4xx_ll_usb.o
                0x000000000800e906                USB_EPSetStall
 .text.USB_EPClearStall
                0x000000000800e9e2       0xcc ./Drivers/STM32F4xx_HAL_Driver/stm32f4xx_ll_usb.o
                0x000000000800e9e2                USB_EPClearStall
 .text.USB_SetDevAddress
                0x000000000800eaae       0x4c ./Drivers/STM32F4xx_HAL_Driver/stm32f4xx_ll_usb.o
                0x000000000800eaae                USB_SetDevAddress
 .text.USB_DevConnect
                0x000000000800eafa       0x42 ./Drivers/STM32F4xx_HAL_Driver/stm32f4xx_ll_usb.o
                0x000000000800eafa                USB_DevConnect
 .text.USB_DevDisconnect
                0x000000000800eb3c       0x42 ./Drivers/STM32F4xx_HAL_Driver/stm32f4xx_ll_usb.o
                0x000000000800eb3c                USB_DevDisconnect
 .text.USB_ReadInterrupts
                0x000000000800eb7e       0x26 ./Drivers/STM32F4xx_HAL_Driver/stm32f4xx_ll_usb.o
                0x000000000800eb7e                USB_ReadInterrupts
 .text.USB_ReadDevAllOutEpInterrupt
                0x000000000800eba4       0x34 ./Drivers/STM32F4xx_HAL_Driver/stm32f4xx_ll_usb.o
                0x000000000800eba4                USB_ReadDevAllOutEpInterrupt
 .text.USB_ReadDevAllInEpInterrupt
                0x000000000800ebd8       0x34 ./Drivers/STM32F4xx_HAL_Driver/stm32f4xx_ll_usb.o
                0x000000000800ebd8                USB_ReadDevAllInEpInterrupt
 .text.USB_ReadDevOutEPInterrupt
                0x000000000800ec0c       0x3c ./Drivers/STM32F4xx_HAL_Driver/stm32f4xx_ll_usb.o
                0x000000000800ec0c                USB_ReadDevOutEPInterrupt
 .text.USB_ReadDevInEPInterrupt
                0x000000000800ec48       0x5c ./Drivers/STM32F4xx_HAL_Driver/stm32f4xx_ll_usb.o
                0x000000000800ec48                USB_ReadDevInEPInterrupt
 .text.USB_GetMode
                0x000000000800eca4       0x1c ./Drivers/STM32F4xx_HAL_Driver/stm32f4xx_ll_usb.o
                0x000000000800eca4                USB_GetMode
 .text.USB_ActivateSetup
                0x000000000800ecc0       0x46 ./Drivers/STM32F4xx_HAL_Driver/stm32f4xx_ll_usb.o
                0x000000000800ecc0                USB_ActivateSetup
 *fill*         0x000000000800ed06        0x2 
 .text.USB_EP0_OutStart
                0x000000000800ed08       0xbc ./Drivers/STM32F4xx_HAL_Driver/stm32f4xx_ll_usb.o
                0x000000000800ed08                USB_EP0_OutStart
 .text.USB_CoreReset
                0x000000000800edc4       0x64 ./Drivers/STM32F4xx_HAL_Driver/stm32f4xx_ll_usb.o
 .text.USBD_CDC_Init
                0x000000000800ee28       0xfe ./Middlewares/USB_Device_Library/usbd_cdc.o
 .text.USBD_CDC_DeInit
                0x000000000800ef26       0x74 ./Middlewares/USB_Device_Library/usbd_cdc.o
 *fill*         0x000000000800ef9a        0x2 
 .text.USBD_CDC_Setup
                0x000000000800ef9c      0x190 ./Middlewares/USB_Device_Library/usbd_cdc.o
 .text.USBD_CDC_DataIn
                0x000000000800f12c       0xca ./Middlewares/USB_Device_Library/usbd_cdc.o
 .text.USBD_CDC_DataOut
                0x000000000800f1f6       0x56 ./Middlewares/USB_Device_Library/usbd_cdc.o
 .text.USBD_CDC_EP0_RxReady
                0x000000000800f24c       0x5a ./Middlewares/USB_Device_Library/usbd_cdc.o
 *fill*         0x000000000800f2a6        0x2 
 .text.USBD_CDC_GetFSCfgDesc
                0x000000000800f2a8       0x20 ./Middlewares/USB_Device_Library/usbd_cdc.o
 .text.USBD_CDC_GetHSCfgDesc
                0x000000000800f2c8       0x20 ./Middlewares/USB_Device_Library/usbd_cdc.o
 .text.USBD_CDC_GetOtherSpeedCfgDesc
                0x000000000800f2e8       0x20 ./Middlewares/USB_Device_Library/usbd_cdc.o
 .text.USBD_CDC_GetDeviceQualifierDescriptor
                0x000000000800f308       0x20 ./Middlewares/USB_Device_Library/usbd_cdc.o
                0x000000000800f308                USBD_CDC_GetDeviceQualifierDescriptor
 .text.USBD_CDC_RegisterInterface
                0x000000000800f328       0x2a ./Middlewares/USB_Device_Library/usbd_cdc.o
                0x000000000800f328                USBD_CDC_RegisterInterface
 .text.USBD_CDC_SetTxBuffer
                0x000000000800f352       0x3c ./Middlewares/USB_Device_Library/usbd_cdc.o
                0x000000000800f352                USBD_CDC_SetTxBuffer
 .text.USBD_CDC_SetRxBuffer
                0x000000000800f38e       0x32 ./Middlewares/USB_Device_Library/usbd_cdc.o
                0x000000000800f38e                USBD_CDC_SetRxBuffer
 .text.USBD_CDC_ReceivePacket
                0x000000000800f3c0       0x54 ./Middlewares/USB_Device_Library/usbd_cdc.o
                0x000000000800f3c0                USBD_CDC_ReceivePacket
 .text.USBD_Init
                0x000000000800f414       0x60 ./Middlewares/USB_Device_Library/usbd_core.o
                0x000000000800f414                USBD_Init
 .text.USBD_RegisterClass
                0x000000000800f474       0x4e ./Middlewares/USB_Device_Library/usbd_core.o
                0x000000000800f474                USBD_RegisterClass
 .text.USBD_Start
                0x000000000800f4c2       0x18 ./Middlewares/USB_Device_Library/usbd_core.o
                0x000000000800f4c2                USBD_Start
 .text.USBD_RunTestMode
                0x000000000800f4da       0x16 ./Middlewares/USB_Device_Library/usbd_core.o
                0x000000000800f4da                USBD_RunTestMode
 .text.USBD_SetClassConfig
                0x000000000800f4f0       0x38 ./Middlewares/USB_Device_Library/usbd_core.o
                0x000000000800f4f0                USBD_SetClassConfig
 .text.USBD_ClrClassConfig
                0x000000000800f528       0x30 ./Middlewares/USB_Device_Library/usbd_core.o
                0x000000000800f528                USBD_ClrClassConfig
 .text.USBD_LL_SetupStage
                0x000000000800f558       0xaa ./Middlewares/USB_Device_Library/usbd_core.o
                0x000000000800f558                USBD_LL_SetupStage
 .text.USBD_LL_DataOutStage
                0x000000000800f602       0xc6 ./Middlewares/USB_Device_Library/usbd_core.o
                0x000000000800f602                USBD_LL_DataOutStage
 .text.USBD_LL_DataInStage
                0x000000000800f6c8      0x12c ./Middlewares/USB_Device_Library/usbd_core.o
                0x000000000800f6c8                USBD_LL_DataInStage
 .text.USBD_LL_Reset
                0x000000000800f7f4       0x9c ./Middlewares/USB_Device_Library/usbd_core.o
                0x000000000800f7f4                USBD_LL_Reset
 .text.USBD_LL_SetSpeed
                0x000000000800f890       0x20 ./Middlewares/USB_Device_Library/usbd_core.o
                0x000000000800f890                USBD_LL_SetSpeed
 .text.USBD_LL_Suspend
                0x000000000800f8b0       0x2c ./Middlewares/USB_Device_Library/usbd_core.o
                0x000000000800f8b0                USBD_LL_Suspend
 .text.USBD_LL_Resume
                0x000000000800f8dc       0x30 ./Middlewares/USB_Device_Library/usbd_core.o
                0x000000000800f8dc                USBD_LL_Resume
 .text.USBD_LL_SOF
                0x000000000800f90c       0x44 ./Middlewares/USB_Device_Library/usbd_core.o
                0x000000000800f90c                USBD_LL_SOF
 .text.USBD_LL_IsoINIncomplete
                0x000000000800f950       0x4c ./Middlewares/USB_Device_Library/usbd_core.o
                0x000000000800f950                USBD_LL_IsoINIncomplete
 .text.USBD_LL_IsoOUTIncomplete
                0x000000000800f99c       0x4c ./Middlewares/USB_Device_Library/usbd_core.o
                0x000000000800f99c                USBD_LL_IsoOUTIncomplete
 .text.USBD_LL_DevConnected
                0x000000000800f9e8       0x16 ./Middlewares/USB_Device_Library/usbd_core.o
                0x000000000800f9e8                USBD_LL_DevConnected
 .text.USBD_LL_DevDisconnected
                0x000000000800f9fe       0x38 ./Middlewares/USB_Device_Library/usbd_core.o
                0x000000000800f9fe                USBD_LL_DevDisconnected
 .text.SWAPBYTE
                0x000000000800fa36       0x3c ./Middlewares/USB_Device_Library/usbd_ctlreq.o
 *fill*         0x000000000800fa72        0x2 
 .text.USBD_StdDevReq
                0x000000000800fa74       0xdc ./Middlewares/USB_Device_Library/usbd_ctlreq.o
                0x000000000800fa74                USBD_StdDevReq
 .text.USBD_StdItfReq
                0x000000000800fb50       0x92 ./Middlewares/USB_Device_Library/usbd_ctlreq.o
                0x000000000800fb50                USBD_StdItfReq
 .text.USBD_StdEPReq
                0x000000000800fbe2      0x2c4 ./Middlewares/USB_Device_Library/usbd_ctlreq.o
                0x000000000800fbe2                USBD_StdEPReq
 *fill*         0x000000000800fea6        0x2 
 .text.USBD_GetDescriptor
                0x000000000800fea8      0x2d4 ./Middlewares/USB_Device_Library/usbd_ctlreq.o
 .text.USBD_SetAddress
                0x000000000801017c       0x88 ./Middlewares/USB_Device_Library/usbd_ctlreq.o
 .text.USBD_SetConfig
                0x0000000008010204      0x14c ./Middlewares/USB_Device_Library/usbd_ctlreq.o
 .text.USBD_GetConfig
                0x0000000008010350       0x6c ./Middlewares/USB_Device_Library/usbd_ctlreq.o
 .text.USBD_GetStatus
                0x00000000080103bc       0x68 ./Middlewares/USB_Device_Library/usbd_ctlreq.o
 .text.USBD_SetFeature
                0x0000000008010424       0x28 ./Middlewares/USB_Device_Library/usbd_ctlreq.o
 .text.USBD_ClrFeature
                0x000000000801044c       0x44 ./Middlewares/USB_Device_Library/usbd_ctlreq.o
 .text.USBD_ParseSetupRequest
                0x0000000008010490       0x74 ./Middlewares/USB_Device_Library/usbd_ctlreq.o
                0x0000000008010490                USBD_ParseSetupRequest
 .text.USBD_CtlError
                0x0000000008010504       0x22 ./Middlewares/USB_Device_Library/usbd_ctlreq.o
                0x0000000008010504                USBD_CtlError
 .text.USBD_GetString
                0x0000000008010526       0x8c ./Middlewares/USB_Device_Library/usbd_ctlreq.o
                0x0000000008010526                USBD_GetString
 .text.USBD_GetLen
                0x00000000080105b2       0x34 ./Middlewares/USB_Device_Library/usbd_ctlreq.o
 .text.USBD_CtlSendData
                0x00000000080105e6       0x36 ./Middlewares/USB_Device_Library/usbd_ioreq.o
                0x00000000080105e6                USBD_CtlSendData
 .text.USBD_CtlContinueSendData
                0x000000000801061c       0x22 ./Middlewares/USB_Device_Library/usbd_ioreq.o
                0x000000000801061c                USBD_CtlContinueSendData
 .text.USBD_CtlPrepareRx
                0x000000000801063e       0x3a ./Middlewares/USB_Device_Library/usbd_ioreq.o
                0x000000000801063e                USBD_CtlPrepareRx
 .text.USBD_CtlContinueRx
                0x0000000008010678       0x22 ./Middlewares/USB_Device_Library/usbd_ioreq.o
                0x0000000008010678                USBD_CtlContinueRx
 .text.USBD_CtlSendStatus
                0x000000000801069a       0x26 ./Middlewares/USB_Device_Library/usbd_ioreq.o
                0x000000000801069a                USBD_CtlSendStatus
 .text.USBD_CtlReceiveStatus
                0x00000000080106c0       0x26 ./Middlewares/USB_Device_Library/usbd_ioreq.o
                0x00000000080106c0                USBD_CtlReceiveStatus
 *fill*         0x00000000080106e6        0x2 
 .text.MX_USB_DEVICE_Init
                0x00000000080106e8       0x60 ./USB_DEVICE/App/usb_device.o
                0x00000000080106e8                MX_USB_DEVICE_Init
 .text.CDC_Init_FS
                0x0000000008010748       0x28 ./USB_DEVICE/App/usbd_cdc_if.o
 .text.CDC_DeInit_FS
                0x0000000008010770       0x10 ./USB_DEVICE/App/usbd_cdc_if.o
 .text.CDC_Control_FS
                0x0000000008010780       0xbc ./USB_DEVICE/App/usbd_cdc_if.o
 .text.CDC_Receive_FS
                0x000000000801083c       0x28 ./USB_DEVICE/App/usbd_cdc_if.o
 .text.CDC_TransmitCplt_FS
                0x0000000008010864       0x22 ./USB_DEVICE/App/usbd_cdc_if.o
 *fill*         0x0000000008010886        0x2 
 .text.USBD_FS_DeviceDescriptor
                0x0000000008010888       0x24 ./USB_DEVICE/App/usbd_desc.o
                0x0000000008010888                USBD_FS_DeviceDescriptor
 .text.USBD_FS_LangIDStrDescriptor
                0x00000000080108ac       0x24 ./USB_DEVICE/App/usbd_desc.o
                0x00000000080108ac                USBD_FS_LangIDStrDescriptor
 .text.USBD_FS_ProductStrDescriptor
                0x00000000080108d0       0x3c ./USB_DEVICE/App/usbd_desc.o
                0x00000000080108d0                USBD_FS_ProductStrDescriptor
 .text.USBD_FS_ManufacturerStrDescriptor
                0x000000000801090c       0x28 ./USB_DEVICE/App/usbd_desc.o
                0x000000000801090c                USBD_FS_ManufacturerStrDescriptor
 .text.USBD_FS_SerialStrDescriptor
                0x0000000008010934       0x24 ./USB_DEVICE/App/usbd_desc.o
                0x0000000008010934                USBD_FS_SerialStrDescriptor
 .text.USBD_FS_ConfigStrDescriptor
                0x0000000008010958       0x3c ./USB_DEVICE/App/usbd_desc.o
                0x0000000008010958                USBD_FS_ConfigStrDescriptor
 .text.USBD_FS_InterfaceStrDescriptor
                0x0000000008010994       0x3c ./USB_DEVICE/App/usbd_desc.o
                0x0000000008010994                USBD_FS_InterfaceStrDescriptor
 .text.Get_SerialNum
                0x00000000080109d0       0x58 ./USB_DEVICE/App/usbd_desc.o
 .text.IntToUnicode
                0x0000000008010a28       0x7e ./USB_DEVICE/App/usbd_desc.o
 *fill*         0x0000000008010aa6        0x2 
 .text.HAL_PCD_MspInit
                0x0000000008010aa8       0xa8 ./USB_DEVICE/Target/usbd_conf.o
                0x0000000008010aa8                HAL_PCD_MspInit
 .text.HAL_PCD_SetupStageCallback
                0x0000000008010b50       0x24 ./USB_DEVICE/Target/usbd_conf.o
                0x0000000008010b50                HAL_PCD_SetupStageCallback
 .text.HAL_PCD_DataOutStageCallback
                0x0000000008010b74       0x36 ./USB_DEVICE/Target/usbd_conf.o
                0x0000000008010b74                HAL_PCD_DataOutStageCallback
 .text.HAL_PCD_DataInStageCallback
                0x0000000008010baa       0x34 ./USB_DEVICE/Target/usbd_conf.o
                0x0000000008010baa                HAL_PCD_DataInStageCallback
 .text.HAL_PCD_SOFCallback
                0x0000000008010bde       0x1c ./USB_DEVICE/Target/usbd_conf.o
                0x0000000008010bde                HAL_PCD_SOFCallback
 .text.HAL_PCD_ResetCallback
                0x0000000008010bfa       0x50 ./USB_DEVICE/Target/usbd_conf.o
                0x0000000008010bfa                HAL_PCD_ResetCallback
 *fill*         0x0000000008010c4a        0x2 
 .text.HAL_PCD_SuspendCallback
                0x0000000008010c4c       0x4c ./USB_DEVICE/Target/usbd_conf.o
                0x0000000008010c4c                HAL_PCD_SuspendCallback
 .text.HAL_PCD_ResumeCallback
                0x0000000008010c98       0x1c ./USB_DEVICE/Target/usbd_conf.o
                0x0000000008010c98                HAL_PCD_ResumeCallback
 .text.HAL_PCD_ISOOUTIncompleteCallback
                0x0000000008010cb4       0x24 ./USB_DEVICE/Target/usbd_conf.o
                0x0000000008010cb4                HAL_PCD_ISOOUTIncompleteCallback
 .text.HAL_PCD_ISOINIncompleteCallback
                0x0000000008010cd8       0x24 ./USB_DEVICE/Target/usbd_conf.o
                0x0000000008010cd8                HAL_PCD_ISOINIncompleteCallback
 .text.HAL_PCD_ConnectCallback
                0x0000000008010cfc       0x1c ./USB_DEVICE/Target/usbd_conf.o
                0x0000000008010cfc                HAL_PCD_ConnectCallback
 .text.HAL_PCD_DisconnectCallback
                0x0000000008010d18       0x1c ./USB_DEVICE/Target/usbd_conf.o
                0x0000000008010d18                HAL_PCD_DisconnectCallback
 .text.USBD_LL_Init
                0x0000000008010d34       0x98 ./USB_DEVICE/Target/usbd_conf.o
                0x0000000008010d34                USBD_LL_Init
 .text.USBD_LL_Start
                0x0000000008010dcc       0x36 ./USB_DEVICE/Target/usbd_conf.o
                0x0000000008010dcc                USBD_LL_Start
 .text.USBD_LL_OpenEP
                0x0000000008010e02       0x4c ./USB_DEVICE/Target/usbd_conf.o
                0x0000000008010e02                USBD_LL_OpenEP
 .text.USBD_LL_CloseEP
                0x0000000008010e4e       0x3e ./USB_DEVICE/Target/usbd_conf.o
                0x0000000008010e4e                USBD_LL_CloseEP
 .text.USBD_LL_StallEP
                0x0000000008010e8c       0x3e ./USB_DEVICE/Target/usbd_conf.o
                0x0000000008010e8c                USBD_LL_StallEP
 .text.USBD_LL_ClearStallEP
                0x0000000008010eca       0x3e ./USB_DEVICE/Target/usbd_conf.o
                0x0000000008010eca                USBD_LL_ClearStallEP
 .text.USBD_LL_IsStallEP
                0x0000000008010f08       0x58 ./USB_DEVICE/Target/usbd_conf.o
                0x0000000008010f08                USBD_LL_IsStallEP
 .text.USBD_LL_SetUSBAddress
                0x0000000008010f60       0x3e ./USB_DEVICE/Target/usbd_conf.o
                0x0000000008010f60                USBD_LL_SetUSBAddress
 .text.USBD_LL_Transmit
                0x0000000008010f9e       0x42 ./USB_DEVICE/Target/usbd_conf.o
                0x0000000008010f9e                USBD_LL_Transmit
 .text.USBD_LL_PrepareReceive
                0x0000000008010fe0       0x42 ./USB_DEVICE/Target/usbd_conf.o
                0x0000000008010fe0                USBD_LL_PrepareReceive
 .text.USBD_LL_GetRxDataSize
                0x0000000008011022       0x26 ./USB_DEVICE/Target/usbd_conf.o
                0x0000000008011022                USBD_LL_GetRxDataSize
 .text.USBD_static_malloc
                0x0000000008011048       0x1c ./USB_DEVICE/Target/usbd_conf.o
                0x0000000008011048                USBD_static_malloc
 .text.USBD_static_free
                0x0000000008011064       0x14 ./USB_DEVICE/Target/usbd_conf.o
                0x0000000008011064                USBD_static_free
 .text.USBD_Get_USB_Status
                0x0000000008011078       0x58 ./USB_DEVICE/Target/usbd_conf.o
                0x0000000008011078                USBD_Get_USB_Status
 .text.__assert_func
                0x00000000080110d0       0x3c d:/stm32cubeide_1.7.0/stm32cubeide/plugins/com.st.stm32cube.ide.mcu.externaltools.gnu-tools-for-stm32.9-2020-q2-update.win32_2.0.0.202105311346/tools/bin/../lib/gcc/arm-none-eabi/9.3.1/../../../../arm-none-eabi/lib/thumb/v7e-m+fp/hard\libc_nano.a(lib_a-assert.o)
                0x00000000080110d0                __assert_func
 .text.__errno  0x000000000801110c        0xc d:/stm32cubeide_1.7.0/stm32cubeide/plugins/com.st.stm32cube.ide.mcu.externaltools.gnu-tools-for-stm32.9-2020-q2-update.win32_2.0.0.202105311346/tools/bin/../lib/gcc/arm-none-eabi/9.3.1/../../../../arm-none-eabi/lib/thumb/v7e-m+fp/hard\libc_nano.a(lib_a-errno.o)
                0x000000000801110c                __errno
 .text.fprintf  0x0000000008011118       0x24 d:/stm32cubeide_1.7.0/stm32cubeide/plugins/com.st.stm32cube.ide.mcu.externaltools.gnu-tools-for-stm32.9-2020-q2-update.win32_2.0.0.202105311346/tools/bin/../lib/gcc/arm-none-eabi/9.3.1/../../../../arm-none-eabi/lib/thumb/v7e-m+fp/hard\libc_nano.a(lib_a-fprintf.o)
                0x0000000008011118                fiprintf
                0x0000000008011118                fprintf
 .text.__libc_init_array
                0x000000000801113c       0x48 d:/stm32cubeide_1.7.0/stm32cubeide/plugins/com.st.stm32cube.ide.mcu.externaltools.gnu-tools-for-stm32.9-2020-q2-update.win32_2.0.0.202105311346/tools/bin/../lib/gcc/arm-none-eabi/9.3.1/../../../../arm-none-eabi/lib/thumb/v7e-m+fp/hard\libc_nano.a(lib_a-init.o)
                0x000000000801113c                __libc_init_array
 .text.malloc   0x0000000008011184       0x10 d:/stm32cubeide_1.7.0/stm32cubeide/plugins/com.st.stm32cube.ide.mcu.externaltools.gnu-tools-for-stm32.9-2020-q2-update.win32_2.0.0.202105311346/tools/bin/../lib/gcc/arm-none-eabi/9.3.1/../../../../arm-none-eabi/lib/thumb/v7e-m+fp/hard\libc_nano.a(lib_a-malloc.o)
                0x0000000008011184                malloc
 .text.free     0x0000000008011194       0x10 d:/stm32cubeide_1.7.0/stm32cubeide/plugins/com.st.stm32cube.ide.mcu.externaltools.gnu-tools-for-stm32.9-2020-q2-update.win32_2.0.0.202105311346/tools/bin/../lib/gcc/arm-none-eabi/9.3.1/../../../../arm-none-eabi/lib/thumb/v7e-m+fp/hard\libc_nano.a(lib_a-malloc.o)
                0x0000000008011194                free
 .text.memcmp   0x00000000080111a4       0x1c d:/stm32cubeide_1.7.0/stm32cubeide/plugins/com.st.stm32cube.ide.mcu.externaltools.gnu-tools-for-stm32.9-2020-q2-update.win32_2.0.0.202105311346/tools/bin/../lib/gcc/arm-none-eabi/9.3.1/../../../../arm-none-eabi/lib/thumb/v7e-m+fp/hard\libc_nano.a(lib_a-memcmp.o)
                0x00000000080111a4                memcmp
 .text.memcpy   0x00000000080111c0       0x1c d:/stm32cubeide_1.7.0/stm32cubeide/plugins/com.st.stm32cube.ide.mcu.externaltools.gnu-tools-for-stm32.9-2020-q2-update.win32_2.0.0.202105311346/tools/bin/../lib/gcc/arm-none-eabi/9.3.1/../../../../arm-none-eabi/lib/thumb/v7e-m+fp/hard\libc_nano.a(lib_a-memcpy-stub.o)
                0x00000000080111c0                memcpy
 .text.memset   0x00000000080111dc       0x10 d:/stm32cubeide_1.7.0/stm32cubeide/plugins/com.st.stm32cube.ide.mcu.externaltools.gnu-tools-for-stm32.9-2020-q2-update.win32_2.0.0.202105311346/tools/bin/../lib/gcc/arm-none-eabi/9.3.1/../../../../arm-none-eabi/lib/thumb/v7e-m+fp/hard\libc_nano.a(lib_a-memset.o)
                0x00000000080111dc                memset
 .text._free_r  0x00000000080111ec       0xa0 d:/stm32cubeide_1.7.0/stm32cubeide/plugins/com.st.stm32cube.ide.mcu.externaltools.gnu-tools-for-stm32.9-2020-q2-update.win32_2.0.0.202105311346/tools/bin/../lib/gcc/arm-none-eabi/9.3.1/../../../../arm-none-eabi/lib/thumb/v7e-m+fp/hard\libc_nano.a(lib_a-nano-freer.o)
                0x00000000080111ec                _free_r
 .text._malloc_r
                0x000000000801128c       0xb4 d:/stm32cubeide_1.7.0/stm32cubeide/plugins/com.st.stm32cube.ide.mcu.externaltools.gnu-tools-for-stm32.9-2020-q2-update.win32_2.0.0.202105311346/tools/bin/../lib/gcc/arm-none-eabi/9.3.1/../../../../arm-none-eabi/lib/thumb/v7e-m+fp/hard\libc_nano.a(lib_a-nano-mallocr.o)
                0x000000000801128c                _malloc_r
 .text.__sfputc_r
                0x0000000008011340       0x2e d:/stm32cubeide_1.7.0/stm32cubeide/plugins/com.st.stm32cube.ide.mcu.externaltools.gnu-tools-for-stm32.9-2020-q2-update.win32_2.0.0.202105311346/tools/bin/../lib/gcc/arm-none-eabi/9.3.1/../../../../arm-none-eabi/lib/thumb/v7e-m+fp/hard\libc_nano.a(lib_a-nano-vfprintf.o)
 .text.__sfputs_r
                0x000000000801136e       0x24 d:/stm32cubeide_1.7.0/stm32cubeide/plugins/com.st.stm32cube.ide.mcu.externaltools.gnu-tools-for-stm32.9-2020-q2-update.win32_2.0.0.202105311346/tools/bin/../lib/gcc/arm-none-eabi/9.3.1/../../../../arm-none-eabi/lib/thumb/v7e-m+fp/hard\libc_nano.a(lib_a-nano-vfprintf.o)
                0x000000000801136e                __sfputs_r
 *fill*         0x0000000008011392        0x2 
 .text._vfprintf_r
                0x0000000008011394      0x260 d:/stm32cubeide_1.7.0/stm32cubeide/plugins/com.st.stm32cube.ide.mcu.externaltools.gnu-tools-for-stm32.9-2020-q2-update.win32_2.0.0.202105311346/tools/bin/../lib/gcc/arm-none-eabi/9.3.1/../../../../arm-none-eabi/lib/thumb/v7e-m+fp/hard\libc_nano.a(lib_a-nano-vfprintf.o)
                0x0000000008011394                _vfprintf_r
                0x0000000008011394                _vfiprintf_r
 .text._printf_common
                0x00000000080115f4       0xda d:/stm32cubeide_1.7.0/stm32cubeide/plugins/com.st.stm32cube.ide.mcu.externaltools.gnu-tools-for-stm32.9-2020-q2-update.win32_2.0.0.202105311346/tools/bin/../lib/gcc/arm-none-eabi/9.3.1/../../../../arm-none-eabi/lib/thumb/v7e-m+fp/hard\libc_nano.a(lib_a-nano-vfprintf_i.o)
                0x00000000080115f4                _printf_common
 *fill*         0x00000000080116ce        0x2 
 .text._printf_i
                0x00000000080116d0      0x24c d:/stm32cubeide_1.7.0/stm32cubeide/plugins/com.st.stm32cube.ide.mcu.externaltools.gnu-tools-for-stm32.9-2020-q2-update.win32_2.0.0.202105311346/tools/bin/../lib/gcc/arm-none-eabi/9.3.1/../../../../arm-none-eabi/lib/thumb/v7e-m+fp/hard\libc_nano.a(lib_a-nano-vfprintf_i.o)
                0x00000000080116d0                _printf_i
 .text.printf   0x000000000801191c       0x30 d:/stm32cubeide_1.7.0/stm32cubeide/plugins/com.st.stm32cube.ide.mcu.externaltools.gnu-tools-for-stm32.9-2020-q2-update.win32_2.0.0.202105311346/tools/bin/../lib/gcc/arm-none-eabi/9.3.1/../../../../arm-none-eabi/lib/thumb/v7e-m+fp/hard\libc_nano.a(lib_a-printf.o)
                0x000000000801191c                iprintf
                0x000000000801191c                printf
 .text._puts_r  0x000000000801194c       0xdc d:/stm32cubeide_1.7.0/stm32cubeide/plugins/com.st.stm32cube.ide.mcu.externaltools.gnu-tools-for-stm32.9-2020-q2-update.win32_2.0.0.202105311346/tools/bin/../lib/gcc/arm-none-eabi/9.3.1/../../../../arm-none-eabi/lib/thumb/v7e-m+fp/hard\libc_nano.a(lib_a-puts.o)
                0x000000000801194c                _puts_r
 .text.puts     0x0000000008011a28       0x10 d:/stm32cubeide_1.7.0/stm32cubeide/plugins/com.st.stm32cube.ide.mcu.externaltools.gnu-tools-for-stm32.9-2020-q2-update.win32_2.0.0.202105311346/tools/bin/../lib/gcc/arm-none-eabi/9.3.1/../../../../arm-none-eabi/lib/thumb/v7e-m+fp/hard\libc_nano.a(lib_a-puts.o)
                0x0000000008011a28                puts
 .text._sbrk_r  0x0000000008011a38       0x20 d:/stm32cubeide_1.7.0/stm32cubeide/plugins/com.st.stm32cube.ide.mcu.externaltools.gnu-tools-for-stm32.9-2020-q2-update.win32_2.0.0.202105311346/tools/bin/../lib/gcc/arm-none-eabi/9.3.1/../../../../arm-none-eabi/lib/thumb/v7e-m+fp/hard\libc_nano.a(lib_a-sbrkr.o)
                0x0000000008011a38                _sbrk_r
 .text.snprintf
                0x0000000008011a58       0x68 d:/stm32cubeide_1.7.0/stm32cubeide/plugins/com.st.stm32cube.ide.mcu.externaltools.gnu-tools-for-stm32.9-2020-q2-update.win32_2.0.0.202105311346/tools/bin/../lib/gcc/arm-none-eabi/9.3.1/../../../../arm-none-eabi/lib/thumb/v7e-m+fp/hard\libc_nano.a(lib_a-snprintf.o)
                0x0000000008011a58                sniprintf
                0x0000000008011a58                snprintf
 .text.sprintf  0x0000000008011ac0       0x40 d:/stm32cubeide_1.7.0/stm32cubeide/plugins/com.st.stm32cube.ide.mcu.externaltools.gnu-tools-for-stm32.9-2020-q2-update.win32_2.0.0.202105311346/tools/bin/../lib/gcc/arm-none-eabi/9.3.1/../../../../arm-none-eabi/lib/thumb/v7e-m+fp/hard\libc_nano.a(lib_a-sprintf.o)
                0x0000000008011ac0                siprintf
                0x0000000008011ac0                sprintf
 .text.strchr   0x0000000008011b00       0x1a d:/stm32cubeide_1.7.0/stm32cubeide/plugins/com.st.stm32cube.ide.mcu.externaltools.gnu-tools-for-stm32.9-2020-q2-update.win32_2.0.0.202105311346/tools/bin/../lib/gcc/arm-none-eabi/9.3.1/../../../../arm-none-eabi/lib/thumb/v7e-m+fp/hard\libc_nano.a(lib_a-strchr.o)
                0x0000000008011b00                strchr
 .text.strcspn  0x0000000008011b1a       0x22 d:/stm32cubeide_1.7.0/stm32cubeide/plugins/com.st.stm32cube.ide.mcu.externaltools.gnu-tools-for-stm32.9-2020-q2-update.win32_2.0.0.202105311346/tools/bin/../lib/gcc/arm-none-eabi/9.3.1/../../../../arm-none-eabi/lib/thumb/v7e-m+fp/hard\libc_nano.a(lib_a-strcspn.o)
                0x0000000008011b1a                strcspn
 .text.strspn   0x0000000008011b3c       0x20 d:/stm32cubeide_1.7.0/stm32cubeide/plugins/com.st.stm32cube.ide.mcu.externaltools.gnu-tools-for-stm32.9-2020-q2-update.win32_2.0.0.202105311346/tools/bin/../lib/gcc/arm-none-eabi/9.3.1/../../../../arm-none-eabi/lib/thumb/v7e-m+fp/hard\libc_nano.a(lib_a-strspn.o)
                0x0000000008011b3c                strspn
 .text.__swbuf_r
                0x0000000008011b5c       0xa4 d:/stm32cubeide_1.7.0/stm32cubeide/plugins/com.st.stm32cube.ide.mcu.externaltools.gnu-tools-for-stm32.9-2020-q2-update.win32_2.0.0.202105311346/tools/bin/../lib/gcc/arm-none-eabi/9.3.1/../../../../arm-none-eabi/lib/thumb/v7e-m+fp/hard\libc_nano.a(lib_a-wbuf.o)
                0x0000000008011b5c                __swbuf_r
 .text.__swsetup_r
                0x0000000008011c00       0xdc d:/stm32cubeide_1.7.0/stm32cubeide/plugins/com.st.stm32cube.ide.mcu.externaltools.gnu-tools-for-stm32.9-2020-q2-update.win32_2.0.0.202105311346/tools/bin/../lib/gcc/arm-none-eabi/9.3.1/../../../../arm-none-eabi/lib/thumb/v7e-m+fp/hard\libc_nano.a(lib_a-wsetup.o)
                0x0000000008011c00                __swsetup_r
 .text.abort    0x0000000008011cdc        0xe d:/stm32cubeide_1.7.0/stm32cubeide/plugins/com.st.stm32cube.ide.mcu.externaltools.gnu-tools-for-stm32.9-2020-q2-update.win32_2.0.0.202105311346/tools/bin/../lib/gcc/arm-none-eabi/9.3.1/../../../../arm-none-eabi/lib/thumb/v7e-m+fp/hard\libc_nano.a(lib_a-abort.o)
                0x0000000008011cdc                abort
 *fill*         0x0000000008011cea        0x2 
 .text.__sflush_r
                0x0000000008011cec      0x10c d:/stm32cubeide_1.7.0/stm32cubeide/plugins/com.st.stm32cube.ide.mcu.externaltools.gnu-tools-for-stm32.9-2020-q2-update.win32_2.0.0.202105311346/tools/bin/../lib/gcc/arm-none-eabi/9.3.1/../../../../arm-none-eabi/lib/thumb/v7e-m+fp/hard\libc_nano.a(lib_a-fflush.o)
                0x0000000008011cec                __sflush_r
 .text._fflush_r
                0x0000000008011df8       0x78 d:/stm32cubeide_1.7.0/stm32cubeide/plugins/com.st.stm32cube.ide.mcu.externaltools.gnu-tools-for-stm32.9-2020-q2-update.win32_2.0.0.202105311346/tools/bin/../lib/gcc/arm-none-eabi/9.3.1/../../../../arm-none-eabi/lib/thumb/v7e-m+fp/hard\libc_nano.a(lib_a-fflush.o)
                0x0000000008011df8                _fflush_r
 .text.std      0x0000000008011e70       0x48 d:/stm32cubeide_1.7.0/stm32cubeide/plugins/com.st.stm32cube.ide.mcu.externaltools.gnu-tools-for-stm32.9-2020-q2-update.win32_2.0.0.202105311346/tools/bin/../lib/gcc/arm-none-eabi/9.3.1/../../../../arm-none-eabi/lib/thumb/v7e-m+fp/hard\libc_nano.a(lib_a-findfp.o)
 .text._cleanup_r
                0x0000000008011eb8        0xc d:/stm32cubeide_1.7.0/stm32cubeide/plugins/com.st.stm32cube.ide.mcu.externaltools.gnu-tools-for-stm32.9-2020-q2-update.win32_2.0.0.202105311346/tools/bin/../lib/gcc/arm-none-eabi/9.3.1/../../../../arm-none-eabi/lib/thumb/v7e-m+fp/hard\libc_nano.a(lib_a-findfp.o)
                0x0000000008011eb8                _cleanup_r
 .text.__sfmoreglue
                0x0000000008011ec4       0x2c d:/stm32cubeide_1.7.0/stm32cubeide/plugins/com.st.stm32cube.ide.mcu.externaltools.gnu-tools-for-stm32.9-2020-q2-update.win32_2.0.0.202105311346/tools/bin/../lib/gcc/arm-none-eabi/9.3.1/../../../../arm-none-eabi/lib/thumb/v7e-m+fp/hard\libc_nano.a(lib_a-findfp.o)
                0x0000000008011ec4                __sfmoreglue
 .text.__sfp_lock_acquire
                0x0000000008011ef0        0xc d:/stm32cubeide_1.7.0/stm32cubeide/plugins/com.st.stm32cube.ide.mcu.externaltools.gnu-tools-for-stm32.9-2020-q2-update.win32_2.0.0.202105311346/tools/bin/../lib/gcc/arm-none-eabi/9.3.1/../../../../arm-none-eabi/lib/thumb/v7e-m+fp/hard\libc_nano.a(lib_a-findfp.o)
                0x0000000008011ef0                __sfp_lock_acquire
 .text.__sfp_lock_release
                0x0000000008011efc        0xc d:/stm32cubeide_1.7.0/stm32cubeide/plugins/com.st.stm32cube.ide.mcu.externaltools.gnu-tools-for-stm32.9-2020-q2-update.win32_2.0.0.202105311346/tools/bin/../lib/gcc/arm-none-eabi/9.3.1/../../../../arm-none-eabi/lib/thumb/v7e-m+fp/hard\libc_nano.a(lib_a-findfp.o)
                0x0000000008011efc                __sfp_lock_release
 .text.__sinit_lock_acquire
                0x0000000008011f08        0xc d:/stm32cubeide_1.7.0/stm32cubeide/plugins/com.st.stm32cube.ide.mcu.externaltools.gnu-tools-for-stm32.9-2020-q2-update.win32_2.0.0.202105311346/tools/bin/../lib/gcc/arm-none-eabi/9.3.1/../../../../arm-none-eabi/lib/thumb/v7e-m+fp/hard\libc_nano.a(lib_a-findfp.o)
                0x0000000008011f08                __sinit_lock_acquire
 .text.__sinit_lock_release
                0x0000000008011f14        0xc d:/stm32cubeide_1.7.0/stm32cubeide/plugins/com.st.stm32cube.ide.mcu.externaltools.gnu-tools-for-stm32.9-2020-q2-update.win32_2.0.0.202105311346/tools/bin/../lib/gcc/arm-none-eabi/9.3.1/../../../../arm-none-eabi/lib/thumb/v7e-m+fp/hard\libc_nano.a(lib_a-findfp.o)
                0x0000000008011f14                __sinit_lock_release
 .text.__sinit  0x0000000008011f20       0x70 d:/stm32cubeide_1.7.0/stm32cubeide/plugins/com.st.stm32cube.ide.mcu.externaltools.gnu-tools-for-stm32.9-2020-q2-update.win32_2.0.0.202105311346/tools/bin/../lib/gcc/arm-none-eabi/9.3.1/../../../../arm-none-eabi/lib/thumb/v7e-m+fp/hard\libc_nano.a(lib_a-findfp.o)
                0x0000000008011f20                __sinit
 .text.__sfp    0x0000000008011f90       0x8c d:/stm32cubeide_1.7.0/stm32cubeide/plugins/com.st.stm32cube.ide.mcu.externaltools.gnu-tools-for-stm32.9-2020-q2-update.win32_2.0.0.202105311346/tools/bin/../lib/gcc/arm-none-eabi/9.3.1/../../../../arm-none-eabi/lib/thumb/v7e-m+fp/hard\libc_nano.a(lib_a-findfp.o)
                0x0000000008011f90                __sfp
 .text._fwalk_reent
                0x000000000801201c       0x3e d:/stm32cubeide_1.7.0/stm32cubeide/plugins/com.st.stm32cube.ide.mcu.externaltools.gnu-tools-for-stm32.9-2020-q2-update.win32_2.0.0.202105311346/tools/bin/../lib/gcc/arm-none-eabi/9.3.1/../../../../arm-none-eabi/lib/thumb/v7e-m+fp/hard\libc_nano.a(lib_a-fwalk.o)
                0x000000000801201c                _fwalk_reent
 .text.__retarget_lock_init_recursive
                0x000000000801205a        0x2 d:/stm32cubeide_1.7.0/stm32cubeide/plugins/com.st.stm32cube.ide.mcu.externaltools.gnu-tools-for-stm32.9-2020-q2-update.win32_2.0.0.202105311346/tools/bin/../lib/gcc/arm-none-eabi/9.3.1/../../../../arm-none-eabi/lib/thumb/v7e-m+fp/hard\libc_nano.a(lib_a-lock.o)
                0x000000000801205a                __retarget_lock_init_recursive
 .text.__retarget_lock_acquire_recursive
                0x000000000801205c        0x2 d:/stm32cubeide_1.7.0/stm32cubeide/plugins/com.st.stm32cube.ide.mcu.externaltools.gnu-tools-for-stm32.9-2020-q2-update.win32_2.0.0.202105311346/tools/bin/../lib/gcc/arm-none-eabi/9.3.1/../../../../arm-none-eabi/lib/thumb/v7e-m+fp/hard\libc_nano.a(lib_a-lock.o)
                0x000000000801205c                __retarget_lock_acquire_recursive
 .text.__retarget_lock_release_recursive
                0x000000000801205e        0x2 d:/stm32cubeide_1.7.0/stm32cubeide/plugins/com.st.stm32cube.ide.mcu.externaltools.gnu-tools-for-stm32.9-2020-q2-update.win32_2.0.0.202105311346/tools/bin/../lib/gcc/arm-none-eabi/9.3.1/../../../../arm-none-eabi/lib/thumb/v7e-m+fp/hard\libc_nano.a(lib_a-lock.o)
                0x000000000801205e                __retarget_lock_release_recursive
 .text.__swhatbuf_r
                0x0000000008012060       0x48 d:/stm32cubeide_1.7.0/stm32cubeide/plugins/com.st.stm32cube.ide.mcu.externaltools.gnu-tools-for-stm32.9-2020-q2-update.win32_2.0.0.202105311346/tools/bin/../lib/gcc/arm-none-eabi/9.3.1/../../../../arm-none-eabi/lib/thumb/v7e-m+fp/hard\libc_nano.a(lib_a-makebuf.o)
                0x0000000008012060                __swhatbuf_r
 .text.__smakebuf_r
                0x00000000080120a8       0x80 d:/stm32cubeide_1.7.0/stm32cubeide/plugins/com.st.stm32cube.ide.mcu.externaltools.gnu-tools-for-stm32.9-2020-q2-update.win32_2.0.0.202105311346/tools/bin/../lib/gcc/arm-none-eabi/9.3.1/../../../../arm-none-eabi/lib/thumb/v7e-m+fp/hard\libc_nano.a(lib_a-makebuf.o)
                0x00000000080120a8                __smakebuf_r
 .text.memmove  0x0000000008012128       0x34 d:/stm32cubeide_1.7.0/stm32cubeide/plugins/com.st.stm32cube.ide.mcu.externaltools.gnu-tools-for-stm32.9-2020-q2-update.win32_2.0.0.202105311346/tools/bin/../lib/gcc/arm-none-eabi/9.3.1/../../../../arm-none-eabi/lib/thumb/v7e-m+fp/hard\libc_nano.a(lib_a-memmove.o)
                0x0000000008012128                memmove
 .text.__malloc_lock
                0x000000000801215c        0xc d:/stm32cubeide_1.7.0/stm32cubeide/plugins/com.st.stm32cube.ide.mcu.externaltools.gnu-tools-for-stm32.9-2020-q2-update.win32_2.0.0.202105311346/tools/bin/../lib/gcc/arm-none-eabi/9.3.1/../../../../arm-none-eabi/lib/thumb/v7e-m+fp/hard\libc_nano.a(lib_a-mlock.o)
                0x000000000801215c                __malloc_lock
 .text.__malloc_unlock
                0x0000000008012168        0xc d:/stm32cubeide_1.7.0/stm32cubeide/plugins/com.st.stm32cube.ide.mcu.externaltools.gnu-tools-for-stm32.9-2020-q2-update.win32_2.0.0.202105311346/tools/bin/../lib/gcc/arm-none-eabi/9.3.1/../../../../arm-none-eabi/lib/thumb/v7e-m+fp/hard\libc_nano.a(lib_a-mlock.o)
                0x0000000008012168                __malloc_unlock
 .text._realloc_r
                0x0000000008012174       0x4c d:/stm32cubeide_1.7.0/stm32cubeide/plugins/com.st.stm32cube.ide.mcu.externaltools.gnu-tools-for-stm32.9-2020-q2-update.win32_2.0.0.202105311346/tools/bin/../lib/gcc/arm-none-eabi/9.3.1/../../../../arm-none-eabi/lib/thumb/v7e-m+fp/hard\libc_nano.a(lib_a-nano-reallocr.o)
                0x0000000008012174                _realloc_r
 .text.__ssputs_r
                0x00000000080121c0       0xb6 d:/stm32cubeide_1.7.0/stm32cubeide/plugins/com.st.stm32cube.ide.mcu.externaltools.gnu-tools-for-stm32.9-2020-q2-update.win32_2.0.0.202105311346/tools/bin/../lib/gcc/arm-none-eabi/9.3.1/../../../../arm-none-eabi/lib/thumb/v7e-m+fp/hard\libc_nano.a(lib_a-nano-svfprintf.o)
                0x00000000080121c0                __ssputs_r
 *fill*         0x0000000008012276        0x2 
 .text._svfprintf_r
                0x0000000008012278      0x200 d:/stm32cubeide_1.7.0/stm32cubeide/plugins/com.st.stm32cube.ide.mcu.externaltools.gnu-tools-for-stm32.9-2020-q2-update.win32_2.0.0.202105311346/tools/bin/../lib/gcc/arm-none-eabi/9.3.1/../../../../arm-none-eabi/lib/thumb/v7e-m+fp/hard\libc_nano.a(lib_a-nano-svfprintf.o)
                0x0000000008012278                _svfiprintf_r
                0x0000000008012278                _svfprintf_r
 .text._raise_r
                0x0000000008012478       0x50 d:/stm32cubeide_1.7.0/stm32cubeide/plugins/com.st.stm32cube.ide.mcu.externaltools.gnu-tools-for-stm32.9-2020-q2-update.win32_2.0.0.202105311346/tools/bin/../lib/gcc/arm-none-eabi/9.3.1/../../../../arm-none-eabi/lib/thumb/v7e-m+fp/hard\libc_nano.a(lib_a-signal.o)