Archive member included to satisfy reference by file (symbol)

d:/stm32cubeide_1.7.0/stm32cubeide/plugins/com.st.stm32cube.ide.mcu.externaltools.gnu-tools-for-stm32.9-2020-q2-update.win32_2.0.0.202105311346/tools/bin/../lib/gcc/arm-none-eabi/9.3.1/../../../../arm-none-eabi/lib/thumb/v7e-m+fp/hard\libc_nano.a(lib_a-assert.o)
                              ./Core/Src/lfs.o (__assert_func)
d:/stm32cubeide_1.7.0/stm32cubeide/plugins/com.st.stm32cube.ide.mcu.externaltools.gnu-tools-for-stm32.9-2020-q2-update.win32_2.0.0.202105311346/tools/bin/../lib/gcc/arm-none-eabi/9.3.1/../../../../arm-none-eabi/lib/thumb/v7e-m+fp/hard\libc_nano.a(lib_a-errno.o)
                              ./Core/Src/syscalls.o (__errno)
d:/stm32cubeide_1.7.0/stm32cubeide/plugins/com.st.stm32cube.ide.mcu.externaltools.gnu-tools-for-stm32.9-2020-q2-update.win32_2.0.0.202105311346/tools/bin/../lib/gcc/arm-none-eabi/9.3.1/../../../../arm-none-eabi/lib/thumb/v7e-m+fp/hard\libc_nano.a(lib_a-exit.o)
                              d:/stm32cubeide_1.7.0/stm32cubeide/plugins/com.st.stm32cube.ide.mcu.externaltools.gnu-tools-for-stm32.9-2020-q2-update.win32_2.0.0.202105311346/tools/bin/../lib/gcc/arm-none-eabi/9.3.1/../../../../arm-none-eabi/lib/thumb/v7e-m+fp/hard/crt0.o (exit)
d:/stm32cubeide_1.7.0/stm32cubeide/plugins/com.st.stm32cube.ide.mcu.externaltools.gnu-tools-for-stm32.9-2020-q2-update.win32_2.0.0.202105311346/tools/bin/../lib/gcc/arm-none-eabi/9.3.1/../../../../arm-none-eabi/lib/thumb/v7e-m+fp/hard\libc_nano.a(lib_a-fprintf.o)
                              d:/stm32cubeide_1.7.0/stm32cubeide/plugins/com.st.stm32cube.ide.mcu.externaltools.gnu-tools-for-stm32.9-2020-q2-update.win32_2.0.0.202105311346/tools/bin/../lib/gcc/arm-none-eabi/9.3.1/../../../../arm-none-eabi/lib/thumb/v7e-m+fp/hard\libc_nano.a(lib_a-assert.o) (fiprintf)
d:/stm32cubeide_1.7.0/stm32cubeide/plugins/com.st.stm32cube.ide.mcu.externaltools.gnu-tools-for-stm32.9-2020-q2-update.win32_2.0.0.202105311346/tools/bin/../lib/gcc/arm-none-eabi/9.3.1/../../../../arm-none-eabi/lib/thumb/v7e-m+fp/hard\libc_nano.a(lib_a-impure.o)
                              d:/stm32cubeide_1.7.0/stm32cubeide/plugins/com.st.stm32cube.ide.mcu.externaltools.gnu-tools-for-stm32.9-2020-q2-update.win32_2.0.0.202105311346/tools/bin/../lib/gcc/arm-none-eabi/9.3.1/../../../../arm-none-eabi/lib/thumb/v7e-m+fp/hard\libc_nano.a(lib_a-exit.o) (_global_impure_ptr)
d:/stm32cubeide_1.7.0/stm32cubeide/plugins/com.st.stm32cube.ide.mcu.externaltools.gnu-tools-for-stm32.9-2020-q2-update.win32_2.0.0.202105311346/tools/bin/../lib/gcc/arm-none-eabi/9.3.1/../../../../arm-none-eabi/lib/thumb/v7e-m+fp/hard\libc_nano.a(lib_a-init.o)
                              d:/stm32cubeide_1.7.0/stm32cubeide/plugins/com.st.stm32cube.ide.mcu.externaltools.gnu-tools-for-stm32.9-2020-q2-update.win32_2.0.0.202105311346/tools/bin/../lib/gcc/arm-none-eabi/9.3.1/../../../../arm-none-eabi/lib/thumb/v7e-m+fp/hard/crt0.o (__libc_init_array)
d:/stm32cubeide_1.7.0/stm32cubeide/plugins/com.st.stm32cube.ide.mcu.externaltools.gnu-tools-for-stm32.9-2020-q2-update.win32_2.0.0.202105311346/tools/bin/../lib/gcc/arm-none-eabi/9.3.1/../../../../arm-none-eabi/lib/thumb/v7e-m+fp/hard\libc_nano.a(lib_a-malloc.o)
                              ./Core/Src/lfs.o (malloc)
d:/stm32cubeide_1.7.0/stm32cubeide/plugins/com.st.stm32cube.ide.mcu.externaltools.gnu-tools-for-stm32.9-2020-q2-update.win32_2.0.0.202105311346/tools/bin/../lib/gcc/arm-none-eabi/9.3.1/../../../../arm-none-eabi/lib/thumb/v7e-m+fp/hard\libc_nano.a(lib_a-memcmp.o)
                              ./Core/Src/lfs.o (memcmp)
d:/stm32cubeide_1.7.0/stm32cubeide/plugins/com.st.stm32cube.ide.mcu.externaltools.gnu-tools-for-stm32.9-2020-q2-update.win32_2.0.0.202105311346/tools/bin/../lib/gcc/arm-none-eabi/9.3.1/../../../../arm-none-eabi/lib/thumb/v7e-m+fp/hard\libc_nano.a(lib_a-memcpy-stub.o)
                              ./Core/Src/command_parser.o (memcpy)
d:/stm32cubeide_1.7.0/stm32cubeide/plugins/com.st.stm32cube.ide.mcu.externaltools.gnu-tools-for-stm32.9-2020-q2-update.win32_2.0.0.202105311346/tools/bin/../lib/gcc/arm-none-eabi/9.3.1/../../../../arm-none-eabi/lib/thumb/v7e-m+fp/hard\libc_nano.a(lib_a-memset.o)
                              d:/stm32cubeide_1.7.0/stm32cubeide/plugins/com.st.stm32cube.ide.mcu.externaltools.gnu-tools-for-stm32.9-2020-q2-update.win32_2.0.0.202105311346/tools/bin/../lib/gcc/arm-none-eabi/9.3.1/../../../../arm-none-eabi/lib/thumb/v7e-m+fp/hard/crt0.o (memset)
d:/stm32cubeide_1.7.0/stm32cubeide/plugins/com.st.stm32cube.ide.mcu.externaltools.gnu-tools-for-stm32.9-2020-q2-update.win32_2.0.0.202105311346/tools/bin/../lib/gcc/arm-none-eabi/9.3.1/../../../../arm-none-eabi/lib/thumb/v7e-m+fp/hard\libc_nano.a(lib_a-nano-freer.o)
[...]
Memory Configuration

Name             Origin             Length             Attributes
CCMRAM           0x0000000010000000 0x0000000000010000 xrw
RAM              0x0000000020000000 0x0000000000030000 xrw
FLASH            0x0000000008000000 0x0000000000200000 xr
*default*        0x0000000000000000 0xffffffffffffffff

Linker script and memory map

LOAD d:/stm32cubeide_1.7.0/stm32cubeide/plugins/com.st.stm32cube.ide.mcu.externaltools.gnu-tools-for-stm32.9-2020-q2-update.win32_2.0.0.202105311346/tools/bin/../lib/gcc/arm-none-eabi/9.3.1/thumb/v7e-m+fp/hard/crti.o
LOAD d:/stm32cubeide_1.7.0/stm32cubeide/plugins/com.st.stm32cube.ide.mcu.externaltools.gnu-tools-for-stm32.9-2020-q2-update.win32_2.0.0.202105311346/tools/bin/../lib/gcc/arm-none-eabi/9.3.1/thumb/v7e-m+fp/hard/crtbegin.o
LOAD d:/stm32cubeide_1.7.0/stm32cubeide/plugins/com.st.stm32cube.ide.mcu.externaltools.gnu-tools-for-stm32.9-2020-q2-update.win32_2.0.0.202105311346/tools/bin/../lib/gcc/arm-none-eabi/9.3.1/../../../../arm-none-eabi/lib/thumb/v7e-m+fp/hard/crt0.o
LOAD ./Core/COMMON_FUNCTIONS/USR_FUNCTIONS.o
LOAD ./Core/COMMON_FUNCTIONS/mem_addr.o
LOAD ./Core/EXT_ADC/ADS7953SDBT.o
LOAD ./Core/Src/MT25Q.o
LOAD ./Core/Src/adc.o
LOAD ./Core/Src/command_parser.o
LOAD ./Core/Src/dma.o
LOAD ./Core/Src/gpio.o
LOAD ./Core/Src/imu.o
LOAD ./Core/Src/internal_adc.o
LOAD ./Core/Src/lfs.o
LOAD ./Core/Src/lfs_port.o
LOAD ./Core/Src/lfs_util.o
LOAD ./Core/Src/main.o
LOAD ./Core/Src/nor.o
LOAD ./Core/Src/nor_ids.o
LOAD ./Core/Src/spi.o
LOAD ./Core/Src/stm32f4xx_hal_msp.o
LOAD ./Core/Src/stm32f4xx_it.o
LOAD ./Core/Src/syscalls.o
LOAD ./Core/Src/sysmem.o
LOAD ./Core/Src/system_stm32f4xx.o
LOAD ./Core/Src/tim.o
LOAD ./Core/Src/usart.o
LOAD ./Core/Startup/startup_stm32f427aihx.o
LOAD ./Drivers/STM32F4xx_HAL_Driver/stm32f4xx_hal.o
LOAD ./Drivers/STM32F4xx_HAL_Driver/stm32f4xx_hal_adc.o
LOAD ./Drivers/STM32F4xx_HAL_Driver/stm32f4xx_hal_adc_ex.o
LOAD ./Drivers/STM32F4xx_HAL_Driver/stm32f4xx_hal_cortex.o
LOAD ./Drivers/STM32F4xx_HAL_Driver/stm32f4xx_hal_dma.o
LOAD ./Drivers/STM32F4xx_HAL_Driver/stm32f4xx_hal_dma_ex.o
LOAD ./Drivers/STM32F4xx_HAL_Driver/stm32f4xx_hal_exti.o
LOAD ./Drivers/STM32F4xx_HAL_Driver/stm32f4xx_hal_flash.o
LOAD ./Drivers/STM32F4xx_HAL_Driver/stm32f4xx_hal_flash_ex.o
LOAD ./Drivers/STM32F4xx_HAL_Driver/stm32f4xx_hal_flash_ramfunc.o
LOAD ./Drivers/STM32F4xx_HAL_Driver/stm32f4xx_hal_gpio.o
LOAD ./Drivers/STM32F4xx_HAL_Driver/stm32f4xx_hal_pcd.o
LOAD ./Drivers/STM32F4xx_HAL_Driver/stm32f4xx_hal_pcd_ex.o
LOAD ./Drivers/STM32F4xx_HAL_Driver/stm32f4xx_hal_pwr.o
LOAD ./Drivers/STM32F4xx_HAL_Driver/stm32f4xx_hal_pwr_ex.o
LOAD ./Drivers/STM32F4xx_HAL_Driver/stm32f4xx_hal_rcc.o
LOAD ./Drivers/STM32F4xx_HAL_Driver/stm32f4xx_hal_rcc_ex.o
LOAD ./Drivers/STM32F4xx_HAL_Driver/stm32f4xx_hal_spi.o
LOAD ./Drivers/STM32F4xx_HAL_Driver/stm32f4xx_hal_tim.o
LOAD ./Drivers/STM32F4xx_HAL_Driver/stm32f4xx_hal_tim_ex.o
LOAD ./Drivers/STM32F4xx_HAL_Driver/stm32f4xx_hal_uart.o
LOAD ./Drivers/STM32F4xx_HAL_Driver/stm32f4xx_ll_adc.o
LOAD ./Drivers/STM32F4xx_HAL_Driver/stm32f4xx_ll_usb.o
LOAD ./Middlewares/USB_Device_Library/usbd_cdc.o
LOAD ./Middlewares/USB_Device_Library/usbd_core.o
LOAD ./Middlewares/USB_Device_Library/usbd_ctlreq.o
LOAD ./Middlewares/USB_Device_Library/usbd_ioreq.o
LOAD ./USB_DEVICE/App/usb_device.o
LOAD ./USB_DEVICE/App/usbd_cdc_if.o
LOAD ./USB_DEVICE/App/usbd_desc.o
LOAD ./USB_DEVICE/Target/usbd_conf.o
START GROUP
LOAD d:/stm32cubeide_1.7.0/stm32cubeide/plugins/com.st.stm32cube.ide.mcu.externaltools.gnu-tools-for-stm32.9-2020-q2-update.win32_2.0.0.202105311346/tools/bin/../lib/gcc/arm-none-eabi/9.3.1/../../../../arm-none-eabi/lib/thumb/v7e-m+fp/hard\libc_nano.a
LOAD d:/stm32cubeide_1.7.0/stm32cubeide/plugins/com.st.stm32cube.ide.mcu.externaltools.gnu-tools-for-stm32.9-2020-q2-update.win32_2.0.0.202105311346/tools/bin/../lib/gcc/arm-none-eabi/9.3.1/../../../../arm-none-eabi/lib/thumb/v7e-m+fp/hard\libm.a
END GROUP
START GROUP
LOAD d:/stm32cubeide_1.7.0/stm32cubeide/plugins/com.st.stm32cube.ide.mcu.externaltools.gnu-tools-for-stm32.9-2020-q2-update.win32_2.0.0.202105311346/tools/bin/../lib/gcc/arm-none-eabi/9.3.1/thumb/v7e-m+fp/hard\libgcc.a
LOAD d:/stm32cubeide_1.7.0/stm32cubeide/plugins/com.st.stm32cube.ide.mcu.externaltools.gnu-tools-for-stm32.9-2020-q2-update.win32_2.0.0.202105311346/tools/bin/../lib/gcc/arm-none-eabi/9.3.1/../../../../arm-none-eabi/lib/thumb/v7e-m+fp/hard\libc_nano.a
END GROUP
START GROUP
LOAD d:/stm32cubeide_1.7.0/stm32cubeide/plugins/com.st.stm32cube.ide.mcu.externaltools.gnu-tools-for-stm32.9-2020-q2-update.win32_2.0.0.202105311346/tools/bin/../lib/gcc/arm-none-eabi/9.3.1/thumb/v7e-m+fp/hard\libgcc.a
LOAD d:/stm32cubeide_1.7.0/stm32cubeide/plugins/com.st.stm32cube.ide.mcu.externaltools.gnu-tools-for-stm32.9-2020-q2-update.win32_2.0.0.202105311346/tools/bin/../lib/gcc/arm-none-eabi/9.3.1/../../../../arm-none-eabi/lib/thumb/v7e-m+fp/hard\libc_nano.a
LOAD d:/stm32cubeide_1.7.0/stm32cubeide/plugins/com.st.stm32cube.ide.mcu.externaltools.gnu-tools-for-stm32.9-2020-q2-update.win32_2.0.0.202105311346/tools/bin/../lib/gcc/arm-none-eabi/9.3.1/../../../../arm-none-eabi/lib/thumb/v7e-m+fp/hard\libnosys.a
END GROUP
START GROUP
LOAD d:/stm32cubeide_1.7.0/stm32cubeide/plugins/com.st.stm32cube.ide.mcu.externaltools.gnu-tools-for-stm32.9-2020-q2-update.win32_2.0.0.202105311346/tools/bin/../lib/gcc/arm-none-eabi/9.3.1/thumb/v7e-m+fp/hard\libgcc.a
LOAD d:/stm32cubeide_1.7.0/stm32cubeide/plugins/com.st.stm32cube.ide.mcu.externaltools.gnu-tools-for-stm32.9-2020-q2-update.win32_2.0.0.202105311346/tools/bin/../lib/gcc/arm-none-eabi/9.3.1/../../../../arm-none-eabi/lib/thumb/v7e-m+fp/hard\libc_nano.a
LOAD d:/stm32cubeide_1.7.0/stm32cubeide/plugins/com.st.stm32cube.ide.mcu.externaltools.gnu-tools-for-stm32.9-2020-q2-update.win32_2.0.0.202105311346/tools/bin/../lib/gcc/arm-none-eabi/9.3.1/../../../../arm-none-eabi/lib/thumb/v7e-m+fp/hard\libnosys.a
END GROUP
LOAD d:/stm32cubeide_1.7.0/stm32cubeide/plugins/com.st.stm32cube.ide.mcu.externaltools.gnu-tools-for-stm32.9-2020-q2-update.win32_2.0.0.202105311346/tools/bin/../lib/gcc/arm-none-eabi/9.3.1/thumb/v7e-m+fp/hard/crtend.o
LOAD d:/stm32cubeide_1.7.0/stm32cubeide/plugins/com.st.stm32cube.ide.mcu.externaltools.gnu-tools-for-stm32.9-2020-q2-update.win32_2.0.0.202105311346/tools/bin/../lib/gcc/arm-none-eabi/9.3.1/thumb/v7e-m+fp/hard/crtn.o
                0x0000000020030000                _estack = (ORIGIN (RAM) + LENGTH (RAM))
                0x0000000000000200                _Min_Heap_Size = 0x200
                0x0000000000000400                _Min_Stack_Size = 0x400

.isr_vector     0x0000000008000000      0x1ac
                0x0000000008000000                . = ALIGN (0x4)
 *(.isr_vector)
 .isr_vector    0x0000000008000000      0x1ac ./Core/Startup/startup_stm32f427aihx.o
                0x0000000008000000                g_pfnVectors
                0x00000000080001ac                . = ALIGN (0x4)

.text           0x00000000080001b0    0x17568
                0x00000000080001b0                . = ALIGN (0x4)
 *(.text)
 .text          0x00000000080001b0       0x40 d:/stm32cubeide_1.7.0/stm32cubeide/plugins/com.st.stm32cube.ide.mcu.externaltools.gnu-tools-for-stm32.9-2020-q2-update.win32_2.0.0.202105311346/tools/bin/../lib/gcc/arm-none-eabi/9.3.1/thumb/v7e-m+fp/hard/crtbegin.o
 .text          0x00000000080001f0       0x14 d:/stm32cubeide_1.7.0/stm32cubeide/plugins/com.st.stm32cube.ide.mcu.externaltools.gnu-tools-for-stm32.9-2020-q2-update.win32_2.0.0.202105311346/tools/bin/../lib/gcc/arm-none-eabi/9.3.1/../../../../arm-none-eabi/lib/thumb/v7e-m+fp/hard\libc_nano.a(lib_a-strcmp.o)
                0x00000000080001f0                strcmp
 .text          0x0000000008000204       0x10 d:/stm32cubeide_1.7.0/stm32cubeide/plugins/com.st.stm32cube.ide.mcu.externaltools.gnu-tools-for-stm32.9-2020-q2-update.win32_2.0.0.202105311346/tools/bin/../lib/gcc/arm-none-eabi/9.3.1/../../../../arm-none-eabi/lib/thumb/v7e-m+fp/hard\libc_nano.a(lib_a-strlen.o)
                0x0000000008000204                strlen
 *fill*         0x0000000008000214        0xc 
 .text          0x0000000008000220       0xa0 d:/stm32cubeide_1.7.0/stm32cubeide/plugins/com.st.stm32cube.ide.mcu.externaltools.gnu-tools-for-stm32.9-2020-q2-update.win32_2.0.0.202105311346/tools/bin/../lib/gcc/arm-none-eabi/9.3.1/../../../../arm-none-eabi/lib/thumb/v7e-m+fp/hard\libc_nano.a(lib_a-memchr.o)
                0x0000000008000220                memchr
 .text          0x00000000080002c0      0x378 d:/stm32cubeide_1.7.0/stm32cubeide/plugins/com.st.stm32cube.ide.mcu.externaltools.gnu-tools-for-stm32.9-2020-q2-update.win32_2.0.0.202105311346/tools/bin/../lib/gcc/arm-none-eabi/9.3.1/thumb/v7e-m+fp/hard\libgcc.a(_arm_addsubdf3.o)
                0x00000000080002c0                __aeabi_drsub
                0x00000000080002c8                __aeabi_dsub
                0x00000000080002c8                __subdf3
                0x00000000080002cc                __aeabi_dadd
                0x00000000080002cc                __adddf3
                0x0000000008000544                __floatunsidf
                0x0000000008000544                __aeabi_ui2d
                0x0000000008000564                __floatsidf
                0x0000000008000564                __aeabi_i2d
                0x0000000008000588                __aeabi_f2d
                0x0000000008000588                __extendsfdf2
                0x00000000080005cc                __floatundidf
                0x00000000080005cc                __aeabi_ul2d
                0x00000000080005dc                __floatdidf
                0x00000000080005dc                __aeabi_l2d
 .text          0x0000000008000638      0x424 d:/stm32cubeide_1.7.0/stm32cubeide/plugins/com.st.stm32cube.ide.mcu.externaltools.gnu-tools-for-stm32.9-2020-q2-update.win32_2.0.0.202105311346/tools/bin/../lib/gcc/arm-none-eabi/9.3.1/thumb/v7e-m+fp/hard\libgcc.a(_arm_muldivdf3.o)
                0x0000000008000638                __aeabi_dmul
                0x0000000008000638                __muldf3
                0x000000000800088c                __divdf3
                0x000000000800088c                __aeabi_ddiv
 .text          0x0000000008000a5c       0xa0 d:/stm32cubeide_1.7.0/stm32cubeide/plugins/com.st.stm32cube.ide.mcu.externaltools.gnu-tools-for-stm32.9-2020-q2-update.win32_2.0.0.202105311346/tools/bin/../lib/gcc/arm-none-eabi/9.3.1/thumb/v7e-m+fp/hard\libgcc.a(_arm_truncdfsf2.o)
                0x0000000008000a5c                __truncdfsf2
                0x0000000008000a5c                __aeabi_d2f
 .text          0x0000000008000afc       0x30 d:/stm32cubeide_1.7.0/stm32cubeide/plugins/com.st.stm32cube.ide.mcu.externaltools.gnu-tools-for-stm32.9-2020-q2-update.win32_2.0.0.202105311346/tools/bin/../lib/gcc/arm-none-eabi/9.3.1/thumb/v7e-m+fp/hard\libgcc.a(_aeabi_uldivmod.o)
                0x0000000008000afc                __aeabi_uldivmod
 .text          0x0000000008000b2c       0x28 d:/stm32cubeide_1.7.0/stm32cubeide/plugins/com.st.stm32cube.ide.mcu.externaltools.gnu-tools-for-stm32.9-2020-q2-update.win32_2.0.0.202105311346/tools/bin/../lib/gcc/arm-none-eabi/9.3.1/thumb/v7e-m+fp/hard\libgcc.a(_popcountsi2.o)
                0x0000000008000b2c                __popcountsi2
 .text          0x0000000008000b54      0x2c4 d:/stm32cubeide_1.7.0/stm32cubeide/plugins/com.st.stm32cube.ide.mcu.externaltools.gnu-tools-for-stm32.9-2020-q2-update.win32_2.0.0.202105311346/tools/bin/../lib/gcc/arm-none-eabi/9.3.1/thumb/v7e-m+fp/hard\libgcc.a(_udivmoddi4.o)
                0x0000000008000b54                __udivmoddi4
 .text          0x0000000008000e18        0x4 d:/stm32cubeide_1.7.0/stm32cubeide/plugins/com.st.stm32cube.ide.mcu.externaltools.gnu-tools-for-stm32.9-2020-q2-update.win32_2.0.0.202105311346/tools/bin/../lib/gcc/arm-none-eabi/9.3.1/thumb/v7e-m+fp/hard\libgcc.a(_dvmd_tls.o)
                0x0000000008000e18                __aeabi_idiv0
                0x0000000008000e18                __aeabi_ldiv0
 *(.text*)
 .text.buffersize
                0x0000000008000e1c       0x2e ./Core/COMMON_FUNCTIONS/USR_FUNCTIONS.o
                0x0000000008000e1c                buffersize
 *fill*         0x0000000008000e4a        0x2 
 .text.myprintf
                0x0000000008000e4c       0x90 ./Core/COMMON_FUNCTIONS/USR_FUNCTIONS.o
                0x0000000008000e4c                myprintf
 .text.ADC_Enable
                0x0000000008000edc       0x20 ./Core/EXT_ADC/ADS7953SDBT.o
                0x0000000008000edc                ADC_Enable
 .text.ADC1_Enable
                0x0000000008000efc       0x20 ./Core/EXT_ADC/ADS7953SDBT.o
                0x0000000008000efc                ADC1_Enable
 .text.ADC_Disable
                0x0000000008000f1c       0x20 ./Core/EXT_ADC/ADS7953SDBT.o
                0x0000000008000f1c                ADC_Disable
 .text.ADC1_Disable
                0x0000000008000f3c       0x20 ./Core/EXT_ADC/ADS7953SDBT.o
                0x0000000008000f3c                ADC1_Disable
 .text.MANUAL_Select
                0x0000000008000f5c       0x58 ./Core/EXT_ADC/ADS7953SDBT.o
                0x0000000008000f5c                MANUAL_Select
 .text.AUTO_2_Select_ADC
                0x0000000008000fb4       0xb8 ./Core/EXT_ADC/ADS7953SDBT.o
                0x0000000008000fb4                AUTO_2_Select_ADC
 .text.AUTO_2_Select_ADC1
                0x000000000800106c       0xb0 ./Core/EXT_ADC/ADS7953SDBT.o
                0x000000000800106c                AUTO_2_Select_ADC1
 .text.ADC_AUTO_2_Program
                0x000000000800111c       0x50 ./Core/EXT_ADC/ADS7953SDBT.o
                0x000000000800111c                ADC_AUTO_2_Program
 .text.ADC1_AUTO_2_Program
                0x000000000800116c       0x50 ./Core/EXT_ADC/ADS7953SDBT.o
                0x000000000800116c                ADC1_AUTO_2_Program
 .text.ADC_CombineData
                0x00000000080011bc       0xa4 ./Core/EXT_ADC/ADS7953SDBT.o
                0x00000000080011bc                ADC_CombineData
 .text.ADC_Conv_Data
                0x0000000008001260      0x39c ./Core/EXT_ADC/ADS7953SDBT.o
                0x0000000008001260                ADC_Conv_Data
 .text.ADC_Operate
                0x00000000080015fc       0x5a ./Core/EXT_ADC/ADS7953SDBT.o
                0x00000000080015fc                ADC_Operate
 *fill*         0x0000000008001656        0x2 
 .text.MX_ADC1_Init
                0x0000000008001658       0xa4 ./Core/Src/adc.o
                0x0000000008001658                MX_ADC1_Init
 .text.MX_ADC2_Init
                0x00000000080016fc       0xa4 ./Core/Src/adc.o
                0x00000000080016fc                MX_ADC2_Init
 .text.MX_ADC3_Init
                0x00000000080017a0       0xa4 ./Core/Src/adc.o
                0x00000000080017a0                MX_ADC3_Init
 .text.HAL_ADC_MspInit
                0x0000000008001844      0x404 ./Core/Src/adc.o
                0x0000000008001844                HAL_ADC_MspInit
 .text.truncate_text_file
                0x0000000008001c48       0x70 ./Core/Src/command_parser.o
                0x0000000008001c48                truncate_text_file
 .text.truncate_text_file1
                0x0000000008001cb8       0x44 ./Core/Src/command_parser.o
                0x0000000008001cb8                truncate_text_file1
 .text.track_read_seek_pointer
                0x0000000008001cfc      0x1cc ./Core/Src/command_parser.o
                0x0000000008001cfc                track_read_seek_pointer
 .text.download_file_from_flash
                0x0000000008001ec8      0x2a0 ./Core/Src/command_parser.o
                0x0000000008001ec8                download_file_from_flash
 .text.perform_file_operations
                0x0000000008002168      0x190 ./Core/Src/command_parser.o
                0x0000000008002168                perform_file_operations
 .text.parse_command
                0x00000000080022f8      0x938 ./Core/Src/command_parser.o
                0x00000000080022f8                parse_command
 .text.MX_DMA_Init
                0x0000000008002c30      0x14c ./Core/Src/dma.o
                0x0000000008002c30                MX_DMA_Init
 .text.MX_GPIO_Init
                0x0000000008002d7c      0x200 ./Core/Src/gpio.o
                0x0000000008002d7c                MX_GPIO_Init
 .text.buffersize1
                0x0000000008002f7c       0x2e ./Core/Src/imu.o
                0x0000000008002f7c                buffersize1
 *fill*         0x0000000008002faa        0x2 
 .text.myDebug  0x0000000008002fac       0x48 ./Core/Src/imu.o
                0x0000000008002fac                myDebug
 .text.LIS3MDL_ReadReg
                0x0000000008002ff4       0x58 ./Core/Src/imu.o
                0x0000000008002ff4                LIS3MDL_ReadReg
 .text.MPU_CS   0x000000000800304c       0x24 ./Core/Src/imu.o
                0x000000000800304c                MPU_CS
 .text.MPU6500_ReadReg
                0x0000000008003070       0x46 ./Core/Src/imu.o
                0x0000000008003070                MPU6500_ReadReg
 *fill*         0x00000000080030b6        0x2 
 .text.IMU_Data
                0x00000000080030b8      0x184 ./Core/Src/imu.o
                0x00000000080030b8                IMU_Data
 .text.HK_IMU   0x000000000800323c        0xc ./Core/Src/imu.o
                0x000000000800323c                HK_IMU
 .text.lfs_max  0x0000000008003248       0x20 ./Core/Src/lfs.o
 .text.lfs_min  0x0000000008003268       0x20 ./Core/Src/lfs.o
 .text.lfs_aligndown
                0x0000000008003288       0x2a ./Core/Src/lfs.o
 .text.lfs_alignup
                0x00000000080032b2       0x24 ./Core/Src/lfs.o
 .text.lfs_npw2
                0x00000000080032d6       0x20 ./Core/Src/lfs.o
 .text.lfs_ctz  0x00000000080032f6       0x1e ./Core/Src/lfs.o
 .text.lfs_popc
                0x0000000008003314       0x18 ./Core/Src/lfs.o
 .text.lfs_scmp
                0x000000000800332c       0x1c ./Core/Src/lfs.o
 .text.lfs_fromle32
                0x0000000008003348       0x16 ./Core/Src/lfs.o
 .text.lfs_tole32
                0x000000000800335e       0x18 ./Core/Src/lfs.o
 .text.lfs_frombe32
                0x0000000008003376       0x18 ./Core/Src/lfs.o
 .text.lfs_tobe32
                0x000000000800338e       0x18 ./Core/Src/lfs.o
 .text.lfs_malloc
                0x00000000080033a6       0x18 ./Core/Src/lfs.o
 .text.lfs_free
                0x00000000080033be       0x16 ./Core/Src/lfs.o
 .text.lfs_cache_drop
                0x00000000080033d4       0x1e ./Core/Src/lfs.o
 .text.lfs_cache_zero
                0x00000000080033f2       0x2c ./Core/Src/lfs.o
 *fill*         0x000000000800341e        0x2 
 .text.lfs_bd_read
                0x0000000008003420      0x298 ./Core/Src/lfs.o
 .text.lfs_bd_cmp
                0x00000000080036b8       0xa2 ./Core/Src/lfs.o
 .text.lfs_bd_crc
                0x000000000800375a       0x8c ./Core/Src/lfs.o
 *fill*         0x00000000080037e6        0x2 
 .text.lfs_bd_flush
                0x00000000080037e8       0xf4 ./Core/Src/lfs.o
 .text.lfs_bd_sync
                0x00000000080038dc       0x68 ./Core/Src/lfs.o
 .text.lfs_bd_prog
                0x0000000008003944      0x158 ./Core/Src/lfs.o
 .text.lfs_bd_erase
                0x0000000008003a9c       0x64 ./Core/Src/lfs.o
 .text.lfs_pair_swap
                0x0000000008003b00       0x2a ./Core/Src/lfs.o
 .text.lfs_pair_isnull
                0x0000000008003b2a       0x36 ./Core/Src/lfs.o
 .text.lfs_pair_cmp
                0x0000000008003b60       0x54 ./Core/Src/lfs.o
 .text.lfs_pair_issync
                0x0000000008003bb4       0x5a ./Core/Src/lfs.o
 .text.lfs_pair_fromle32
                0x0000000008003c0e       0x34 ./Core/Src/lfs.o
 .text.lfs_pair_tole32
                0x0000000008003c42       0x34 ./Core/Src/lfs.o
 .text.lfs_tag_isvalid
                0x0000000008003c76       0x1c ./Core/Src/lfs.o
 .text.lfs_tag_isdelete
                0x0000000008003c92       0x26 ./Core/Src/lfs.o
 .text.lfs_tag_type1
                0x0000000008003cb8       0x20 ./Core/Src/lfs.o
 .text.lfs_tag_type2
                0x0000000008003cd8       0x20 ./Core/Src/lfs.o
 .text.lfs_tag_type3
                0x0000000008003cf8       0x20 ./Core/Src/lfs.o
 .text.lfs_tag_chunk
                0x0000000008003d18       0x1a ./Core/Src/lfs.o
 .text.lfs_tag_splice
                0x0000000008003d32       0x1a ./Core/Src/lfs.o
 .text.lfs_tag_id
                0x0000000008003d4c       0x20 ./Core/Src/lfs.o
 .text.lfs_tag_size
                0x0000000008003d6c       0x1a ./Core/Src/lfs.o
 .text.lfs_tag_dsize
                0x0000000008003d86       0x28 ./Core/Src/lfs.o
 .text.lfs_gstate_xor
                0x0000000008003dae       0x4a ./Core/Src/lfs.o
 .text.lfs_gstate_iszero
                0x0000000008003df8       0x3a ./Core/Src/lfs.o
 .text.lfs_gstate_hasorphans
                0x0000000008003e32       0x26 ./Core/Src/lfs.o
 .text.lfs_gstate_getorphans
                0x0000000008003e58       0x1e ./Core/Src/lfs.o
 .text.lfs_gstate_hasmove
                0x0000000008003e76       0x26 ./Core/Src/lfs.o
 .text.lfs_gstate_needssuperblock
                0x0000000008003e9c       0x28 ./Core/Src/lfs.o
 .text.lfs_gstate_hasmovehere
                0x0000000008003ec4       0x40 ./Core/Src/lfs.o
 .text.lfs_gstate_fromle32
                0x0000000008003f04       0x40 ./Core/Src/lfs.o
 .text.lfs_gstate_tole32
                0x0000000008003f44       0x40 ./Core/Src/lfs.o
 .text.lfs_fcrc_fromle32
                0x0000000008003f84       0x30 ./Core/Src/lfs.o
 .text.lfs_fcrc_tole32
                0x0000000008003fb4       0x30 ./Core/Src/lfs.o
 .text.lfs_ctz_fromle32
                0x0000000008003fe4       0x30 ./Core/Src/lfs.o
 .text.lfs_ctz_tole32
                0x0000000008004014       0x30 ./Core/Src/lfs.o
 .text.lfs_superblock_fromle32
                0x0000000008004044       0x70 ./Core/Src/lfs.o
 .text.lfs_superblock_tole32
                0x00000000080040b4       0x70 ./Core/Src/lfs.o
 .text.lfs_mlist_isopen
                0x0000000008004124       0x3a ./Core/Src/lfs.o
 .text.lfs_mlist_remove
                0x000000000800415e       0x44 ./Core/Src/lfs.o
 .text.lfs_mlist_append
                0x00000000080041a2       0x24 ./Core/Src/lfs.o
 *fill*         0x00000000080041c6        0x2 
 .text.lfs_fs_disk_version
                0x00000000080041c8       0x1c ./Core/Src/lfs.o
 .text.lfs_fs_disk_version_major
                0x00000000080041e4       0x1c ./Core/Src/lfs.o
 .text.lfs_fs_disk_version_minor
                0x0000000008004200       0x1a ./Core/Src/lfs.o
 .text.lfs_alloc_lookahead
                0x000000000800421a       0x6a ./Core/Src/lfs.o
 .text.lfs_alloc_ack
                0x0000000008004284       0x1c ./Core/Src/lfs.o
 .text.lfs_alloc_drop
                0x00000000080042a0       0x22 ./Core/Src/lfs.o
 *fill*         0x00000000080042c2        0x2 
 .text.lfs_fs_rawgc
                0x00000000080042c4       0x84 ./Core/Src/lfs.o
 .text.lfs_alloc
                0x0000000008004348      0x104 ./Core/Src/lfs.o
 .text.lfs_dir_getslice
                0x000000000800444c      0x1cc ./Core/Src/lfs.o
 .text.lfs_dir_get
                0x0000000008004618       0x36 ./Core/Src/lfs.o
 .text.lfs_dir_getread
                0x000000000800464e      0x1b6 ./Core/Src/lfs.o
 .text.lfs_dir_traverse_filter
                0x0000000008004804       0xb8 ./Core/Src/lfs.o
 .text.lfs_dir_traverse
                0x00000000080048bc      0x820 ./Core/Src/lfs.o
 .text.lfs_dir_fetchmatch
                0x00000000080050dc      0x790 ./Core/Src/lfs.o
 .text.lfs_dir_fetch
                0x000000000800586c       0x36 ./Core/Src/lfs.o
 *fill*         0x00000000080058a2        0x2 
 .text.lfs_dir_getgstate
                0x00000000080058a4       0x64 ./Core/Src/lfs.o
 .text.lfs_dir_getinfo
                0x0000000008005908       0xf4 ./Core/Src/lfs.o
 .text.lfs_dir_find_match
                0x00000000080059fc       0x92 ./Core/Src/lfs.o
 *fill*         0x0000000008005a8e        0x2 
 .text.lfs_dir_find
                0x0000000008005a90      0x1f4 ./Core/Src/lfs.o
 .text.lfs_dir_commitprog
                0x0000000008005c84       0x6c ./Core/Src/lfs.o
 .text.lfs_dir_commitattr
                0x0000000008005cf0      0x100 ./Core/Src/lfs.o
 .text.lfs_dir_commitcrc
                0x0000000008005df0      0x2e0 ./Core/Src/lfs.o
 .text.lfs_dir_alloc
                0x00000000080060d0       0xf2 ./Core/Src/lfs.o
 .text.lfs_dir_split
                0x00000000080061c2       0xa8 ./Core/Src/lfs.o
 .text.lfs_dir_commit_size
                0x000000000800626a       0x2c ./Core/Src/lfs.o
 .text.lfs_dir_commit_commit
                0x0000000008006296       0x2a ./Core/Src/lfs.o
 .text.lfs_dir_needsrelocation
                0x00000000080062c0       0x4c ./Core/Src/lfs.o
 .text.lfs_dir_compact
                0x000000000800630c      0x3ec ./Core/Src/lfs.o
 .text.lfs_dir_splittingcompact
                0x00000000080066f8      0x22c ./Core/Src/lfs.o
 .text.lfs_dir_relocatingcommit
                0x0000000008006924      0x568 ./Core/Src/lfs.o
 .text.lfs_dir_orphaningcommit
                0x0000000008006e8c      0x5f4 ./Core/Src/lfs.o
 .text.lfs_dir_commit
                0x0000000008007480       0x4a ./Core/Src/lfs.o
 *fill*         0x00000000080074ca        0x2 
 .text.lfs_dir_rawopen
                0x00000000080074cc       0xf4 ./Core/Src/lfs.o
 .text.lfs_dir_rawclose
                0x00000000080075c0       0x1c ./Core/Src/lfs.o
 .text.lfs_dir_rawread
                0x00000000080075dc      0x108 ./Core/Src/lfs.o
 .text.lfs_ctz_index
                0x00000000080076e4       0x70 ./Core/Src/lfs.o
 .text.lfs_ctz_find
                0x0000000008007754       0xd6 ./Core/Src/lfs.o
 *fill*         0x000000000800782a        0x2 
 .text.lfs_ctz_extend
                0x000000000800782c      0x210 ./Core/Src/lfs.o
 .text.lfs_ctz_traverse
                0x0000000008007a3c       0xfc ./Core/Src/lfs.o
 .text.lfs_file_rawopencfg
                0x0000000008007b38      0x3a0 ./Core/Src/lfs.o
 .text.lfs_file_rawopen
                0x0000000008007ed8       0x30 ./Core/Src/lfs.o
 .text.lfs_file_rawclose
                0x0000000008007f08       0x3a ./Core/Src/lfs.o
 *fill*         0x0000000008007f42        0x2 
 .text.lfs_file_relocate
                0x0000000008007f44      0x1b4 ./Core/Src/lfs.o
 .text.lfs_file_outline
                0x00000000080080f8       0x42 ./Core/Src/lfs.o
 *fill*         0x000000000800813a        0x2 
 .text.lfs_file_flush
                0x000000000800813c      0x1a8 ./Core/Src/lfs.o
 .text.lfs_file_rawsync
                0x00000000080082e4      0x118 ./Core/Src/lfs.o
 .text.lfs_file_flushedread
                0x00000000080083fc      0x1a4 ./Core/Src/lfs.o
 .text.lfs_file_rawread
                0x00000000080085a0       0x6c ./Core/Src/lfs.o
 .text.lfs_file_flushedwrite
                0x000000000800860c      0x252 ./Core/Src/lfs.o
 *fill*         0x000000000800885e        0x2 
 .text.lfs_file_rawwrite
                0x0000000008008860      0x108 ./Core/Src/lfs.o
 .text.lfs_file_rawseek
                0x0000000008008968      0x112 ./Core/Src/lfs.o
 .text.lfs_file_rawsize
                0x0000000008008a7a       0x36 ./Core/Src/lfs.o
 .text.lfs_init
                0x0000000008008ab0      0x398 ./Core/Src/lfs.o
 .text.lfs_deinit
                0x0000000008008e48       0x4e ./Core/Src/lfs.o
 *fill*         0x0000000008008e96        0x2 
 .text.lfs_rawformat
                0x0000000008008e98      0x164 ./Core/Src/lfs.o
 .text.lfs_rawmount
                0x0000000008008ffc      0x41c ./Core/Src/lfs.o
 .text.lfs_rawunmount
                0x0000000008009418       0x18 ./Core/Src/lfs.o
 .text.lfs_fs_rawtraverse
                0x0000000008009430      0x2a4 ./Core/Src/lfs.o
 .text.lfs_fs_pred
                0x00000000080096d4       0xe0 ./Core/Src/lfs.o
 .text.lfs_fs_parent_match
                0x00000000080097b4       0x84 ./Core/Src/lfs.o
 .text.lfs_fs_parent
                0x0000000008009838      0x104 ./Core/Src/lfs.o
 .text.lfs_fs_prepsuperblock
                0x000000000800993c       0x2a ./Core/Src/lfs.o
 *fill*         0x0000000008009966        0x2 
 .text.lfs_fs_preporphans
                0x0000000008009968       0xa0 ./Core/Src/lfs.o
 .text.lfs_fs_prepmove
                0x0000000008009a08       0x74 ./Core/Src/lfs.o
 .text.lfs_fs_desuperblock
                0x0000000008009a7c       0xd8 ./Core/Src/lfs.o
 .text.lfs_fs_demove
                0x0000000008009b54       0xf8 ./Core/Src/lfs.o
 .text.lfs_fs_deorphan
                0x0000000008009c4c      0x360 ./Core/Src/lfs.o
 .text.lfs_fs_forceconsistency
                0x0000000008009fac       0x4a ./Core/Src/lfs.o
 .text.lfs_fs_size_count
                0x0000000008009ff6       0x26 ./Core/Src/lfs.o
 .text.lfs_fs_rawsize
                0x000000000800a01c       0x34 ./Core/Src/lfs.o
 .text.lfs_format
                0x000000000800a050       0x2c ./Core/Src/lfs.o
                0x000000000800a050                lfs_format
 .text.lfs_mount
                0x000000000800a07c       0x2c ./Core/Src/lfs.o
                0x000000000800a07c                lfs_mount
 .text.lfs_file_open
                0x000000000800a0a8       0x68 ./Core/Src/lfs.o
                0x000000000800a0a8                lfs_file_open
 .text.lfs_file_close
                0x000000000800a110       0x58 ./Core/Src/lfs.o
                0x000000000800a110                lfs_file_close
 .text.lfs_file_read
                0x000000000800a168       0x60 ./Core/Src/lfs.o
                0x000000000800a168                lfs_file_read
 .text.lfs_file_write
                0x000000000800a1c8       0x60 ./Core/Src/lfs.o
                0x000000000800a1c8                lfs_file_write
 .text.lfs_file_seek
                0x000000000800a228       0x60 ./Core/Src/lfs.o
                0x000000000800a228                lfs_file_seek
 .text.lfs_dir_open
                0x000000000800a288       0x64 ./Core/Src/lfs.o
                0x000000000800a288                lfs_dir_open
 .text.lfs_dir_close
                0x000000000800a2ec       0x2c ./Core/Src/lfs.o
                0x000000000800a2ec                lfs_dir_close
 .text.lfs_dir_read
                0x000000000800a318       0x30 ./Core/Src/lfs.o
                0x000000000800a318                lfs_dir_read
 .text.lfs_crc  0x000000000800a348       0x7c ./Core/Src/lfs_util.o
                0x000000000800a348                lfs_crc
 .text.nor_delay_us
                0x000000000800a3c4       0x18 ./Core/Src/main.o
                0x000000000800a3c4                nor_delay_us
 .text.nor_cs_assert
                0x000000000800a3dc       0x18 ./Core/Src/main.o
                0x000000000800a3dc                nor_cs_assert
 .text.nor_cs_deassert
                0x000000000800a3f4       0x18 ./Core/Src/main.o
                0x000000000800a3f4                nor_cs_deassert
 .text.nor_spi_tx
                0x000000000800a40c       0x30 ./Core/Src/main.o
                0x000000000800a40c                nor_spi_tx
 .text.nor_spi_rx
                0x000000000800a43c       0x30 ./Core/Src/main.o
                0x000000000800a43c                nor_spi_rx
 .text.__init_nor
                0x000000000800a46c       0x50 ./Core/Src/main.o
                0x000000000800a46c                __init_nor
 .text._fs_read
                0x000000000800a4bc       0x38 ./Core/Src/main.o
                0x000000000800a4bc                _fs_read
 .text._fs_write
                0x000000000800a4f4       0x38 ./Core/Src/main.o
                0x000000000800a4f4                _fs_write
 .text._fs_erase
                0x000000000800a52c       0x2c ./Core/Src/main.o
                0x000000000800a52c                _fs_erase
 .text._fs_sync
                0x000000000800a558       0x16 ./Core/Src/main.o
                0x000000000800a558                _fs_sync
 *fill*         0x000000000800a56e        0x2 
 .text.list_files
                0x000000000800a570      0x100 ./Core/Src/main.o
                0x000000000800a570                list_files
 .text.__init_littefs
                0x000000000800a670       0xac ./Core/Src/main.o
                0x000000000800a670                __init_littefs
 .text.list_files_with_size
                0x000000000800a71c      0x164 ./Core/Src/main.o
                0x000000000800a71c                list_files_with_size
 .text.__init_storage
                0x000000000800a880       0x10 ./Core/Src/main.o
                0x000000000800a880                __init_storage
 .text.HAL_TIM_PeriodElapsedCallback
                0x000000000800a890       0xb4 ./Core/Src/main.o
                0x000000000800a890                HAL_TIM_PeriodElapsedCallback
 .text.RUN_ADC2
                0x000000000800a944       0x90 ./Core/Src/main.o
                0x000000000800a944                RUN_ADC2
 .text.HAL_UART_RxCpltCallback
                0x000000000800a9d4       0x5c ./Core/Src/main.o
                0x000000000800a9d4                HAL_UART_RxCpltCallback
 .text.main     0x000000000800aa30      0x40c ./Core/Src/main.o
                0x000000000800aa30                main
 .text.SystemClock_Config
                0x000000000800ae3c       0xd4 ./Core/Src/main.o
                0x000000000800ae3c                SystemClock_Config
 .text.Error_Handler
                0x000000000800af10        0xa ./Core/Src/main.o
                0x000000000800af10                Error_Handler
 .text._nor_cs_assert
                0x000000000800af1a       0x16 ./Core/Src/nor.o
 .text._nor_cs_deassert
                0x000000000800af30       0x16 ./Core/Src/nor.o
 .text._nor_spi_tx
                0x000000000800af46       0x1e ./Core/Src/nor.o
 .text._nor_spi_rx
                0x000000000800af64       0x1e ./Core/Src/nor.o
 .text._nor_delay_us
                0x000000000800af82       0x1a ./Core/Src/nor.o
 .text._nor_ReadID
                0x000000000800af9c       0x42 ./Core/Src/nor.o
 .text._nor_ReadUniqID
                0x000000000800afde       0x62 ./Core/Src/nor.o
 .text._nor_WriteEnable
                0x000000000800b040       0x2e ./Core/Src/nor.o
 .text._nor_ReadStatusRegister
                0x000000000800b06e       0x84 ./Core/Src/nor.o
                0x000000000800b06e                _nor_ReadStatusRegister
 .text._nor_WaitForWriteEnd
                0x000000000800b0f2       0x78 ./Core/Src/nor.o
                0x000000000800b0f2                _nor_WaitForWriteEnd
 .text.NOR_Init
                0x000000000800b16a      0x17c ./Core/Src/nor.o
                0x000000000800b16a                NOR_Init
 *fill*         0x000000000800b2e6        0x2 
 .text.NOR_EraseAddress
                0x000000000800b2e8       0xb4 ./Core/Src/nor.o
                0x000000000800b2e8                NOR_EraseAddress
 .text.NOR_EraseSector
                0x000000000800b39c       0x48 ./Core/Src/nor.o
                0x000000000800b39c                NOR_EraseSector
 .text.NOR_WriteBytes
                0x000000000800b3e4       0xe0 ./Core/Src/nor.o
                0x000000000800b3e4                NOR_WriteBytes
 .text.NOR_WriteSector
                0x000000000800b4c4       0x70 ./Core/Src/nor.o
                0x000000000800b4c4                NOR_WriteSector
 .text.NOR_ReadBytes
                0x000000000800b534       0xdc ./Core/Src/nor.o
                0x000000000800b534                NOR_ReadBytes
 .text.NOR_ReadSector
                0x000000000800b610       0x70 ./Core/Src/nor.o
                0x000000000800b610                NOR_ReadSector
 .text.NOR_IDS_Interpret_Manufacturer
                0x000000000800b680       0x18 ./Core/Src/nor_ids.o
                0x000000000800b680                NOR_IDS_Interpret_Manufacturer
 .text.NOR_IDS_Interpret_Model
                0x000000000800b698       0x48 ./Core/Src/nor_ids.o
                0x000000000800b698                NOR_IDS_Interpret_Model
 .text.NOR_IDS_GetQtdBlocks
                0x000000000800b6e0       0xa2 ./Core/Src/nor_ids.o
                0x000000000800b6e0                NOR_IDS_GetQtdBlocks
 *fill*         0x000000000800b782        0x2 
 .text.MX_SPI2_Init
                0x000000000800b784       0x6c ./Core/Src/spi.o
                0x000000000800b784                MX_SPI2_Init
 .text.MX_SPI3_Init
                0x000000000800b7f0       0x6c ./Core/Src/spi.o
                0x000000000800b7f0                MX_SPI3_Init
 .text.MX_SPI4_Init
                0x000000000800b85c       0x6c ./Core/Src/spi.o
                0x000000000800b85c                MX_SPI4_Init
 .text.MX_SPI5_Init
                0x000000000800b8c8       0x6c ./Core/Src/spi.o
                0x000000000800b8c8                MX_SPI5_Init
 .text.HAL_SPI_MspInit
                0x000000000800b934      0x41c ./Core/Src/spi.o
                0x000000000800b934                HAL_SPI_MspInit
 .text.HAL_MspInit
                0x000000000800bd50       0x50 ./Core/Src/stm32f4xx_hal_msp.o
                0x000000000800bd50                HAL_MspInit
 .text.NMI_Handler
                0x000000000800bda0        0x6 ./Core/Src/stm32f4xx_it.o
                0x000000000800bda0                NMI_Handler
 .text.HardFault_Handler
                0x000000000800bda6        0x6 ./Core/Src/stm32f4xx_it.o
                0x000000000800bda6                HardFault_Handler
 .text.MemManage_Handler
                0x000000000800bdac        0x6 ./Core/Src/stm32f4xx_it.o
                0x000000000800bdac                MemManage_Handler
 .text.BusFault_Handler
                0x000000000800bdb2        0x6 ./Core/Src/stm32f4xx_it.o
                0x000000000800bdb2                BusFault_Handler
 .text.UsageFault_Handler
                0x000000000800bdb8        0x6 ./Core/Src/stm32f4xx_it.o
                0x000000000800bdb8                UsageFault_Handler
 .text.SVC_Handler
                0x000000000800bdbe        0xe ./Core/Src/stm32f4xx_it.o
                0x000000000800bdbe                SVC_Handler
 .text.DebugMon_Handler
                0x000000000800bdcc        0xe ./Core/Src/stm32f4xx_it.o
                0x000000000800bdcc                DebugMon_Handler
 .text.PendSV_Handler
                0x000000000800bdda        0xe ./Core/Src/stm32f4xx_it.o
                0x000000000800bdda                PendSV_Handler
 .text.SysTick_Handler
                0x000000000800bde8        0xc ./Core/Src/stm32f4xx_it.o
                0x000000000800bde8                SysTick_Handler
 .text.DMA1_Stream0_IRQHandler
                0x000000000800bdf4       0x14 ./Core/Src/stm32f4xx_it.o
                0x000000000800bdf4                DMA1_Stream0_IRQHandler
 .text.DMA1_Stream1_IRQHandler
                0x000000000800be08       0x14 ./Core/Src/stm32f4xx_it.o
                0x000000000800be08                DMA1_Stream1_IRQHandler
 .text.DMA1_Stream2_IRQHandler
                0x000000000800be1c       0x14 ./Core/Src/stm32f4xx_it.o
                0x000000000800be1c                DMA1_Stream2_IRQHandler
 .text.DMA1_Stream3_IRQHandler
                0x000000000800be30       0x14 ./Core/Src/stm32f4xx_it.o
                0x000000000800be30                DMA1_Stream3_IRQHandler
 .text.DMA1_Stream4_IRQHandler
                0x000000000800be44       0x14 ./Core/Src/stm32f4xx_it.o
                0x000000000800be44                DMA1_Stream4_IRQHandler
 .text.DMA1_Stream5_IRQHandler
                0x000000000800be58       0x14 ./Core/Src/stm32f4xx_it.o
                0x000000000800be58                DMA1_Stream5_IRQHandler
 .text.DMA1_Stream6_IRQHandler
                0x000000000800be6c       0x14 ./Core/Src/stm32f4xx_it.o
                0x000000000800be6c                DMA1_Stream6_IRQHandler
 .text.ADC_IRQHandler
                0x000000000800be80       0x28 ./Core/Src/stm32f4xx_it.o
                0x000000000800be80                ADC_IRQHandler
 .text.USART1_IRQHandler
                0x000000000800bea8       0x14 ./Core/Src/stm32f4xx_it.o
                0x000000000800bea8                USART1_IRQHandler
 .text.USART2_IRQHandler
                0x000000000800bebc       0x14 ./Core/Src/stm32f4xx_it.o
                0x000000000800bebc                USART2_IRQHandler
 .text.USART3_IRQHandler
                0x000000000800bed0       0x14 ./Core/Src/stm32f4xx_it.o
                0x000000000800bed0                USART3_IRQHandler
 .text.DMA1_Stream7_IRQHandler
                0x000000000800bee4       0x14 ./Core/Src/stm32f4xx_it.o
                0x000000000800bee4                DMA1_Stream7_IRQHandler
 .text.SPI3_IRQHandler
                0x000000000800bef8       0x14 ./Core/Src/stm32f4xx_it.o
                0x000000000800bef8                SPI3_IRQHandler
 .text.TIM6_DAC_IRQHandler
                0x000000000800bf0c       0x14 ./Core/Src/stm32f4xx_it.o
                0x000000000800bf0c                TIM6_DAC_IRQHandler
 .text.TIM7_IRQHandler
                0x000000000800bf20       0x14 ./Core/Src/stm32f4xx_it.o
                0x000000000800bf20                TIM7_IRQHandler
 .text.DMA2_Stream0_IRQHandler
                0x000000000800bf34       0x14 ./Core/Src/stm32f4xx_it.o
                0x000000000800bf34                DMA2_Stream0_IRQHandler
 .text.DMA2_Stream1_IRQHandler
                0x000000000800bf48       0x14 ./Core/Src/stm32f4xx_it.o
                0x000000000800bf48                DMA2_Stream1_IRQHandler
 .text.DMA2_Stream2_IRQHandler
                0x000000000800bf5c       0x14 ./Core/Src/stm32f4xx_it.o
                0x000000000800bf5c                DMA2_Stream2_IRQHandler
 .text.DMA2_Stream3_IRQHandler
                0x000000000800bf70       0x14 ./Core/Src/stm32f4xx_it.o
                0x000000000800bf70                DMA2_Stream3_IRQHandler
 .text.DMA2_Stream4_IRQHandler
                0x000000000800bf84       0x14 ./Core/Src/stm32f4xx_it.o
                0x000000000800bf84                DMA2_Stream4_IRQHandler
 .text.OTG_FS_IRQHandler
                0x000000000800bf98       0x14 ./Core/Src/stm32f4xx_it.o
                0x000000000800bf98                OTG_FS_IRQHandler
 .text.DMA2_Stream5_IRQHandler
                0x000000000800bfac       0x14 ./Core/Src/stm32f4xx_it.o
                0x000000000800bfac                DMA2_Stream5_IRQHandler
 .text.DMA2_Stream6_IRQHandler
                0x000000000800bfc0       0x14 ./Core/Src/stm32f4xx_it.o
                0x000000000800bfc0                DMA2_Stream6_IRQHandler
 .text.DMA2_Stream7_IRQHandler
                0x000000000800bfd4       0x14 ./Core/Src/stm32f4xx_it.o
                0x000000000800bfd4                DMA2_Stream7_IRQHandler
 .text.USART6_IRQHandler
                0x000000000800bfe8       0x14 ./Core/Src/stm32f4xx_it.o
                0x000000000800bfe8                USART6_IRQHandler
 .text.UART7_IRQHandler
                0x000000000800bffc       0x14 ./Core/Src/stm32f4xx_it.o
                0x000000000800bffc                UART7_IRQHandler
 .text.UART8_IRQHandler
                0x000000000800c010       0x14 ./Core/Src/stm32f4xx_it.o
                0x000000000800c010                UART8_IRQHandler
 .text.SPI4_IRQHandler
                0x000000000800c024       0x14 ./Core/Src/stm32f4xx_it.o
                0x000000000800c024                SPI4_IRQHandler
 .text.SPI5_IRQHandler
                0x000000000800c038       0x14 ./Core/Src/stm32f4xx_it.o
                0x000000000800c038                SPI5_IRQHandler
 .text._getpid  0x000000000800c04c       0x10 ./Core/Src/syscalls.o
                0x000000000800c04c                _getpid
 .text._kill    0x000000000800c05c       0x20 ./Core/Src/syscalls.o
                0x000000000800c05c                _kill
 .text._exit    0x000000000800c07c       0x14 ./Core/Src/syscalls.o
                0x000000000800c07c                _exit
 .text._read    0x000000000800c090       0x3a ./Core/Src/syscalls.o
                0x000000000800c090                _read
 .text._write   0x000000000800c0ca       0x38 ./Core/Src/syscalls.o
                0x000000000800c0ca                _write
 .text._close   0x000000000800c102       0x18 ./Core/Src/syscalls.o
                0x000000000800c102                _close
 .text._fstat   0x000000000800c11a       0x20 ./Core/Src/syscalls.o
                0x000000000800c11a                _fstat
 .text._isatty  0x000000000800c13a       0x16 ./Core/Src/syscalls.o
                0x000000000800c13a                _isatty
 .text._lseek   0x000000000800c150       0x1a ./Core/Src/syscalls.o
                0x000000000800c150                _lseek
 *fill*         0x000000000800c16a        0x2 
 .text._sbrk    0x000000000800c16c       0x6c ./Core/Src/sysmem.o
                0x000000000800c16c                _sbrk
 .text.SystemInit
                0x000000000800c1d8       0x24 ./Core/Src/system_stm32f4xx.o
                0x000000000800c1d8                SystemInit
 .text.MX_TIM6_Init
                0x000000000800c1fc       0x6c ./Core/Src/tim.o
                0x000000000800c1fc                MX_TIM6_Init
 .text.MX_TIM7_Init
                0x000000000800c268       0x6c ./Core/Src/tim.o
                0x000000000800c268                MX_TIM7_Init
 .text.HAL_TIM_Base_MspInit
                0x000000000800c2d4      0x15c ./Core/Src/tim.o
                0x000000000800c2d4                HAL_TIM_Base_MspInit
 .text.MX_UART7_Init
                0x000000000800c430       0x54 ./Core/Src/usart.o
                0x000000000800c430                MX_UART7_Init
 .text.MX_UART8_Init
                0x000000000800c484       0x54 ./Core/Src/usart.o
                0x000000000800c484                MX_UART8_Init
 .text.MX_USART1_UART_Init
                0x000000000800c4d8       0x54 ./Core/Src/usart.o
                0x000000000800c4d8                MX_USART1_UART_Init
 .text.MX_USART2_UART_Init
                0x000000000800c52c       0x54 ./Core/Src/usart.o
                0x000000000800c52c                MX_USART2_UART_Init
 .text.MX_USART3_UART_Init
                0x000000000800c580       0x54 ./Core/Src/usart.o
                0x000000000800c580                MX_USART3_UART_Init
 .text.MX_USART6_UART_Init
                0x000000000800c5d4       0x54 ./Core/Src/usart.o
                0x000000000800c5d4                MX_USART6_UART_Init
 .text.HAL_UART_MspInit
                0x000000000800c628      0x5d4 ./Core/Src/usart.o
                0x000000000800c628                HAL_UART_MspInit
 .text.Reset_Handler
                0x000000000800cbfc       0x50 ./Core/Startup/startup_stm32f427aihx.o
                0x000000000800cbfc                Reset_Handler
 .text.Default_Handler
                0x000000000800cc4c        0x2 ./Core/Startup/startup_stm32f427aihx.o
                0x000000000800cc4c                RTC_Alarm_IRQHandler
                0x000000000800cc4c                HASH_RNG_IRQHandler
                0x000000000800cc4c                EXTI2_IRQHandler
                0x000000000800cc4c                TIM8_CC_IRQHandler
                0x000000000800cc4c                TIM1_CC_IRQHandler
                0x000000000800cc4c                PVD_IRQHandler
                0x000000000800cc4c                SDIO_IRQHandler
                0x000000000800cc4c                TAMP_STAMP_IRQHandler
                0x000000000800cc4c                CAN2_RX1_IRQHandler
                0x000000000800cc4c                EXTI3_IRQHandler
                0x000000000800cc4c                TIM8_TRG_COM_TIM14_IRQHandler
                0x000000000800cc4c                TIM1_UP_TIM10_IRQHandler
                0x000000000800cc4c                TIM8_UP_TIM13_IRQHandler
                0x000000000800cc4c                I2C3_ER_IRQHandler
                0x000000000800cc4c                EXTI0_IRQHandler
                0x000000000800cc4c                I2C2_EV_IRQHandler
                0x000000000800cc4c                CAN1_RX0_IRQHandler
                0x000000000800cc4c                FPU_IRQHandler
                0x000000000800cc4c                OTG_HS_WKUP_IRQHandler
                0x000000000800cc4c                CAN2_SCE_IRQHandler
                0x000000000800cc4c                SPI1_IRQHandler
                0x000000000800cc4c                TIM1_BRK_TIM9_IRQHandler
                0x000000000800cc4c                DCMI_IRQHandler
                0x000000000800cc4c                CAN2_RX0_IRQHandler
                0x000000000800cc4c                CAN1_RX1_IRQHandler
                0x000000000800cc4c                UART5_IRQHandler
                0x000000000800cc4c                TIM4_IRQHandler
                0x000000000800cc4c                I2C1_EV_IRQHandler
                0x000000000800cc4c                UART4_IRQHandler
                0x000000000800cc4c                TIM3_IRQHandler
                0x000000000800cc4c                RCC_IRQHandler
                0x000000000800cc4c                TIM8_BRK_TIM12_IRQHandler
                0x000000000800cc4c                Default_Handler
                0x000000000800cc4c                EXTI15_10_IRQHandler
                0x000000000800cc4c                CAN2_TX_IRQHandler
                0x000000000800cc4c                TIM5_IRQHandler
                0x000000000800cc4c                I2C3_EV_IRQHandler
                0x000000000800cc4c                EXTI9_5_IRQHandler
                0x000000000800cc4c                RTC_WKUP_IRQHandler
                0x000000000800cc4c                ETH_WKUP_IRQHandler
                0x000000000800cc4c                SPI2_IRQHandler
                0x000000000800cc4c                OTG_HS_EP1_IN_IRQHandler
                0x000000000800cc4c                CAN1_TX_IRQHandler
                0x000000000800cc4c                EXTI4_IRQHandler
                0x000000000800cc4c                ETH_IRQHandler
                0x000000000800cc4c                OTG_HS_EP1_OUT_IRQHandler
                0x000000000800cc4c                WWDG_IRQHandler
                0x000000000800cc4c                SPI6_IRQHandler
                0x000000000800cc4c                TIM2_IRQHandler
                0x000000000800cc4c                OTG_FS_WKUP_IRQHandler
                0x000000000800cc4c                TIM1_TRG_COM_TIM11_IRQHandler
                0x000000000800cc4c                OTG_HS_IRQHandler
                0x000000000800cc4c                DMA2D_IRQHandler
                0x000000000800cc4c                EXTI1_IRQHandler
                0x000000000800cc4c                I2C2_ER_IRQHandler
                0x000000000800cc4c                CAN1_SCE_IRQHandler
                0x000000000800cc4c                FLASH_IRQHandler
                0x000000000800cc4c                I2C1_ER_IRQHandler
                0x000000000800cc4c                FMC_IRQHandler
                0x000000000800cc4c                SAI1_IRQHandler
 *fill*         0x000000000800cc4e        0x2 
 .text.HAL_Init
                0x000000000800cc50       0x44 ./Drivers/STM32F4xx_HAL_Driver/stm32f4xx_hal.o
                0x000000000800cc50                HAL_Init
 .text.HAL_InitTick
                0x000000000800cc94       0x60 ./Drivers/STM32F4xx_HAL_Driver/stm32f4xx_hal.o
                0x000000000800cc94                HAL_InitTick
 .text.HAL_IncTick
                0x000000000800ccf4       0x28 ./Drivers/STM32F4xx_HAL_Driver/stm32f4xx_hal.o
                0x000000000800ccf4                HAL_IncTick
 .text.HAL_GetTick
                0x000000000800cd1c       0x18 ./Drivers/STM32F4xx_HAL_Driver/stm32f4xx_hal.o
                0x000000000800cd1c                HAL_GetTick
 .text.HAL_Delay
                0x000000000800cd34       0x48 ./Drivers/STM32F4xx_HAL_Driver/stm32f4xx_hal.o
                0x000000000800cd34                HAL_Delay
 .text.HAL_ADC_Init
                0x000000000800cd7c       0x86 ./Drivers/STM32F4xx_HAL_Driver/stm32f4xx_hal_adc.o
                0x000000000800cd7c                HAL_ADC_Init
 .text.HAL_ADC_IRQHandler
                0x000000000800ce02      0x282 ./Drivers/STM32F4xx_HAL_Driver/stm32f4xx_hal_adc.o
                0x000000000800ce02                HAL_ADC_IRQHandler
 .text.HAL_ADC_ConvCpltCallback
                0x000000000800d084       0x14 ./Drivers/STM32F4xx_HAL_Driver/stm32f4xx_hal_adc.o
                0x000000000800d084                HAL_ADC_ConvCpltCallback
 .text.HAL_ADC_LevelOutOfWindowCallback
                0x000000000800d098       0x14 ./Drivers/STM32F4xx_HAL_Driver/stm32f4xx_hal_adc.o
                0x000000000800d098                HAL_ADC_LevelOutOfWindowCallback
 .text.HAL_ADC_ErrorCallback
                0x000000000800d0ac       0x14 ./Drivers/STM32F4xx_HAL_Driver/stm32f4xx_hal_adc.o
                0x000000000800d0ac                HAL_ADC_ErrorCallback
 .text.HAL_ADC_ConfigChannel
                0x000000000800d0c0      0x264 ./Drivers/STM32F4xx_HAL_Driver/stm32f4xx_hal_adc.o
                0x000000000800d0c0                HAL_ADC_ConfigChannel
 .text.ADC_Init
                0x000000000800d324      0x1f8 ./Drivers/STM32F4xx_HAL_Driver/stm32f4xx_hal_adc.o
 .text.HAL_ADCEx_InjectedConvCpltCallback
                0x000000000800d51c       0x14 ./Drivers/STM32F4xx_HAL_Driver/stm32f4xx_hal_adc_ex.o
                0x000000000800d51c                HAL_ADCEx_InjectedConvCpltCallback
 .text.__NVIC_SetPriorityGrouping
                0x000000000800d530       0x48 ./Drivers/STM32F4xx_HAL_Driver/stm32f4xx_hal_cortex.o
 .text.__NVIC_GetPriorityGrouping
                0x000000000800d578       0x1c ./Drivers/STM32F4xx_HAL_Driver/stm32f4xx_hal_cortex.o
 .text.__NVIC_EnableIRQ
                0x000000000800d594       0x3c ./Drivers/STM32F4xx_HAL_Driver/stm32f4xx_hal_cortex.o
 .text.__NVIC_SetPriority
                0x000000000800d5d0       0x54 ./Drivers/STM32F4xx_HAL_Driver/stm32f4xx_hal_cortex.o
 .text.NVIC_EncodePriority
                0x000000000800d624       0x66 ./Drivers/STM32F4xx_HAL_Driver/stm32f4xx_hal_cortex.o
 *fill*         0x000000000800d68a        0x2 
 .text.SysTick_Config
                0x000000000800d68c       0x44 ./Drivers/STM32F4xx_HAL_Driver/stm32f4xx_hal_cortex.o
 .text.HAL_NVIC_SetPriorityGrouping
                0x000000000800d6d0       0x16 ./Drivers/STM32F4xx_HAL_Driver/stm32f4xx_hal_cortex.o
                0x000000000800d6d0                HAL_NVIC_SetPriorityGrouping
 .text.HAL_NVIC_SetPriority
                0x000000000800d6e6       0x38 ./Drivers/STM32F4xx_HAL_Driver/stm32f4xx_hal_cortex.o
                0x000000000800d6e6                HAL_NVIC_SetPriority
 .text.HAL_NVIC_EnableIRQ
                0x000000000800d71e       0x1c ./Drivers/STM32F4xx_HAL_Driver/stm32f4xx_hal_cortex.o
                0x000000000800d71e                HAL_NVIC_EnableIRQ
 .text.HAL_SYSTICK_Config
                0x000000000800d73a       0x18 ./Drivers/STM32F4xx_HAL_Driver/stm32f4xx_hal_cortex.o
                0x000000000800d73a                HAL_SYSTICK_Config
 *fill*         0x000000000800d752        0x2 
 .text.HAL_DMA_Init
                0x000000000800d754      0x15c ./Drivers/STM32F4xx_HAL_Driver/stm32f4xx_hal_dma.o
                0x000000000800d754                HAL_DMA_Init
 .text.HAL_DMA_Start_IT
                0x000000000800d8b0       0xb0 ./Drivers/STM32F4xx_HAL_Driver/stm32f4xx_hal_dma.o
                0x000000000800d8b0                HAL_DMA_Start_IT
 .text.HAL_DMA_Abort
                0x000000000800d960       0xe0 ./Drivers/STM32F4xx_HAL_Driver/stm32f4xx_hal_dma.o
                0x000000000800d960                HAL_DMA_Abort
 .text.HAL_DMA_Abort_IT
                0x000000000800da40       0x44 ./Drivers/STM32F4xx_HAL_Driver/stm32f4xx_hal_dma.o
                0x000000000800da40                HAL_DMA_Abort_IT
 .text.HAL_DMA_IRQHandler
                0x000000000800da84      0x314 ./Drivers/STM32F4xx_HAL_Driver/stm32f4xx_hal_dma.o
                0x000000000800da84                HAL_DMA_IRQHandler
 .text.DMA_SetConfig
                0x000000000800dd98       0x5c ./Drivers/STM32F4xx_HAL_Driver/stm32f4xx_hal_dma.o
 .text.DMA_CalcBaseAndBitshift
                0x000000000800ddf4       0x6c ./Drivers/STM32F4xx_HAL_Driver/stm32f4xx_hal_dma.o
 .text.DMA_CheckFifoParam
                0x000000000800de60       0xf8 ./Drivers/STM32F4xx_HAL_Driver/stm32f4xx_hal_dma.o
 .text.HAL_GPIO_Init
                0x000000000800df58      0x358 ./Drivers/STM32F4xx_HAL_Driver/stm32f4xx_hal_gpio.o
                0x000000000800df58                HAL_GPIO_Init
 .text.HAL_GPIO_WritePin
                0x000000000800e2b0       0x32 ./Drivers/STM32F4xx_HAL_Driver/stm32f4xx_hal_gpio.o
                0x000000000800e2b0                HAL_GPIO_WritePin
 .text.HAL_PCD_Init
                0x000000000800e2e2      0x23a ./Drivers/STM32F4xx_HAL_Driver/stm32f4xx_hal_pcd.o
                0x000000000800e2e2                HAL_PCD_Init
 .text.HAL_PCD_Start
                0x000000000800e51c       0x66 ./Drivers/STM32F4xx_HAL_Driver/stm32f4xx_hal_pcd.o
                0x000000000800e51c                HAL_PCD_Start
 .text.HAL_PCD_IRQHandler
                0x000000000800e582      0x764 ./Drivers/STM32F4xx_HAL_Driver/stm32f4xx_hal_pcd.o
                0x000000000800e582                HAL_PCD_IRQHandler
 .text.HAL_PCD_SetAddress
                0x000000000800ece6       0x4a ./Drivers/STM32F4xx_HAL_Driver/stm32f4xx_hal_pcd.o
                0x000000000800ece6                HAL_PCD_SetAddress
 .text.HAL_PCD_EP_Open
                0x000000000800ed30       0xd0 ./Drivers/STM32F4xx_HAL_Driver/stm32f4xx_hal_pcd.o
                0x000000000800ed30                HAL_PCD_EP_Open
 .text.HAL_PCD_EP_Close
                0x000000000800ee00       0x94 ./Drivers/STM32F4xx_HAL_Driver/stm32f4xx_hal_pcd.o
                0x000000000800ee00                HAL_PCD_EP_Close
 .text.HAL_PCD_EP_Receive
                0x000000000800ee94       0x96 ./Drivers/STM32F4xx_HAL_Driver/stm32f4xx_hal_pcd.o
                0x000000000800ee94                HAL_PCD_EP_Receive
 .text.HAL_PCD_EP_GetRxCount
                0x000000000800ef2a       0x30 ./Drivers/STM32F4xx_HAL_Driver/stm32f4xx_hal_pcd.o
                0x000000000800ef2a                HAL_PCD_EP_GetRxCount
 .text.HAL_PCD_EP_Transmit
                0x000000000800ef5a       0x94 ./Drivers/STM32F4xx_HAL_Driver/stm32f4xx_hal_pcd.o
                0x000000000800ef5a                HAL_PCD_EP_Transmit
 .text.HAL_PCD_EP_SetStall
                0x000000000800efee       0xc8 ./Drivers/STM32F4xx_HAL_Driver/stm32f4xx_hal_pcd.o
                0x000000000800efee                HAL_PCD_EP_SetStall
 .text.HAL_PCD_EP_ClrStall
                0x000000000800f0b6       0xac ./Drivers/STM32F4xx_HAL_Driver/stm32f4xx_hal_pcd.o
                0x000000000800f0b6                HAL_PCD_EP_ClrStall
 .text.PCD_WriteEmptyTxFifo
                0x000000000800f162      0x11a ./Drivers/STM32F4xx_HAL_Driver/stm32f4xx_hal_pcd.o
 .text.PCD_EP_OutXfrComplete_int
                0x000000000800f27c      0x218 ./Drivers/STM32F4xx_HAL_Driver/stm32f4xx_hal_pcd.o
 .text.PCD_EP_OutSetupPacket_int
                0x000000000800f494       0x8c ./Drivers/STM32F4xx_HAL_Driver/stm32f4xx_hal_pcd.o
 .text.HAL_PCDEx_SetTxFiFo
                0x000000000800f520       0x8e ./Drivers/STM32F4xx_HAL_Driver/stm32f4xx_hal_pcd_ex.o
                0x000000000800f520                HAL_PCDEx_SetTxFiFo
 .text.HAL_PCDEx_SetRxFiFo
                0x000000000800f5ae       0x22 ./Drivers/STM32F4xx_HAL_Driver/stm32f4xx_hal_pcd_ex.o
                0x000000000800f5ae                HAL_PCDEx_SetRxFiFo
 .text.HAL_PCDEx_LPM_Callback
                0x000000000800f5d0       0x18 ./Drivers/STM32F4xx_HAL_Driver/stm32f4xx_hal_pcd_ex.o
                0x000000000800f5d0                HAL_PCDEx_LPM_Callback
 .text.HAL_RCC_OscConfig
                0x000000000800f5e8      0x4f0 ./Drivers/STM32F4xx_HAL_Driver/stm32f4xx_hal_rcc.o
                0x000000000800f5e8                HAL_RCC_OscConfig
 .text.HAL_RCC_ClockConfig
                0x000000000800fad8      0x1cc ./Drivers/STM32F4xx_HAL_Driver/stm32f4xx_hal_rcc.o
                0x000000000800fad8                HAL_RCC_ClockConfig
 .text.HAL_RCC_GetSysClockFreq
                0x000000000800fca4      0x16c ./Drivers/STM32F4xx_HAL_Driver/stm32f4xx_hal_rcc.o
                0x000000000800fca4                HAL_RCC_GetSysClockFreq
 .text.HAL_RCC_GetHCLKFreq
                0x000000000800fe10       0x18 ./Drivers/STM32F4xx_HAL_Driver/stm32f4xx_hal_rcc.o
                0x000000000800fe10                HAL_RCC_GetHCLKFreq
 .text.HAL_RCC_GetPCLK1Freq
                0x000000000800fe28       0x28 ./Drivers/STM32F4xx_HAL_Driver/stm32f4xx_hal_rcc.o
                0x000000000800fe28                HAL_RCC_GetPCLK1Freq
 .text.HAL_RCC_GetPCLK2Freq
                0x000000000800fe50       0x28 ./Drivers/STM32F4xx_HAL_Driver/stm32f4xx_hal_rcc.o
                0x000000000800fe50                HAL_RCC_GetPCLK2Freq
 .text.HAL_SPI_Init
                0x000000000800fe78      0x112 ./Drivers/STM32F4xx_HAL_Driver/stm32f4xx_hal_spi.o
                0x000000000800fe78                HAL_SPI_Init
 .text.HAL_SPI_Transmit
                0x000000000800ff8a      0x278 ./Drivers/STM32F4xx_HAL_Driver/stm32f4xx_hal_spi.o
                0x000000000800ff8a                HAL_SPI_Transmit
 .text.HAL_SPI_Receive
                0x0000000008010202      0x222 ./Drivers/STM32F4xx_HAL_Driver/stm32f4xx_hal_spi.o
                0x0000000008010202                HAL_SPI_Receive
 .text.HAL_SPI_TransmitReceive
                0x0000000008010424      0x344 ./Drivers/STM32F4xx_HAL_Driver/stm32f4xx_hal_spi.o
                0x0000000008010424                HAL_SPI_TransmitReceive
 .text.HAL_SPI_IRQHandler
                0x0000000008010768      0x200 ./Drivers/STM32F4xx_HAL_Driver/stm32f4xx_hal_spi.o
                0x0000000008010768                HAL_SPI_IRQHandler
 .text.HAL_SPI_ErrorCallback
                0x0000000008010968       0x14 ./Drivers/STM32F4xx_HAL_Driver/stm32f4xx_hal_spi.o
                0x0000000008010968                HAL_SPI_ErrorCallback
 .text.SPI_DMAAbortOnError
                0x000000000801097c       0x28 ./Drivers/STM32F4xx_HAL_Driver/stm32f4xx_hal_spi.o
 .text.SPI_WaitFlagStateUntilTimeout
                0x00000000080109a4      0x110 ./Drivers/STM32F4xx_HAL_Driver/stm32f4xx_hal_spi.o
 .text.SPI_EndRxTransaction
                0x0000000008010ab4       0xca ./Drivers/STM32F4xx_HAL_Driver/stm32f4xx_hal_spi.o
 *fill*         0x0000000008010b7e        0x2 
 .text.SPI_EndRxTxTransaction
                0x0000000008010b80       0x84 ./Drivers/STM32F4xx_HAL_Driver/stm32f4xx_hal_spi.o
 .text.HAL_TIM_Base_Init
                0x0000000008010c04       0x9e ./Drivers/STM32F4xx_HAL_Driver/stm32f4xx_hal_tim.o
                0x0000000008010c04                HAL_TIM_Base_Init
 *fill*         0x0000000008010ca2        0x2 
 .text.HAL_TIM_Base_Start_IT
                0x0000000008010ca4       0xe0 ./Drivers/STM32F4xx_HAL_Driver/stm32f4xx_hal_tim.o
                0x0000000008010ca4                HAL_TIM_Base_Start_IT
 .text.HAL_TIM_IRQHandler
                0x0000000008010d84      0x210 ./Drivers/STM32F4xx_HAL_Driver/stm32f4xx_hal_tim.o
                0x0000000008010d84                HAL_TIM_IRQHandler
 .text.HAL_TIM_OC_DelayElapsedCallback
                0x0000000008010f94       0x14 ./Drivers/STM32F4xx_HAL_Driver/stm32f4xx_hal_tim.o
                0x0000000008010f94                HAL_TIM_OC_DelayElapsedCallback
 .text.HAL_TIM_IC_CaptureCallback
                0x0000000008010fa8       0x14 ./Drivers/STM32F4xx_HAL_Driver/stm32f4xx_hal_tim.o
                0x0000000008010fa8                HAL_TIM_IC_CaptureCallback
 .text.HAL_TIM_PWM_PulseFinishedCallback
                0x0000000008010fbc       0x14 ./Drivers/STM32F4xx_HAL_Driver/stm32f4xx_hal_tim.o
                0x0000000008010fbc                HAL_TIM_PWM_PulseFinishedCallback
 .text.HAL_TIM_TriggerCallback
                0x0000000008010fd0       0x14 ./Drivers/STM32F4xx_HAL_Driver/stm32f4xx_hal_tim.o
                0x0000000008010fd0                HAL_TIM_TriggerCallback
 .text.TIM_Base_SetConfig
                0x0000000008010fe4      0x140 ./Drivers/STM32F4xx_HAL_Driver/stm32f4xx_hal_tim.o
                0x0000000008010fe4                TIM_Base_SetConfig
 .text.HAL_TIMEx_MasterConfigSynchronization
                0x0000000008011124       0xf8 ./Drivers/STM32F4xx_HAL_Driver/stm32f4xx_hal_tim_ex.o
                0x0000000008011124                HAL_TIMEx_MasterConfigSynchronization
 .text.HAL_TIMEx_CommutCallback
                0x000000000801121c       0x14 ./Drivers/STM32F4xx_HAL_Driver/stm32f4xx_hal_tim_ex.o
                0x000000000801121c                HAL_TIMEx_CommutCallback
 .text.HAL_TIMEx_BreakCallback
                0x0000000008011230       0x14 ./Drivers/STM32F4xx_HAL_Driver/stm32f4xx_hal_tim_ex.o
                0x0000000008011230                HAL_TIMEx_BreakCallback
 .text.HAL_UART_Init
                0x0000000008011244       0x9a ./Drivers/STM32F4xx_HAL_Driver/stm32f4xx_hal_uart.o
                0x0000000008011244                HAL_UART_Init
 .text.HAL_UART_Transmit
                0x00000000080112de      0x124 ./Drivers/STM32F4xx_HAL_Driver/stm32f4xx_hal_uart.o
                0x00000000080112de                HAL_UART_Transmit
 .text.HAL_UART_Receive
                0x0000000008011402      0x144 ./Drivers/STM32F4xx_HAL_Driver/stm32f4xx_hal_uart.o
                0x0000000008011402                HAL_UART_Receive
 .text.HAL_UART_Transmit_IT
                0x0000000008011546       0x8a ./Drivers/STM32F4xx_HAL_Driver/stm32f4xx_hal_uart.o
                0x0000000008011546                HAL_UART_Transmit_IT
 .text.HAL_UART_Receive_DMA
                0x00000000080115d0       0x60 ./Drivers/STM32F4xx_HAL_Driver/stm32f4xx_hal_uart.o
                0x00000000080115d0                HAL_UART_Receive_DMA
 .text.HAL_UART_IRQHandler
                0x0000000008011630      0x51c ./Drivers/STM32F4xx_HAL_Driver/stm32f4xx_hal_uart.o
                0x0000000008011630                HAL_UART_IRQHandler
 .text.HAL_UART_TxCpltCallback
                0x0000000008011b4c       0x14 ./Drivers/STM32F4xx_HAL_Driver/stm32f4xx_hal_uart.o
                0x0000000008011b4c                HAL_UART_TxCpltCallback
 .text.HAL_UART_RxHalfCpltCallback
                0x0000000008011b60       0x14 ./Drivers/STM32F4xx_HAL_Driver/stm32f4xx_hal_uart.o
                0x0000000008011b60                HAL_UART_RxHalfCpltCallback
 .text.HAL_UART_ErrorCallback
                0x0000000008011b74       0x14 ./Drivers/STM32F4xx_HAL_Driver/stm32f4xx_hal_uart.o
                0x0000000008011b74                HAL_UART_ErrorCallback
 .text.HAL_UARTEx_RxEventCallback
                0x0000000008011b88       0x18 ./Drivers/STM32F4xx_HAL_Driver/stm32f4xx_hal_uart.o
                0x0000000008011b88                HAL_UARTEx_RxEventCallback
 .text.HAL_UART_GetState
                0x0000000008011ba0       0x3c ./Drivers/STM32F4xx_HAL_Driver/stm32f4xx_hal_uart.o
                0x0000000008011ba0                HAL_UART_GetState
 .text.UART_DMAReceiveCplt
                0x0000000008011bdc      0x126 ./Drivers/STM32F4xx_HAL_Driver/stm32f4xx_hal_uart.o
 .text.UART_DMARxHalfCplt
                0x0000000008011d02       0x36 ./Drivers/STM32F4xx_HAL_Driver/stm32f4xx_hal_uart.o
 .text.UART_DMAError
                0x0000000008011d38       0x94 ./Drivers/STM32F4xx_HAL_Driver/stm32f4xx_hal_uart.o
 .text.UART_WaitOnFlagUntilTimeout
                0x0000000008011dcc       0xdc ./Drivers/STM32F4xx_HAL_Driver/stm32f4xx_hal_uart.o
 .text.UART_Start_Receive_DMA
                0x0000000008011ea8      0x134 ./Drivers/STM32F4xx_HAL_Driver/stm32f4xx_hal_uart.o
                0x0000000008011ea8                UART_Start_Receive_DMA
 .text.UART_EndTxTransfer
                0x0000000008011fdc       0x50 ./Drivers/STM32F4xx_HAL_Driver/stm32f4xx_hal_uart.o
 .text.UART_EndRxTransfer
                0x000000000801202c       0xc6 ./Drivers/STM32F4xx_HAL_Driver/stm32f4xx_hal_uart.o
 .text.UART_DMAAbortOnError
                0x00000000080120f2       0x28 ./Drivers/STM32F4xx_HAL_Driver/stm32f4xx_hal_uart.o
 .text.UART_Transmit_IT
                0x000000000801211a       0xa0 ./Drivers/STM32F4xx_HAL_Driver/stm32f4xx_hal_uart.o
 .text.UART_EndTransmit_IT
                0x00000000080121ba       0x30 ./Drivers/STM32F4xx_HAL_Driver/stm32f4xx_hal_uart.o
 .text.UART_Receive_IT
                0x00000000080121ea      0x176 ./Drivers/STM32F4xx_HAL_Driver/stm32f4xx_hal_uart.o
 .text.UART_SetConfig
                0x0000000008012360      0x390 ./Drivers/STM32F4xx_HAL_Driver/stm32f4xx_hal_uart.o
 .text.USB_CoreInit
                0x00000000080126f0       0xc2 ./Drivers/STM32F4xx_HAL_Driver/stm32f4xx_ll_usb.o
                0x00000000080126f0                USB_CoreInit
 *fill*         0x00000000080127b2        0x2 
 .text.USB_SetTurnaroundTime
                0x00000000080127b4      0x144 ./Drivers/STM32F4xx_HAL_Driver/stm32f4xx_ll_usb.o
                0x00000000080127b4                USB_SetTurnaroundTime
 .text.USB_EnableGlobalInt
                0x00000000080128f8       0x22 ./Drivers/STM32F4xx_HAL_Driver/stm32f4xx_ll_usb.o
                0x00000000080128f8                USB_EnableGlobalInt
 .text.USB_DisableGlobalInt
                0x000000000801291a       0x22 ./Drivers/STM32F4xx_HAL_Driver/stm32f4xx_ll_usb.o
                0x000000000801291a                USB_DisableGlobalInt
 .text.USB_SetCurrentMode
                0x000000000801293c       0x98 ./Drivers/STM32F4xx_HAL_Driver/stm32f4xx_ll_usb.o
                0x000000000801293c                USB_SetCurrentMode
 .text.USB_DevInit
                0x00000000080129d4      0x2c8 ./Drivers/STM32F4xx_HAL_Driver/stm32f4xx_ll_usb.o
                0x00000000080129d4                USB_DevInit
 .text.USB_FlushTxFifo
                0x0000000008012c9c       0x48 ./Drivers/STM32F4xx_HAL_Driver/stm32f4xx_ll_usb.o
                0x0000000008012c9c                USB_FlushTxFifo
 .text.USB_FlushRxFifo
                0x0000000008012ce4       0x40 ./Drivers/STM32F4xx_HAL_Driver/stm32f4xx_ll_usb.o
                0x0000000008012ce4                USB_FlushRxFifo
 .text.USB_SetDevSpeed
                0x0000000008012d24       0x32 ./Drivers/STM32F4xx_HAL_Driver/stm32f4xx_ll_usb.o
                0x0000000008012d24                USB_SetDevSpeed
 .text.USB_GetDevSpeed
                0x0000000008012d56       0x4a ./Drivers/STM32F4xx_HAL_Driver/stm32f4xx_ll_usb.o
                0x0000000008012d56                USB_GetDevSpeed
 .text.USB_ActivateEndpoint
                0x0000000008012da0      0x10e ./Drivers/STM32F4xx_HAL_Driver/stm32f4xx_ll_usb.o
                0x0000000008012da0                USB_ActivateEndpoint
 *fill*         0x0000000008012eae        0x2 
 .text.USB_DeactivateEndpoint
                0x0000000008012eb0      0x1b8 ./Drivers/STM32F4xx_HAL_Driver/stm32f4xx_ll_usb.o
                0x0000000008012eb0                USB_DeactivateEndpoint
 .text.USB_EPStartXfer
                0x0000000008013068      0x488 ./Drivers/STM32F4xx_HAL_Driver/stm32f4xx_ll_usb.o
                0x0000000008013068                USB_EPStartXfer
 .text.USB_EP0StartXfer
                0x00000000080134f0      0x2a6 ./Drivers/STM32F4xx_HAL_Driver/stm32f4xx_ll_usb.o
                0x00000000080134f0                USB_EP0StartXfer
 .text.USB_WritePacket
                0x0000000008013796       0x7c ./Drivers/STM32F4xx_HAL_Driver/stm32f4xx_ll_usb.o
                0x0000000008013796                USB_WritePacket
 .text.USB_ReadPacket
                0x0000000008013812       0xb0 ./Drivers/STM32F4xx_HAL_Driver/stm32f4xx_ll_usb.o
                0x0000000008013812                USB_ReadPacket
 .text.USB_EPSetStall
                0x00000000080138c2       0xdc ./Drivers/STM32F4xx_HAL_Driver/stm32f4xx_ll_usb.o
                0x00000000080138c2                USB_EPSetStall
 .text.USB_EPClearStall
                0x000000000801399e       0xcc ./Drivers/STM32F4xx_HAL_Driver/stm32f4xx_ll_usb.o
                0x000000000801399e                USB_EPClearStall
 .text.USB_SetDevAddress
                0x0000000008013a6a       0x4c ./Drivers/STM32F4xx_HAL_Driver/stm32f4xx_ll_usb.o
                0x0000000008013a6a                USB_SetDevAddress
 .text.USB_DevConnect
                0x0000000008013ab6       0x42 ./Drivers/STM32F4xx_HAL_Driver/stm32f4xx_ll_usb.o
                0x0000000008013ab6                USB_DevConnect
 .text.USB_DevDisconnect
                0x0000000008013af8       0x42 ./Drivers/STM32F4xx_HAL_Driver/stm32f4xx_ll_usb.o
                0x0000000008013af8                USB_DevDisconnect
 .text.USB_ReadInterrupts
                0x0000000008013b3a       0x26 ./Drivers/STM32F4xx_HAL_Driver/stm32f4xx_ll_usb.o
                0x0000000008013b3a                USB_ReadInterrupts
 .text.USB_ReadDevAllOutEpInterrupt
                0x0000000008013b60       0x34 ./Drivers/STM32F4xx_HAL_Driver/stm32f4xx_ll_usb.o
                0x0000000008013b60                USB_ReadDevAllOutEpInterrupt
 .text.USB_ReadDevAllInEpInterrupt
                0x0000000008013b94       0x34 ./Drivers/STM32F4xx_HAL_Driver/stm32f4xx_ll_usb.o
                0x0000000008013b94                USB_ReadDevAllInEpInterrupt
 .text.USB_ReadDevOutEPInterrupt
                0x0000000008013bc8       0x3c ./Drivers/STM32F4xx_HAL_Driver/stm32f4xx_ll_usb.o
                0x0000000008013bc8                USB_ReadDevOutEPInterrupt
 .text.USB_ReadDevInEPInterrupt
                0x0000000008013c04       0x5c ./Drivers/STM32F4xx_HAL_Driver/stm32f4xx_ll_usb.o
                0x0000000008013c04                USB_ReadDevInEPInterrupt
 .text.USB_GetMode
                0x0000000008013c60       0x1c ./Drivers/STM32F4xx_HAL_Driver/stm32f4xx_ll_usb.o
                0x0000000008013c60                USB_GetMode
 .text.USB_ActivateSetup
                0x0000000008013c7c       0x46 ./Drivers/STM32F4xx_HAL_Driver/stm32f4xx_ll_usb.o
                0x0000000008013c7c                USB_ActivateSetup
 *fill*         0x0000000008013cc2        0x2 
 .text.USB_EP0_OutStart
                0x0000000008013cc4       0xbc ./Drivers/STM32F4xx_HAL_Driver/stm32f4xx_ll_usb.o
                0x0000000008013cc4                USB_EP0_OutStart
 .text.USB_CoreReset
                0x0000000008013d80       0x64 ./Drivers/STM32F4xx_HAL_Driver/stm32f4xx_ll_usb.o
 .text.USBD_CDC_Init
                0x0000000008013de4       0xfe ./Middlewares/USB_Device_Library/usbd_cdc.o
 .text.USBD_CDC_DeInit
                0x0000000008013ee2       0x74 ./Middlewares/USB_Device_Library/usbd_cdc.o
 *fill*         0x0000000008013f56        0x2 
 .text.USBD_CDC_Setup
                0x0000000008013f58      0x190 ./Middlewares/USB_Device_Library/usbd_cdc.o
 .text.USBD_CDC_DataIn
                0x00000000080140e8       0xca ./Middlewares/USB_Device_Library/usbd_cdc.o
 .text.USBD_CDC_DataOut
                0x00000000080141b2       0x56 ./Middlewares/USB_Device_Library/usbd_cdc.o
 .text.USBD_CDC_EP0_RxReady
                0x0000000008014208       0x5a ./Middlewares/USB_Device_Library/usbd_cdc.o
 *fill*         0x0000000008014262        0x2 
 .text.USBD_CDC_GetFSCfgDesc
                0x0000000008014264       0x20 ./Middlewares/USB_Device_Library/usbd_cdc.o
 .text.USBD_CDC_GetHSCfgDesc
                0x0000000008014284       0x20 ./Middlewares/USB_Device_Library/usbd_cdc.o
 .text.USBD_CDC_GetOtherSpeedCfgDesc
                0x00000000080142a4       0x20 ./Middlewares/USB_Device_Library/usbd_cdc.o
 .text.USBD_CDC_GetDeviceQualifierDescriptor
                0x00000000080142c4       0x20 ./Middlewares/USB_Device_Library/usbd_cdc.o
                0x00000000080142c4                USBD_CDC_GetDeviceQualifierDescriptor
 .text.USBD_CDC_RegisterInterface
                0x00000000080142e4       0x2a ./Middlewares/USB_Device_Library/usbd_cdc.o
                0x00000000080142e4                USBD_CDC_RegisterInterface
 .text.USBD_CDC_SetTxBuffer
                0x000000000801430e       0x3c ./Middlewares/USB_Device_Library/usbd_cdc.o
                0x000000000801430e                USBD_CDC_SetTxBuffer
 .text.USBD_CDC_SetRxBuffer
                0x000000000801434a       0x32 ./Middlewares/USB_Device_Library/usbd_cdc.o
                0x000000000801434a                USBD_CDC_SetRxBuffer
 .text.USBD_CDC_ReceivePacket
                0x000000000801437c       0x54 ./Middlewares/USB_Device_Library/usbd_cdc.o
                0x000000000801437c                USBD_CDC_ReceivePacket
 .text.USBD_Init
                0x00000000080143d0       0x60 ./Middlewares/USB_Device_Library/usbd_core.o
                0x00000000080143d0                USBD_Init
 .text.USBD_RegisterClass
                0x0000000008014430       0x4e ./Middlewares/USB_Device_Library/usbd_core.o
                0x0000000008014430                USBD_RegisterClass
 .text.USBD_Start
                0x000000000801447e       0x18 ./Middlewares/USB_Device_Library/usbd_core.o
                0x000000000801447e                USBD_Start
 .text.USBD_RunTestMode
                0x0000000008014496       0x16 ./Middlewares/USB_Device_Library/usbd_core.o
                0x0000000008014496                USBD_RunTestMode
 .text.USBD_SetClassConfig
                0x00000000080144ac       0x38 ./Middlewares/USB_Device_Library/usbd_core.o
                0x00000000080144ac                USBD_SetClassConfig
 .text.USBD_ClrClassConfig
                0x00000000080144e4       0x30 ./Middlewares/USB_Device_Library/usbd_core.o
                0x00000000080144e4                USBD_ClrClassConfig
 .text.USBD_LL_SetupStage
                0x0000000008014514       0xaa ./Middlewares/USB_Device_Library/usbd_core.o
                0x0000000008014514                USBD_LL_SetupStage
 .text.USBD_LL_DataOutStage
                0x00000000080145be       0xc6 ./Middlewares/USB_Device_Library/usbd_core.o
                0x00000000080145be                USBD_LL_DataOutStage
 .text.USBD_LL_DataInStage
                0x0000000008014684      0x12c ./Middlewares/USB_Device_Library/usbd_core.o
                0x0000000008014684                USBD_LL_DataInStage
 .text.USBD_LL_Reset
                0x00000000080147b0       0x9c ./Middlewares/USB_Device_Library/usbd_core.o
                0x00000000080147b0                USBD_LL_Reset
 .text.USBD_LL_SetSpeed
                0x000000000801484c       0x20 ./Middlewares/USB_Device_Library/usbd_core.o
                0x000000000801484c                USBD_LL_SetSpeed
 .text.USBD_LL_Suspend
                0x000000000801486c       0x2c ./Middlewares/USB_Device_Library/usbd_core.o
                0x000000000801486c                USBD_LL_Suspend
 .text.USBD_LL_Resume
                0x0000000008014898       0x30 ./Middlewares/USB_Device_Library/usbd_core.o
                0x0000000008014898                USBD_LL_Resume
 .text.USBD_LL_SOF
                0x00000000080148c8       0x44 ./Middlewares/USB_Device_Library/usbd_core.o
                0x00000000080148c8                USBD_LL_SOF
 .text.USBD_LL_IsoINIncomplete
                0x000000000801490c       0x4c ./Middlewares/USB_Device_Library/usbd_core.o
                0x000000000801490c                USBD_LL_IsoINIncomplete
 .text.USBD_LL_IsoOUTIncomplete
                0x0000000008014958       0x4c ./Middlewares/USB_Device_Library/usbd_core.o
                0x0000000008014958                USBD_LL_IsoOUTIncomplete
 .text.USBD_LL_DevConnected
                0x00000000080149a4       0x16 ./Middlewares/USB_Device_Library/usbd_core.o
                0x00000000080149a4                USBD_LL_DevConnected
 .text.USBD_LL_DevDisconnected
                0x00000000080149ba       0x38 ./Middlewares/USB_Device_Library/usbd_core.o
                0x00000000080149ba                USBD_LL_DevDisconnected
 .text.SWAPBYTE
                0x00000000080149f2       0x3c ./Middlewares/USB_Device_Library/usbd_ctlreq.o
 *fill*         0x0000000008014a2e        0x2 
 .text.USBD_StdDevReq
                0x0000000008014a30       0xdc ./Middlewares/USB_Device_Library/usbd_ctlreq.o
                0x0000000008014a30                USBD_StdDevReq
 .text.USBD_StdItfReq
                0x0000000008014b0c       0x92 ./Middlewares/USB_Device_Library/usbd_ctlreq.o
                0x0000000008014b0c                USBD_StdItfReq
 .text.USBD_StdEPReq
                0x0000000008014b9e      0x2c4 ./Middlewares/USB_Device_Library/usbd_ctlreq.o
                0x0000000008014b9e                USBD_StdEPReq
 *fill*         0x0000000008014e62        0x2 
 .text.USBD_GetDescriptor
                0x0000000008014e64      0x2d4 ./Middlewares/USB_Device_Library/usbd_ctlreq.o
 .text.USBD_SetAddress
                0x0000000008015138       0x88 ./Middlewares/USB_Device_Library/usbd_ctlreq.o
 .text.USBD_SetConfig
                0x00000000080151c0      0x14c ./Middlewares/USB_Device_Library/usbd_ctlreq.o
 .text.USBD_GetConfig
                0x000000000801530c       0x6c ./Middlewares/USB_Device_Library/usbd_ctlreq.o
 .text.USBD_GetStatus
                0x0000000008015378       0x68 ./Middlewares/USB_Device_Library/usbd_ctlreq.o
 .text.USBD_SetFeature
                0x00000000080153e0       0x28 ./Middlewares/USB_Device_Library/usbd_ctlreq.o
 .text.USBD_ClrFeature
                0x0000000008015408       0x44 ./Middlewares/USB_Device_Library/usbd_ctlreq.o
 .text.USBD_ParseSetupRequest
                0x000000000801544c       0x74 ./Middlewares/USB_Device_Library/usbd_ctlreq.o
                0x000000000801544c                USBD_ParseSetupRequest
 .text.USBD_CtlError
                0x00000000080154c0       0x22 ./Middlewares/USB_Device_Library/usbd_ctlreq.o
                0x00000000080154c0                USBD_CtlError
 .text.USBD_GetString
                0x00000000080154e2       0x8c ./Middlewares/USB_Device_Library/usbd_ctlreq.o
                0x00000000080154e2                USBD_GetString
 .text.USBD_GetLen
                0x000000000801556e       0x34 ./Middlewares/USB_Device_Library/usbd_ctlreq.o
 .text.USBD_CtlSendData
                0x00000000080155a2       0x36 ./Middlewares/USB_Device_Library/usbd_ioreq.o
                0x00000000080155a2                USBD_CtlSendData
 .text.USBD_CtlContinueSendData
                0x00000000080155d8       0x22 ./Middlewares/USB_Device_Library/usbd_ioreq.o
                0x00000000080155d8                USBD_CtlContinueSendData
 .text.USBD_CtlPrepareRx
                0x00000000080155fa       0x3a ./Middlewares/USB_Device_Library/usbd_ioreq.o
                0x00000000080155fa                USBD_CtlPrepareRx
 .text.USBD_CtlContinueRx
                0x0000000008015634       0x22 ./Middlewares/USB_Device_Library/usbd_ioreq.o
                0x0000000008015634                USBD_CtlContinueRx
 .text.USBD_CtlSendStatus
                0x0000000008015656       0x26 ./Middlewares/USB_Device_Library/usbd_ioreq.o
                0x0000000008015656                USBD_CtlSendStatus
 .text.USBD_CtlReceiveStatus
                0x000000000801567c       0x26 ./Middlewares/USB_Device_Library/usbd_ioreq.o
                0x000000000801567c                USBD_CtlReceiveStatus
 *fill*         0x00000000080156a2        0x2 
 .text.MX_USB_DEVICE_Init
                0x00000000080156a4       0x60 ./USB_DEVICE/App/usb_device.o
                0x00000000080156a4                MX_USB_DEVICE_Init
 .text.CDC_Init_FS
                0x0000000008015704       0x28 ./USB_DEVICE/App/usbd_cdc_if.o
 .text.CDC_DeInit_FS
                0x000000000801572c       0x10 ./USB_DEVICE/App/usbd_cdc_if.o
 .text.CDC_Control_FS
                0x000000000801573c       0xbc ./USB_DEVICE/App/usbd_cdc_if.o
 .text.CDC_Receive_FS
                0x00000000080157f8       0x28 ./USB_DEVICE/App/usbd_cdc_if.o
 .text.CDC_TransmitCplt_FS
                0x0000000008015820       0x22 ./USB_DEVICE/App/usbd_cdc_if.o
 *fill*         0x0000000008015842        0x2 
 .text.USBD_FS_DeviceDescriptor
                0x0000000008015844       0x24 ./USB_DEVICE/App/usbd_desc.o
                0x0000000008015844                USBD_FS_DeviceDescriptor
 .text.USBD_FS_LangIDStrDescriptor
                0x0000000008015868       0x24 ./USB_DEVICE/App/usbd_desc.o
                0x0000000008015868                USBD_FS_LangIDStrDescriptor
 .text.USBD_FS_ProductStrDescriptor
                0x000000000801588c       0x3c ./USB_DEVICE/App/usbd_desc.o
                0x000000000801588c                USBD_FS_ProductStrDescriptor
 .text.USBD_FS_ManufacturerStrDescriptor
                0x00000000080158c8       0x28 ./USB_DEVICE/App/usbd_desc.o
                0x00000000080158c8                USBD_FS_ManufacturerStrDescriptor
 .text.USBD_FS_SerialStrDescriptor
                0x00000000080158f0       0x24 ./USB_DEVICE/App/usbd_desc.o
                0x00000000080158f0                USBD_FS_SerialStrDescriptor
 .text.USBD_FS_ConfigStrDescriptor
                0x0000000008015914       0x3c ./USB_DEVICE/App/usbd_desc.o
                0x0000000008015914                USBD_FS_ConfigStrDescriptor
 .text.USBD_FS_InterfaceStrDescriptor
                0x0000000008015950       0x3c ./USB_DEVICE/App/usbd_desc.o
                0x0000000008015950                USBD_FS_InterfaceStrDescriptor
 .text.Get_SerialNum
                0x000000000801598c       0x58 ./USB_DEVICE/App/usbd_desc.o
 .text.IntToUnicode
                0x00000000080159e4       0x7e ./USB_DEVICE/App/usbd_desc.o
 *fill*         0x0000000008015a62        0x2 
 .text.HAL_PCD_MspInit
                0x0000000008015a64       0xa8 ./USB_DEVICE/Target/usbd_conf.o
                0x0000000008015a64                HAL_PCD_MspInit
 .text.HAL_PCD_SetupStageCallback
                0x0000000008015b0c       0x24 ./USB_DEVICE/Target/usbd_conf.o
                0x0000000008015b0c                HAL_PCD_SetupStageCallback
 .text.HAL_PCD_DataOutStageCallback
                0x0000000008015b30       0x36 ./USB_DEVICE/Target/usbd_conf.o
                0x0000000008015b30                HAL_PCD_DataOutStageCallback
 .text.HAL_PCD_DataInStageCallback
                0x0000000008015b66       0x34 ./USB_DEVICE/Target/usbd_conf.o
                0x0000000008015b66                HAL_PCD_DataInStageCallback
 .text.HAL_PCD_SOFCallback
                0x0000000008015b9a       0x1c ./USB_DEVICE/Target/usbd_conf.o
                0x0000000008015b9a                HAL_PCD_SOFCallback
 .text.HAL_PCD_ResetCallback
                0x0000000008015bb6       0x50 ./USB_DEVICE/Target/usbd_conf.o
                0x0000000008015bb6                HAL_PCD_ResetCallback
 *fill*         0x0000000008015c06        0x2 
 .text.HAL_PCD_SuspendCallback
                0x0000000008015c08       0x4c ./USB_DEVICE/Target/usbd_conf.o
                0x0000000008015c08                HAL_PCD_SuspendCallback
 .text.HAL_PCD_ResumeCallback
                0x0000000008015c54       0x1c ./USB_DEVICE/Target/usbd_conf.o
                0x0000000008015c54                HAL_PCD_ResumeCallback
 .text.HAL_PCD_ISOOUTIncompleteCallback
                0x0000000008015c70       0x24 ./USB_DEVICE/Target/usbd_conf.o
                0x0000000008015c70                HAL_PCD_ISOOUTIncompleteCallback
 .text.HAL_PCD_ISOINIncompleteCallback
                0x0000000008015c94       0x24 ./USB_DEVICE/Target/usbd_conf.o
                0x0000000008015c94                HAL_PCD_ISOINIncompleteCallback
 .text.HAL_PCD_ConnectCallback
                0x0000000008015cb8       0x1c ./USB_DEVICE/Target/usbd_conf.o
                0x0000000008015cb8                HAL_PCD_ConnectCallback
 .text.HAL_PCD_DisconnectCallback
                0x0000000008015cd4       0x1c ./USB_DEVICE/Target/usbd_conf.o
                0x0000000008015cd4                HAL_PCD_DisconnectCallback
 .text.USBD_LL_Init
                0x0000000008015cf0       0x98 ./USB_DEVICE/Target/usbd_conf.o
                0x0000000008015cf0                USBD_LL_Init
 .text.USBD_LL_Start
                0x0000000008015d88       0x36 ./USB_DEVICE/Target/usbd_conf.o
                0x0000000008015d88                USBD_LL_Start
 .text.USBD_LL_OpenEP
                0x0000000008015dbe       0x4c ./USB_DEVICE/Target/usbd_conf.o
                0x0000000008015dbe                USBD_LL_OpenEP
 .text.USBD_LL_CloseEP
                0x0000000008015e0a       0x3e ./USB_DEVICE/Target/usbd_conf.o
                0x0000000008015e0a                USBD_LL_CloseEP
 .text.USBD_LL_StallEP
                0x0000000008015e48       0x3e ./USB_DEVICE/Target/usbd_conf.o
                0x0000000008015e48                USBD_LL_StallEP
 .text.USBD_LL_ClearStallEP
                0x0000000008015e86       0x3e ./USB_DEVICE/Target/usbd_conf.o
                0x0000000008015e86                USBD_LL_ClearStallEP
 .text.USBD_LL_IsStallEP
                0x0000000008015ec4       0x58 ./USB_DEVICE/Target/usbd_conf.o
                0x0000000008015ec4                USBD_LL_IsStallEP
 .text.USBD_LL_SetUSBAddress
                0x0000000008015f1c       0x3e ./USB_DEVICE/Target/usbd_conf.o
                0x0000000008015f1c                USBD_LL_SetUSBAddress
 .text.USBD_LL_Transmit
                0x0000000008015f5a       0x42 ./USB_DEVICE/Target/usbd_conf.o
                0x0000000008015f5a                USBD_LL_Transmit
 .text.USBD_LL_PrepareReceive
                0x0000000008015f9c       0x42 ./USB_DEVICE/Target/usbd_conf.o
                0x0000000008015f9c                USBD_LL_PrepareReceive
 .text.USBD_LL_GetRxDataSize
                0x0000000008015fde       0x26 ./USB_DEVICE/Target/usbd_conf.o
                0x0000000008015fde                USBD_LL_GetRxDataSize
 .text.USBD_static_malloc
                0x0000000008016004       0x1c ./USB_DEVICE/Target/usbd_conf.o
                0x0000000008016004                USBD_static_malloc
 .text.USBD_static_free
                0x0000000008016020       0x14 ./USB_DEVICE/Target/usbd_conf.o
                0x0000000008016020                USBD_static_free
 .text.USBD_Get_USB_Status
                0x0000000008016034       0x58 ./USB_DEVICE/Target/usbd_conf.o
                0x0000000008016034                USBD_Get_USB_Status
 .text.__assert_func
                0x000000000801608c       0x3c d:/stm32cubeide_1.7.0/stm32cubeide/plugins/com.st.stm32cube.ide.mcu.externaltools.gnu-tools-for-stm32.9-2020-q2-update.win32_2.0.0.202105311346/tools/bin/../lib/gcc/arm-none-eabi/9.3.1/../../../../arm-none-eabi/lib/thumb/v7e-m+fp/hard\libc_nano.a(lib_a-assert.o)
                0x000000000801608c                __assert_func
 .text.__errno  0x00000000080160c8        0xc d:/stm32cubeide_1.7.0/stm32cubeide/plugins/com.st.stm32cube.ide.mcu.externaltools.gnu-tools-for-stm32.9-2020-q2-update.win32_2.0.0.202105311346/tools/bin/../lib/gcc/arm-none-eabi/9.3.1/../../../../arm-none-eabi/lib/thumb/v7e-m+fp/hard\libc_nano.a(lib_a-errno.o)
                0x00000000080160c8                __errno
 .text.fprintf  0x00000000080160d4       0x24 d:/stm32cubeide_1.7.0/stm32cubeide/plugins/com.st.stm32cube.ide.mcu.externaltools.gnu-tools-for-stm32.9-2020-q2-update.win32_2.0.0.202105311346/tools/bin/../lib/gcc/arm-none-eabi/9.3.1/../../../../arm-none-eabi/lib/thumb/v7e-m+fp/hard\libc_nano.a(lib_a-fprintf.o)
                0x00000000080160d4                fiprintf
                0x00000000080160d4                fprintf
 .text.__libc_init_array
                0x00000000080160f8       0x48 d:/stm32cubeide_1.7.0/stm32cubeide/plugins/com.st.stm32cube.ide.mcu.externaltools.gnu-tools-for-stm32.9-2020-q2-update.win32_2.0.0.202105311346/tools/bin/../lib/gcc/arm-none-eabi/9.3.1/../../../../arm-none-eabi/lib/thumb/v7e-m+fp/hard\libc_nano.a(lib_a-init.o)
                0x00000000080160f8                __libc_init_array
 .text.malloc   0x0000000008016140       0x10 d:/stm32cubeide_1.7.0/stm32cubeide/plugins/com.st.stm32cube.ide.mcu.externaltools.gnu-tools-for-stm32.9-2020-q2-update.win32_2.0.0.202105311346/tools/bin/../lib/gcc/arm-none-eabi/9.3.1/../../../../arm-none-eabi/lib/thumb/v7e-m+fp/hard\libc_nano.a(lib_a-malloc.o)
                0x0000000008016140                malloc
 .text.free     0x0000000008016150       0x10 d:/stm32cubeide_1.7.0/stm32cubeide/plugins/com.st.stm32cube.ide.mcu.externaltools.gnu-tools-for-stm32.9-2020-q2-update.win32_2.0.0.202105311346/tools/bin/../lib/gcc/arm-none-eabi/9.3.1/../../../../arm-none-eabi/lib/thumb/v7e-m+fp/hard\libc_nano.a(lib_a-malloc.o)
                0x0000000008016150                free
 .text.memcmp   0x0000000008016160       0x1c d:/stm32cubeide_1.7.0/stm32cubeide/plugins/com.st.stm32cube.ide.mcu.externaltools.gnu-tools-for-stm32.9-2020-q2-update.win32_2.0.0.202105311346/tools/bin/../lib/gcc/arm-none-eabi/9.3.1/../../../../arm-none-eabi/lib/thumb/v7e-m+fp/hard\libc_nano.a(lib_a-memcmp.o)
                0x0000000008016160                memcmp
 .text.memcpy   0x000000000801617c       0x1c d:/stm32cubeide_1.7.0/stm32cubeide/plugins/com.st.stm32cube.ide.mcu.externaltools.gnu-tools-for-stm32.9-2020-q2-update.win32_2.0.0.202105311346/tools/bin/../lib/gcc/arm-none-eabi/9.3.1/../../../../arm-none-eabi/lib/thumb/v7e-m+fp/hard\libc_nano.a(lib_a-memcpy-stub.o)
                0x000000000801617c                memcpy
 .text.memset   0x0000000008016198       0x10 d:/stm32cubeide_1.7.0/stm32cubeide/plugins/com.st.stm32cube.ide.mcu.externaltools.gnu-tools-for-stm32.9-2020-q2-update.win32_2.0.0.202105311346/tools/bin/../lib/gcc/arm-none-eabi/9.3.1/../../../../arm-none-eabi/lib/thumb/v7e-m+fp/hard\libc_nano.a(lib_a-memset.o)
                0x0000000008016198                memset
 .text._free_r  0x00000000080161a8       0xa0 d:/stm32cubeide_1.7.0/stm32cubeide/plugins/com.st.stm32cube.ide.mcu.externaltools.gnu-tools-for-stm32.9-2020-q2-update.win32_2.0.0.202105311346/tools/bin/../lib/gcc/arm-none-eabi/9.3.1/../../../../arm-none-eabi/lib/thumb/v7e-m+fp/hard\libc_nano.a(lib_a-nano-freer.o)
                0x00000000080161a8                _free_r
 .text._malloc_r
                0x0000000008016248       0xb4 d:/stm32cubeide_1.7.0/stm32cubeide/plugins/com.st.stm32cube.ide.mcu.externaltools.gnu-tools-for-stm32.9-2020-q2-update.win32_2.0.0.202105311346/tools/bin/../lib/gcc/arm-none-eabi/9.3.1/../../../../arm-none-eabi/lib/thumb/v7e-m+fp/hard\libc_nano.a(lib_a-nano-mallocr.o)
                0x0000000008016248                _malloc_r
 .text.__sfputc_r
                0x00000000080162fc       0x2e d:/stm32cubeide_1.7.0/stm32cubeide/plugins/com.st.stm32cube.ide.mcu.externaltools.gnu-tools-for-stm32.9-2020-q2-update.win32_2.0.0.202105311346/tools/bin/../lib/gcc/arm-none-eabi/9.3.1/../../../../arm-none-eabi/lib/thumb/v7e-m+fp/hard\libc_nano.a(lib_a-nano-vfprintf.o)
 .text.__sfputs_r