Archive member included to satisfy reference by file (symbol)

d:/stm32cubeide_1.7.0/stm32cubeide/plugins/com.st.stm32cube.ide.mcu.externaltools.gnu-tools-for-stm32.9-2020-q2-update.win32_2.0.0.202105311346/tools/bin/../lib/gcc/arm-none-eabi/9.3.1/../../../../arm-none-eabi/lib/thumb/v7e-m+fp/hard\libc_nano.a(lib_a-errno.o)
                              ./Core/Src/syscalls.o (__errno)
d:/stm32cubeide_1.7.0/stm32cubeide/plugins/com.st.stm32cube.ide.mcu.externaltools.gnu-tools-for-stm32.9-2020-q2-update.win32_2.0.0.202105311346/tools/bin/../lib/gcc/arm-none-eabi/9.3.1/../../../../arm-none-eabi/lib/thumb/v7e-m+fp/hard\libc_nano.a(lib_a-exit.o)
                              d:/stm32cubeide_1.7.0/stm32cubeide/plugins/com.st.stm32cube.ide.mcu.externaltools.gnu-tools-for-stm32.9-2020-q2-update.win32_2.0.0.202105311346/tools/bin/../lib/gcc/arm-none-eabi/9.3.1/../../../../arm-none-eabi/lib/thumb/v7e-m+fp/hard/crt0.o (exit)
d:/stm32cubeide_1.7.0/stm32cubeide/plugins/com.st.stm32cube.ide.mcu.externaltools.gnu-tools-for-stm32.9-2020-q2-update.win32_2.0.0.202105311346/tools/bin/../lib/gcc/arm-none-eabi/9.3.1/../../../../arm-none-eabi/lib/thumb/v7e-m+fp/hard\libc_nano.a(lib_a-impure.o)
                              d:/stm32cubeide_1.7.0/stm32cubeide/plugins/com.st.stm32cube.ide.mcu.externaltools.gnu-tools-for-stm32.9-2020-q2-update.win32_2.0.0.202105311346/tools/bin/../lib/gcc/arm-none-eabi/9.3.1/../../../../arm-none-eabi/lib/thumb/v7e-m+fp/hard\libc_nano.a(lib_a-exit.o) (_global_impure_ptr)
d:/stm32cubeide_1.7.0/stm32cubeide/plugins/com.st.stm32cube.ide.mcu.externaltools.gnu-tools-for-stm32.9-2020-q2-update.win32_2.0.0.202105311346/tools/bin/../lib/gcc/arm-none-eabi/9.3.1/../../../../arm-none-eabi/lib/thumb/v7e-m+fp/hard\libc_nano.a(lib_a-init.o)
                              d:/stm32cubeide_1.7.0/stm32cubeide/plugins/com.st.stm32cube.ide.mcu.externaltools.gnu-tools-for-stm32.9-2020-q2-update.win32_2.0.0.202105311346/tools/bin/../lib/gcc/arm-none-eabi/9.3.1/../../../../arm-none-eabi/lib/thumb/v7e-m+fp/hard/crt0.o (__libc_init_array)
d:/stm32cubeide_1.7.0/stm32cubeide/plugins/com.st.stm32cube.ide.mcu.externaltools.gnu-tools-for-stm32.9-2020-q2-update.win32_2.0.0.202105311346/tools/bin/../lib/gcc/arm-none-eabi/9.3.1/../../../../arm-none-eabi/lib/thumb/v7e-m+fp/hard\libc_nano.a(lib_a-memset.o)
                              d:/stm32cubeide_1.7.0/stm32cubeide/plugins/com.st.stm32cube.ide.mcu.externaltools.gnu-tools-for-stm32.9-2020-q2-update.win32_2.0.0.202105311346/tools/bin/../lib/gcc/arm-none-eabi/9.3.1/../../../../arm-none-eabi/lib/thumb/v7e-m+fp/hard/crt0.o (memset)
d:/stm32cubeide_1.7.0/stm32cubeide/plugins/com.st.stm32cube.ide.mcu.externaltools.gnu-tools-for-stm32.9-2020-q2-update.win32_2.0.0.202105311346/tools/bin/../lib/gcc/arm-none-eabi/9.3.1/../../../../arm-none-eabi/lib/thumb/v7e-m+fp/hard\libc_nano.a(lib_a-nano-vfprintf_float.o)
                              (_printf_float)
d:/stm32cubeide_1.7.0/stm32cubeide/plugins/com.st.stm32cube.ide.mcu.externaltools.gnu-tools-for-stm32.9-2020-q2-update.win32_2.0.0.202105311346/tools/bin/../lib/gcc/arm-none-eabi/9.3.1/../../../../arm-none-eabi/lib/thumb/v7e-m+fp/hard\libc_nano.a(lib_a-nano-vfprintf_i.o)
                              d:/stm32cubeide_1.7.0/stm32cubeide/plugins/com.st.stm32cube.ide.mcu.externaltools.gnu-tools-for-stm32.9-2020-q2-update.win32_2.0.0.202105311346/tools/bin/../lib/gcc/arm-none-eabi/9.3.1/../../../../arm-none-eabi/lib/thumb/v7e-m+fp/hard\libc_nano.a(lib_a-nano-vfprintf_float.o) (_printf_common)
d:/stm32cubeide_1.7.0/stm32cubeide/plugins/com.st.stm32cube.ide.mcu.externaltools.gnu-tools-for-stm32.9-2020-q2-update.win32_2.0.0.202105311346/tools/bin/../lib/gcc/arm-none-eabi/9.3.1/../../../../arm-none-eabi/lib/thumb/v7e-m+fp/hard\libc_nano.a(lib_a-sprintf.o)
                              ./Core/Src/imu.o (sprintf)
d:/stm32cubeide_1.7.0/stm32cubeide/plugins/com.st.stm32cube.ide.mcu.externaltools.gnu-tools-for-stm32.9-2020-q2-update.win32_2.0.0.202105311346/tools/bin/../lib/gcc/arm-none-eabi/9.3.1/../../../../arm-none-eabi/lib/thumb/v7e-m+fp/hard\libc_nano.a(lib_a-strlen.o)
                              ./Core/Src/imu.o (strlen)
d:/stm32cubeide_1.7.0/stm32cubeide/plugins/com.st.stm32cube.ide.mcu.externaltools.gnu-tools-for-stm32.9-2020-q2-update.win32_2.0.0.202105311346/tools/bin/../lib/gcc/arm-none-eabi/9.3.1/../../../../arm-none-eabi/lib/thumb/v7e-m+fp/hard\libc_nano.a(lib_a-vsnprintf.o)
                              ./Core/Src/imu.o (vsnprintf)
d:/stm32cubeide_1.7.0/stm32cubeide/plugins/com.st.stm32cube.ide.mcu.externaltools.gnu-tools-for-stm32.9-2020-q2-update.win32_2.0.0.202105311346/tools/bin/../lib/gcc/arm-none-eabi/9.3.1/../../../../arm-none-eabi/lib/thumb/v7e-m+fp/hard\libc_nano.a(lib_a-dtoa.o)
[...]
Memory Configuration

Name             Origin             Length             Attributes
CCMRAM           0x0000000010000000 0x0000000000010000 xrw
RAM              0x0000000020000000 0x0000000000030000 xrw
FLASH            0x0000000008000000 0x0000000000200000 xr
*default*        0x0000000000000000 0xffffffffffffffff

Linker script and memory map

LOAD d:/stm32cubeide_1.7.0/stm32cubeide/plugins/com.st.stm32cube.ide.mcu.externaltools.gnu-tools-for-stm32.9-2020-q2-update.win32_2.0.0.202105311346/tools/bin/../lib/gcc/arm-none-eabi/9.3.1/thumb/v7e-m+fp/hard/crti.o
LOAD d:/stm32cubeide_1.7.0/stm32cubeide/plugins/com.st.stm32cube.ide.mcu.externaltools.gnu-tools-for-stm32.9-2020-q2-update.win32_2.0.0.202105311346/tools/bin/../lib/gcc/arm-none-eabi/9.3.1/thumb/v7e-m+fp/hard/crtbegin.o
LOAD d:/stm32cubeide_1.7.0/stm32cubeide/plugins/com.st.stm32cube.ide.mcu.externaltools.gnu-tools-for-stm32.9-2020-q2-update.win32_2.0.0.202105311346/tools/bin/../lib/gcc/arm-none-eabi/9.3.1/../../../../arm-none-eabi/lib/thumb/v7e-m+fp/hard/crt0.o
LOAD ./Core/Drivers/flash/MT25QL.o
LOAD ./Core/Drivers/flash/internal_flash.o
LOAD ./Core/Drivers/flash/memory_addressing.o
LOAD ./Core/Drivers/mpu/IMU.o
LOAD ./Core/Src/adc.o
LOAD ./Core/Src/gpio.o
LOAD ./Core/Src/imu.o
LOAD ./Core/Src/main.o
LOAD ./Core/Src/spi.o
LOAD ./Core/Src/stm32f4xx_hal_msp.o
LOAD ./Core/Src/stm32f4xx_it.o
LOAD ./Core/Src/syscalls.o
LOAD ./Core/Src/sysmem.o
LOAD ./Core/Src/system_stm32f4xx.o
LOAD ./Core/Src/tim.o
LOAD ./Core/Src/usart.o
LOAD ./Core/Startup/startup_stm32f427aihx.o
LOAD ./Drivers/STM32F4xx_HAL_Driver/Src/stm32f4xx_hal.o
LOAD ./Drivers/STM32F4xx_HAL_Driver/Src/stm32f4xx_hal_adc.o
LOAD ./Drivers/STM32F4xx_HAL_Driver/Src/stm32f4xx_hal_adc_ex.o
LOAD ./Drivers/STM32F4xx_HAL_Driver/Src/stm32f4xx_hal_cortex.o
LOAD ./Drivers/STM32F4xx_HAL_Driver/Src/stm32f4xx_hal_dma.o
LOAD ./Drivers/STM32F4xx_HAL_Driver/Src/stm32f4xx_hal_dma_ex.o
LOAD ./Drivers/STM32F4xx_HAL_Driver/Src/stm32f4xx_hal_exti.o
LOAD ./Drivers/STM32F4xx_HAL_Driver/Src/stm32f4xx_hal_flash.o
LOAD ./Drivers/STM32F4xx_HAL_Driver/Src/stm32f4xx_hal_flash_ex.o
LOAD ./Drivers/STM32F4xx_HAL_Driver/Src/stm32f4xx_hal_flash_ramfunc.o
LOAD ./Drivers/STM32F4xx_HAL_Driver/Src/stm32f4xx_hal_gpio.o
LOAD ./Drivers/STM32F4xx_HAL_Driver/Src/stm32f4xx_hal_pcd.o
LOAD ./Drivers/STM32F4xx_HAL_Driver/Src/stm32f4xx_hal_pcd_ex.o
LOAD ./Drivers/STM32F4xx_HAL_Driver/Src/stm32f4xx_hal_pwr.o
LOAD ./Drivers/STM32F4xx_HAL_Driver/Src/stm32f4xx_hal_pwr_ex.o
LOAD ./Drivers/STM32F4xx_HAL_Driver/Src/stm32f4xx_hal_rcc.o
LOAD ./Drivers/STM32F4xx_HAL_Driver/Src/stm32f4xx_hal_rcc_ex.o
LOAD ./Drivers/STM32F4xx_HAL_Driver/Src/stm32f4xx_hal_spi.o
LOAD ./Drivers/STM32F4xx_HAL_Driver/Src/stm32f4xx_hal_tim.o
LOAD ./Drivers/STM32F4xx_HAL_Driver/Src/stm32f4xx_hal_tim_ex.o
LOAD ./Drivers/STM32F4xx_HAL_Driver/Src/stm32f4xx_hal_uart.o
LOAD ./Drivers/STM32F4xx_HAL_Driver/Src/stm32f4xx_ll_adc.o
LOAD ./Drivers/STM32F4xx_HAL_Driver/Src/stm32f4xx_ll_usb.o
LOAD ./Middlewares/ST/STM32_USB_Device_Library/Class/CDC/Src/usbd_cdc.o
LOAD ./Middlewares/ST/STM32_USB_Device_Library/Core/Src/usbd_core.o
LOAD ./Middlewares/ST/STM32_USB_Device_Library/Core/Src/usbd_ctlreq.o
LOAD ./Middlewares/ST/STM32_USB_Device_Library/Core/Src/usbd_ioreq.o
LOAD ./USB_DEVICE/App/usb_device.o
LOAD ./USB_DEVICE/App/usbd_cdc_if.o
LOAD ./USB_DEVICE/App/usbd_desc.o
LOAD ./USB_DEVICE/Target/usbd_conf.o
START GROUP
LOAD d:/stm32cubeide_1.7.0/stm32cubeide/plugins/com.st.stm32cube.ide.mcu.externaltools.gnu-tools-for-stm32.9-2020-q2-update.win32_2.0.0.202105311346/tools/bin/../lib/gcc/arm-none-eabi/9.3.1/../../../../arm-none-eabi/lib/thumb/v7e-m+fp/hard\libc_nano.a
LOAD d:/stm32cubeide_1.7.0/stm32cubeide/plugins/com.st.stm32cube.ide.mcu.externaltools.gnu-tools-for-stm32.9-2020-q2-update.win32_2.0.0.202105311346/tools/bin/../lib/gcc/arm-none-eabi/9.3.1/../../../../arm-none-eabi/lib/thumb/v7e-m+fp/hard\libm.a
END GROUP
START GROUP
LOAD d:/stm32cubeide_1.7.0/stm32cubeide/plugins/com.st.stm32cube.ide.mcu.externaltools.gnu-tools-for-stm32.9-2020-q2-update.win32_2.0.0.202105311346/tools/bin/../lib/gcc/arm-none-eabi/9.3.1/thumb/v7e-m+fp/hard\libgcc.a
LOAD d:/stm32cubeide_1.7.0/stm32cubeide/plugins/com.st.stm32cube.ide.mcu.externaltools.gnu-tools-for-stm32.9-2020-q2-update.win32_2.0.0.202105311346/tools/bin/../lib/gcc/arm-none-eabi/9.3.1/../../../../arm-none-eabi/lib/thumb/v7e-m+fp/hard\libc_nano.a
END GROUP
START GROUP
LOAD d:/stm32cubeide_1.7.0/stm32cubeide/plugins/com.st.stm32cube.ide.mcu.externaltools.gnu-tools-for-stm32.9-2020-q2-update.win32_2.0.0.202105311346/tools/bin/../lib/gcc/arm-none-eabi/9.3.1/thumb/v7e-m+fp/hard\libgcc.a
LOAD d:/stm32cubeide_1.7.0/stm32cubeide/plugins/com.st.stm32cube.ide.mcu.externaltools.gnu-tools-for-stm32.9-2020-q2-update.win32_2.0.0.202105311346/tools/bin/../lib/gcc/arm-none-eabi/9.3.1/../../../../arm-none-eabi/lib/thumb/v7e-m+fp/hard\libc_nano.a
LOAD d:/stm32cubeide_1.7.0/stm32cubeide/plugins/com.st.stm32cube.ide.mcu.externaltools.gnu-tools-for-stm32.9-2020-q2-update.win32_2.0.0.202105311346/tools/bin/../lib/gcc/arm-none-eabi/9.3.1/../../../../arm-none-eabi/lib/thumb/v7e-m+fp/hard\libnosys.a
END GROUP
START GROUP
LOAD d:/stm32cubeide_1.7.0/stm32cubeide/plugins/com.st.stm32cube.ide.mcu.externaltools.gnu-tools-for-stm32.9-2020-q2-update.win32_2.0.0.202105311346/tools/bin/../lib/gcc/arm-none-eabi/9.3.1/thumb/v7e-m+fp/hard\libgcc.a
LOAD d:/stm32cubeide_1.7.0/stm32cubeide/plugins/com.st.stm32cube.ide.mcu.externaltools.gnu-tools-for-stm32.9-2020-q2-update.win32_2.0.0.202105311346/tools/bin/../lib/gcc/arm-none-eabi/9.3.1/../../../../arm-none-eabi/lib/thumb/v7e-m+fp/hard\libc_nano.a
LOAD d:/stm32cubeide_1.7.0/stm32cubeide/plugins/com.st.stm32cube.ide.mcu.externaltools.gnu-tools-for-stm32.9-2020-q2-update.win32_2.0.0.202105311346/tools/bin/../lib/gcc/arm-none-eabi/9.3.1/../../../../arm-none-eabi/lib/thumb/v7e-m+fp/hard\libnosys.a
END GROUP
LOAD d:/stm32cubeide_1.7.0/stm32cubeide/plugins/com.st.stm32cube.ide.mcu.externaltools.gnu-tools-for-stm32.9-2020-q2-update.win32_2.0.0.202105311346/tools/bin/../lib/gcc/arm-none-eabi/9.3.1/thumb/v7e-m+fp/hard/crtend.o
LOAD d:/stm32cubeide_1.7.0/stm32cubeide/plugins/com.st.stm32cube.ide.mcu.externaltools.gnu-tools-for-stm32.9-2020-q2-update.win32_2.0.0.202105311346/tools/bin/../lib/gcc/arm-none-eabi/9.3.1/thumb/v7e-m+fp/hard/crtn.o
                0x0000000020030000                _estack = (ORIGIN (RAM) + LENGTH (RAM))
                0x0000000000000200                _Min_Heap_Size = 0x200
                0x0000000000000400                _Min_Stack_Size = 0x400

.isr_vector     0x0000000008000000      0x1ac
                0x0000000008000000                . = ALIGN (0x4)
 *(.isr_vector)
 .isr_vector    0x0000000008000000      0x1ac ./Core/Startup/startup_stm32f427aihx.o
                0x0000000008000000                g_pfnVectors
                0x00000000080001ac                . = ALIGN (0x4)

.text           0x00000000080001b0     0xda54
                0x00000000080001b0                . = ALIGN (0x4)
 *(.text)
 .text          0x00000000080001b0       0x40 d:/stm32cubeide_1.7.0/stm32cubeide/plugins/com.st.stm32cube.ide.mcu.externaltools.gnu-tools-for-stm32.9-2020-q2-update.win32_2.0.0.202105311346/tools/bin/../lib/gcc/arm-none-eabi/9.3.1/thumb/v7e-m+fp/hard/crtbegin.o
 .text          0x00000000080001f0       0x10 d:/stm32cubeide_1.7.0/stm32cubeide/plugins/com.st.stm32cube.ide.mcu.externaltools.gnu-tools-for-stm32.9-2020-q2-update.win32_2.0.0.202105311346/tools/bin/../lib/gcc/arm-none-eabi/9.3.1/../../../../arm-none-eabi/lib/thumb/v7e-m+fp/hard\libc_nano.a(lib_a-strlen.o)
                0x00000000080001f0                strlen
 .text          0x0000000008000200       0xa0 d:/stm32cubeide_1.7.0/stm32cubeide/plugins/com.st.stm32cube.ide.mcu.externaltools.gnu-tools-for-stm32.9-2020-q2-update.win32_2.0.0.202105311346/tools/bin/../lib/gcc/arm-none-eabi/9.3.1/../../../../arm-none-eabi/lib/thumb/v7e-m+fp/hard\libc_nano.a(lib_a-memchr.o)
                0x0000000008000200                memchr
 .text          0x00000000080002a0      0x378 d:/stm32cubeide_1.7.0/stm32cubeide/plugins/com.st.stm32cube.ide.mcu.externaltools.gnu-tools-for-stm32.9-2020-q2-update.win32_2.0.0.202105311346/tools/bin/../lib/gcc/arm-none-eabi/9.3.1/thumb/v7e-m+fp/hard\libgcc.a(_arm_addsubdf3.o)
                0x00000000080002a0                __aeabi_drsub
                0x00000000080002a8                __aeabi_dsub
                0x00000000080002a8                __subdf3
                0x00000000080002ac                __aeabi_dadd
                0x00000000080002ac                __adddf3
                0x0000000008000524                __floatunsidf
                0x0000000008000524                __aeabi_ui2d
                0x0000000008000544                __floatsidf
                0x0000000008000544                __aeabi_i2d
                0x0000000008000568                __aeabi_f2d
                0x0000000008000568                __extendsfdf2
                0x00000000080005ac                __floatundidf
                0x00000000080005ac                __aeabi_ul2d
                0x00000000080005bc                __floatdidf
                0x00000000080005bc                __aeabi_l2d
 .text          0x0000000008000618      0x424 d:/stm32cubeide_1.7.0/stm32cubeide/plugins/com.st.stm32cube.ide.mcu.externaltools.gnu-tools-for-stm32.9-2020-q2-update.win32_2.0.0.202105311346/tools/bin/../lib/gcc/arm-none-eabi/9.3.1/thumb/v7e-m+fp/hard\libgcc.a(_arm_muldivdf3.o)
                0x0000000008000618                __aeabi_dmul
                0x0000000008000618                __muldf3
                0x000000000800086c                __divdf3
                0x000000000800086c                __aeabi_ddiv
 .text          0x0000000008000a3c      0x110 d:/stm32cubeide_1.7.0/stm32cubeide/plugins/com.st.stm32cube.ide.mcu.externaltools.gnu-tools-for-stm32.9-2020-q2-update.win32_2.0.0.202105311346/tools/bin/../lib/gcc/arm-none-eabi/9.3.1/thumb/v7e-m+fp/hard\libgcc.a(_arm_cmpdf2.o)
                0x0000000008000a3c                __gtdf2
                0x0000000008000a3c                __gedf2
                0x0000000008000a44                __ltdf2
                0x0000000008000a44                __ledf2
                0x0000000008000a4c                __nedf2
                0x0000000008000a4c                __eqdf2
                0x0000000008000a4c                __cmpdf2
                0x0000000008000ac8                __aeabi_cdrcmple
                0x0000000008000ad8                __aeabi_cdcmpeq
                0x0000000008000ad8                __aeabi_cdcmple
                0x0000000008000ae8                __aeabi_dcmpeq
                0x0000000008000afc                __aeabi_dcmplt
                0x0000000008000b10                __aeabi_dcmple
                0x0000000008000b24                __aeabi_dcmpge
                0x0000000008000b38                __aeabi_dcmpgt
 .text          0x0000000008000b4c       0x2c d:/stm32cubeide_1.7.0/stm32cubeide/plugins/com.st.stm32cube.ide.mcu.externaltools.gnu-tools-for-stm32.9-2020-q2-update.win32_2.0.0.202105311346/tools/bin/../lib/gcc/arm-none-eabi/9.3.1/thumb/v7e-m+fp/hard\libgcc.a(_arm_unorddf2.o)
                0x0000000008000b4c                __unorddf2
                0x0000000008000b4c                __aeabi_dcmpun
 .text          0x0000000008000b78       0x50 d:/stm32cubeide_1.7.0/stm32cubeide/plugins/com.st.stm32cube.ide.mcu.externaltools.gnu-tools-for-stm32.9-2020-q2-update.win32_2.0.0.202105311346/tools/bin/../lib/gcc/arm-none-eabi/9.3.1/thumb/v7e-m+fp/hard\libgcc.a(_arm_fixdfsi.o)
                0x0000000008000b78                __aeabi_d2iz
                0x0000000008000b78                __fixdfsi
 .text          0x0000000008000bc8       0x30 d:/stm32cubeide_1.7.0/stm32cubeide/plugins/com.st.stm32cube.ide.mcu.externaltools.gnu-tools-for-stm32.9-2020-q2-update.win32_2.0.0.202105311346/tools/bin/../lib/gcc/arm-none-eabi/9.3.1/thumb/v7e-m+fp/hard\libgcc.a(_aeabi_uldivmod.o)
                0x0000000008000bc8                __aeabi_uldivmod
 .text          0x0000000008000bf8      0x2c4 d:/stm32cubeide_1.7.0/stm32cubeide/plugins/com.st.stm32cube.ide.mcu.externaltools.gnu-tools-for-stm32.9-2020-q2-update.win32_2.0.0.202105311346/tools/bin/../lib/gcc/arm-none-eabi/9.3.1/thumb/v7e-m+fp/hard\libgcc.a(_udivmoddi4.o)
                0x0000000008000bf8                __udivmoddi4
 .text          0x0000000008000ebc        0x4 d:/stm32cubeide_1.7.0/stm32cubeide/plugins/com.st.stm32cube.ide.mcu.externaltools.gnu-tools-for-stm32.9-2020-q2-update.win32_2.0.0.202105311346/tools/bin/../lib/gcc/arm-none-eabi/9.3.1/thumb/v7e-m+fp/hard\libgcc.a(_dvmd_tls.o)
                0x0000000008000ebc                __aeabi_idiv0
                0x0000000008000ebc                __aeabi_ldiv0
 *(.text*)
 .text.MX_ADC1_Init
                0x0000000008000ec0       0xa4 ./Core/Src/adc.o
                0x0000000008000ec0                MX_ADC1_Init
 .text.MX_ADC3_Init
                0x0000000008000f64       0xa4 ./Core/Src/adc.o
                0x0000000008000f64                MX_ADC3_Init
 .text.HAL_ADC_MspInit
                0x0000000008001008      0x15c ./Core/Src/adc.o
                0x0000000008001008                HAL_ADC_MspInit
 .text.MX_GPIO_Init
                0x0000000008001164      0x1f8 ./Core/Src/gpio.o
                0x0000000008001164                MX_GPIO_Init
 .text.buffersize1
                0x000000000800135c       0x2e ./Core/Src/imu.o
                0x000000000800135c                buffersize1
 *fill*         0x000000000800138a        0x2 
 .text.myDebug  0x000000000800138c       0x48 ./Core/Src/imu.o
                0x000000000800138c                myDebug
 .text.LIS3MDL_ReadReg
                0x00000000080013d4       0x58 ./Core/Src/imu.o
                0x00000000080013d4                LIS3MDL_ReadReg
 .text.LIS3MDL_WriteReg
                0x000000000800142c       0x58 ./Core/Src/imu.o
                0x000000000800142c                LIS3MDL_WriteReg
 .text.LIS3MDL_Init
                0x0000000008001484       0x50 ./Core/Src/imu.o
                0x0000000008001484                LIS3MDL_Init
 .text.MPU_begin
                0x00000000080014d4       0x82 ./Core/Src/imu.o
                0x00000000080014d4                MPU_begin
 *fill*         0x0000000008001556        0x2 
 .text.MPU_CS   0x0000000008001558       0x24 ./Core/Src/imu.o
                0x0000000008001558                MPU_CS
 .text.SPIx_WriteRead
                0x000000000800157c       0x3c ./Core/Src/imu.o
                0x000000000800157c                SPIx_WriteRead
 .text.MPU_SPI_Write
                0x00000000080015b8       0x4a ./Core/Src/imu.o
                0x00000000080015b8                MPU_SPI_Write
 *fill*         0x0000000008001602        0x2 
 .text.MPU_SPI_Read
                0x0000000008001604       0x50 ./Core/Src/imu.o
                0x0000000008001604                MPU_SPI_Read
 .text.writeRegister
                0x0000000008001654       0x2a ./Core/Src/imu.o
                0x0000000008001654                writeRegister
 .text.readRegisters
                0x000000000800167e       0x26 ./Core/Src/imu.o
                0x000000000800167e                readRegisters
 .text.whoAmI   0x00000000080016a4       0x1c ./Core/Src/imu.o
                0x00000000080016a4                whoAmI
 .text.MPU6500_SetDLPFBandwidth
                0x00000000080016c0       0x2a ./Core/Src/imu.o
                0x00000000080016c0                MPU6500_SetDLPFBandwidth
 *fill*         0x00000000080016ea        0x2 
 .text.MPU_writeAccFullScaleRange
                0x00000000080016ec       0xb8 ./Core/Src/imu.o
                0x00000000080016ec                MPU_writeAccFullScaleRange
 .text.MPU_writeGyroFullScaleRange
                0x00000000080017a4       0xbc ./Core/Src/imu.o
                0x00000000080017a4                MPU_writeGyroFullScaleRange
 .text.MPU6500_ReadReg
                0x0000000008001860       0x46 ./Core/Src/imu.o
                0x0000000008001860                MPU6500_ReadReg
 *fill*         0x00000000080018a6        0x2 
 .text.MPU6500_GetData
                0x00000000080018a8       0xa4 ./Core/Src/imu.o
                0x00000000080018a8                MPU6500_GetData
 .text.MPU_calibrateGyro
                0x000000000800194c       0xce ./Core/Src/imu.o
                0x000000000800194c                MPU_calibrateGyro
 *fill*         0x0000000008001a1a        0x2 
 .text.IMU_Setup
                0x0000000008001a1c       0x98 ./Core/Src/imu.o
                0x0000000008001a1c                IMU_Setup
 .text.IMU_Data
                0x0000000008001ab4      0x3c4 ./Core/Src/imu.o
                0x0000000008001ab4                IMU_Data
 .text.HK_IMU   0x0000000008001e78       0x16 ./Core/Src/imu.o
                0x0000000008001e78                HK_IMU
 *fill*         0x0000000008001e8e        0x2 
 .text.main     0x0000000008001e90       0x70 ./Core/Src/main.o
                0x0000000008001e90                main
 .text.SystemClock_Config
                0x0000000008001f00       0xd4 ./Core/Src/main.o
                0x0000000008001f00                SystemClock_Config
 .text.Error_Handler
                0x0000000008001fd4        0xa ./Core/Src/main.o
                0x0000000008001fd4                Error_Handler
 *fill*         0x0000000008001fde        0x2 
 .text.MX_SPI2_Init
                0x0000000008001fe0       0x6c ./Core/Src/spi.o
                0x0000000008001fe0                MX_SPI2_Init
 .text.MX_SPI3_Init
                0x000000000800204c       0x6c ./Core/Src/spi.o
                0x000000000800204c                MX_SPI3_Init
 .text.MX_SPI4_Init
                0x00000000080020b8       0x6c ./Core/Src/spi.o
                0x00000000080020b8                MX_SPI4_Init
 .text.MX_SPI5_Init
                0x0000000008002124       0x6c ./Core/Src/spi.o
                0x0000000008002124                MX_SPI5_Init
 .text.HAL_SPI_MspInit
                0x0000000008002190      0x258 ./Core/Src/spi.o
                0x0000000008002190                HAL_SPI_MspInit
 .text.HAL_MspInit
                0x00000000080023e8       0x50 ./Core/Src/stm32f4xx_hal_msp.o
                0x00000000080023e8                HAL_MspInit
 .text.NMI_Handler
                0x0000000008002438        0x6 ./Core/Src/stm32f4xx_it.o
                0x0000000008002438                NMI_Handler
 .text.HardFault_Handler
                0x000000000800243e        0x6 ./Core/Src/stm32f4xx_it.o
                0x000000000800243e                HardFault_Handler
 .text.MemManage_Handler
                0x0000000008002444        0x6 ./Core/Src/stm32f4xx_it.o
                0x0000000008002444                MemManage_Handler
 .text.BusFault_Handler
                0x000000000800244a        0x6 ./Core/Src/stm32f4xx_it.o
                0x000000000800244a                BusFault_Handler
 .text.UsageFault_Handler
                0x0000000008002450        0x6 ./Core/Src/stm32f4xx_it.o
                0x0000000008002450                UsageFault_Handler
 .text.SVC_Handler
                0x0000000008002456        0xe ./Core/Src/stm32f4xx_it.o
                0x0000000008002456                SVC_Handler
 .text.DebugMon_Handler
                0x0000000008002464        0xe ./Core/Src/stm32f4xx_it.o
                0x0000000008002464                DebugMon_Handler
 .text.PendSV_Handler
                0x0000000008002472        0xe ./Core/Src/stm32f4xx_it.o
                0x0000000008002472                PendSV_Handler
 .text.SysTick_Handler
                0x0000000008002480        0xc ./Core/Src/stm32f4xx_it.o
                0x0000000008002480                SysTick_Handler
 .text.USART1_IRQHandler
                0x000000000800248c       0x14 ./Core/Src/stm32f4xx_it.o
                0x000000000800248c                USART1_IRQHandler
 .text.UART4_IRQHandler
                0x00000000080024a0       0x14 ./Core/Src/stm32f4xx_it.o
                0x00000000080024a0                UART4_IRQHandler
 .text.OTG_FS_IRQHandler
                0x00000000080024b4       0x14 ./Core/Src/stm32f4xx_it.o
                0x00000000080024b4                OTG_FS_IRQHandler
 .text.UART7_IRQHandler
                0x00000000080024c8       0x14 ./Core/Src/stm32f4xx_it.o
                0x00000000080024c8                UART7_IRQHandler
 .text._getpid  0x00000000080024dc       0x10 ./Core/Src/syscalls.o
                0x00000000080024dc                _getpid
 .text._kill    0x00000000080024ec       0x20 ./Core/Src/syscalls.o
                0x00000000080024ec                _kill
 .text._exit    0x000000000800250c       0x14 ./Core/Src/syscalls.o
                0x000000000800250c                _exit
 .text._read    0x0000000008002520       0x3a ./Core/Src/syscalls.o
                0x0000000008002520                _read
 .text._write   0x000000000800255a       0x38 ./Core/Src/syscalls.o
                0x000000000800255a                _write
 .text._close   0x0000000008002592       0x18 ./Core/Src/syscalls.o
                0x0000000008002592                _close
 .text._fstat   0x00000000080025aa       0x20 ./Core/Src/syscalls.o
                0x00000000080025aa                _fstat
 .text._isatty  0x00000000080025ca       0x16 ./Core/Src/syscalls.o
                0x00000000080025ca                _isatty
 .text._lseek   0x00000000080025e0       0x1a ./Core/Src/syscalls.o
                0x00000000080025e0                _lseek
 *fill*         0x00000000080025fa        0x2 
 .text._sbrk    0x00000000080025fc       0x6c ./Core/Src/sysmem.o
                0x00000000080025fc                _sbrk
 .text.SystemInit
                0x0000000008002668       0x24 ./Core/Src/system_stm32f4xx.o
                0x0000000008002668                SystemInit
 .text.MX_TIM6_Init
                0x000000000800268c       0x6c ./Core/Src/tim.o
                0x000000000800268c                MX_TIM6_Init
 .text.MX_TIM7_Init
                0x00000000080026f8       0x6c ./Core/Src/tim.o
                0x00000000080026f8                MX_TIM7_Init
 .text.MX_TIM9_Init
                0x0000000008002764       0x74 ./Core/Src/tim.o
                0x0000000008002764                MX_TIM9_Init
 .text.HAL_TIM_Base_MspInit
                0x00000000080027d8       0x9c ./Core/Src/tim.o
                0x00000000080027d8                HAL_TIM_Base_MspInit
 .text.MX_UART4_Init
                0x0000000008002874       0x54 ./Core/Src/usart.o
                0x0000000008002874                MX_UART4_Init
 .text.MX_UART7_Init
                0x00000000080028c8       0x54 ./Core/Src/usart.o
                0x00000000080028c8                MX_UART7_Init
 .text.MX_UART8_Init
                0x000000000800291c       0x54 ./Core/Src/usart.o
                0x000000000800291c                MX_UART8_Init
 .text.MX_USART1_UART_Init
                0x0000000008002970       0x54 ./Core/Src/usart.o
                0x0000000008002970                MX_USART1_UART_Init
 .text.HAL_UART_MspInit
                0x00000000080029c4      0x204 ./Core/Src/usart.o
                0x00000000080029c4                HAL_UART_MspInit
 .text.Reset_Handler
                0x0000000008002bc8       0x50 ./Core/Startup/startup_stm32f427aihx.o
                0x0000000008002bc8                Reset_Handler
 .text.Default_Handler
                0x0000000008002c18        0x2 ./Core/Startup/startup_stm32f427aihx.o
                0x0000000008002c18                RTC_Alarm_IRQHandler
                0x0000000008002c18                HASH_RNG_IRQHandler
                0x0000000008002c18                EXTI2_IRQHandler
                0x0000000008002c18                TIM8_CC_IRQHandler
                0x0000000008002c18                UART8_IRQHandler
                0x0000000008002c18                SPI4_IRQHandler
                0x0000000008002c18                TIM1_CC_IRQHandler
                0x0000000008002c18                DMA2_Stream5_IRQHandler
                0x0000000008002c18                DMA1_Stream5_IRQHandler
                0x0000000008002c18                PVD_IRQHandler
                0x0000000008002c18                SDIO_IRQHandler
                0x0000000008002c18                TAMP_STAMP_IRQHandler
                0x0000000008002c18                CAN2_RX1_IRQHandler
                0x0000000008002c18                EXTI3_IRQHandler
                0x0000000008002c18                TIM8_TRG_COM_TIM14_IRQHandler
                0x0000000008002c18                TIM1_UP_TIM10_IRQHandler
                0x0000000008002c18                TIM8_UP_TIM13_IRQHandler
                0x0000000008002c18                I2C3_ER_IRQHandler
                0x0000000008002c18                EXTI0_IRQHandler
                0x0000000008002c18                I2C2_EV_IRQHandler
                0x0000000008002c18                DMA1_Stream2_IRQHandler
                0x0000000008002c18                CAN1_RX0_IRQHandler
                0x0000000008002c18                FPU_IRQHandler
                0x0000000008002c18                OTG_HS_WKUP_IRQHandler
                0x0000000008002c18                CAN2_SCE_IRQHandler
                0x0000000008002c18                DMA2_Stream2_IRQHandler
                0x0000000008002c18                SPI1_IRQHandler
                0x0000000008002c18                TIM6_DAC_IRQHandler
                0x0000000008002c18                TIM1_BRK_TIM9_IRQHandler
                0x0000000008002c18                DCMI_IRQHandler
                0x0000000008002c18                CAN2_RX0_IRQHandler
                0x0000000008002c18                DMA2_Stream3_IRQHandler
                0x0000000008002c18                USART6_IRQHandler
                0x0000000008002c18                USART3_IRQHandler
                0x0000000008002c18                CAN1_RX1_IRQHandler
                0x0000000008002c18                UART5_IRQHandler
                0x0000000008002c18                DMA2_Stream0_IRQHandler
                0x0000000008002c18                TIM4_IRQHandler
                0x0000000008002c18                I2C1_EV_IRQHandler
                0x0000000008002c18                DMA1_Stream6_IRQHandler
                0x0000000008002c18                DMA1_Stream1_IRQHandler
                0x0000000008002c18                TIM3_IRQHandler
                0x0000000008002c18                RCC_IRQHandler
                0x0000000008002c18                TIM8_BRK_TIM12_IRQHandler
                0x0000000008002c18                Default_Handler
                0x0000000008002c18                EXTI15_10_IRQHandler
                0x0000000008002c18                ADC_IRQHandler
                0x0000000008002c18                DMA1_Stream7_IRQHandler
                0x0000000008002c18                SPI5_IRQHandler
                0x0000000008002c18                TIM7_IRQHandler
                0x0000000008002c18                CAN2_TX_IRQHandler
                0x0000000008002c18                TIM5_IRQHandler
                0x0000000008002c18                DMA2_Stream7_IRQHandler
                0x0000000008002c18                I2C3_EV_IRQHandler
                0x0000000008002c18                EXTI9_5_IRQHandler
                0x0000000008002c18                RTC_WKUP_IRQHandler
                0x0000000008002c18                ETH_WKUP_IRQHandler
                0x0000000008002c18                SPI2_IRQHandler
                0x0000000008002c18                OTG_HS_EP1_IN_IRQHandler
                0x0000000008002c18                DMA1_Stream0_IRQHandler
                0x0000000008002c18                CAN1_TX_IRQHandler
                0x0000000008002c18                EXTI4_IRQHandler
                0x0000000008002c18                ETH_IRQHandler
                0x0000000008002c18                OTG_HS_EP1_OUT_IRQHandler
                0x0000000008002c18                WWDG_IRQHandler
                0x0000000008002c18                SPI6_IRQHandler
                0x0000000008002c18                TIM2_IRQHandler
                0x0000000008002c18                OTG_FS_WKUP_IRQHandler
                0x0000000008002c18                TIM1_TRG_COM_TIM11_IRQHandler
                0x0000000008002c18                OTG_HS_IRQHandler
                0x0000000008002c18                DMA2D_IRQHandler
                0x0000000008002c18                EXTI1_IRQHandler
                0x0000000008002c18                USART2_IRQHandler
                0x0000000008002c18                I2C2_ER_IRQHandler
                0x0000000008002c18                DMA2_Stream1_IRQHandler
                0x0000000008002c18                CAN1_SCE_IRQHandler
                0x0000000008002c18                FLASH_IRQHandler
                0x0000000008002c18                DMA2_Stream4_IRQHandler
                0x0000000008002c18                SPI3_IRQHandler
                0x0000000008002c18                DMA1_Stream4_IRQHandler
                0x0000000008002c18                I2C1_ER_IRQHandler
                0x0000000008002c18                FMC_IRQHandler
                0x0000000008002c18                DMA2_Stream6_IRQHandler
                0x0000000008002c18                SAI1_IRQHandler
                0x0000000008002c18                DMA1_Stream3_IRQHandler
 *fill*         0x0000000008002c1a        0x2 
 .text.HAL_Init
                0x0000000008002c1c       0x44 ./Drivers/STM32F4xx_HAL_Driver/Src/stm32f4xx_hal.o
                0x0000000008002c1c                HAL_Init
 .text.HAL_InitTick
                0x0000000008002c60       0x60 ./Drivers/STM32F4xx_HAL_Driver/Src/stm32f4xx_hal.o
                0x0000000008002c60                HAL_InitTick
 .text.HAL_IncTick
                0x0000000008002cc0       0x28 ./Drivers/STM32F4xx_HAL_Driver/Src/stm32f4xx_hal.o
                0x0000000008002cc0                HAL_IncTick
 .text.HAL_GetTick
                0x0000000008002ce8       0x18 ./Drivers/STM32F4xx_HAL_Driver/Src/stm32f4xx_hal.o
                0x0000000008002ce8                HAL_GetTick
 .text.HAL_Delay
                0x0000000008002d00       0x48 ./Drivers/STM32F4xx_HAL_Driver/Src/stm32f4xx_hal.o
                0x0000000008002d00                HAL_Delay
 .text.HAL_ADC_Init
                0x0000000008002d48       0x86 ./Drivers/STM32F4xx_HAL_Driver/Src/stm32f4xx_hal_adc.o
                0x0000000008002d48                HAL_ADC_Init
 *fill*         0x0000000008002dce        0x2 
 .text.HAL_ADC_ConfigChannel
                0x0000000008002dd0      0x264 ./Drivers/STM32F4xx_HAL_Driver/Src/stm32f4xx_hal_adc.o
                0x0000000008002dd0                HAL_ADC_ConfigChannel
 .text.ADC_Init
                0x0000000008003034      0x1f8 ./Drivers/STM32F4xx_HAL_Driver/Src/stm32f4xx_hal_adc.o
 .text.__NVIC_SetPriorityGrouping
                0x000000000800322c       0x48 ./Drivers/STM32F4xx_HAL_Driver/Src/stm32f4xx_hal_cortex.o
 .text.__NVIC_GetPriorityGrouping
                0x0000000008003274       0x1c ./Drivers/STM32F4xx_HAL_Driver/Src/stm32f4xx_hal_cortex.o
 .text.__NVIC_EnableIRQ
                0x0000000008003290       0x3c ./Drivers/STM32F4xx_HAL_Driver/Src/stm32f4xx_hal_cortex.o
 .text.__NVIC_SetPriority
                0x00000000080032cc       0x54 ./Drivers/STM32F4xx_HAL_Driver/Src/stm32f4xx_hal_cortex.o
 .text.NVIC_EncodePriority
                0x0000000008003320       0x66 ./Drivers/STM32F4xx_HAL_Driver/Src/stm32f4xx_hal_cortex.o
 *fill*         0x0000000008003386        0x2 
 .text.SysTick_Config
                0x0000000008003388       0x44 ./Drivers/STM32F4xx_HAL_Driver/Src/stm32f4xx_hal_cortex.o
 .text.HAL_NVIC_SetPriorityGrouping
                0x00000000080033cc       0x16 ./Drivers/STM32F4xx_HAL_Driver/Src/stm32f4xx_hal_cortex.o
                0x00000000080033cc                HAL_NVIC_SetPriorityGrouping
 .text.HAL_NVIC_SetPriority
                0x00000000080033e2       0x38 ./Drivers/STM32F4xx_HAL_Driver/Src/stm32f4xx_hal_cortex.o
                0x00000000080033e2                HAL_NVIC_SetPriority
 .text.HAL_NVIC_EnableIRQ
                0x000000000800341a       0x1c ./Drivers/STM32F4xx_HAL_Driver/Src/stm32f4xx_hal_cortex.o
                0x000000000800341a                HAL_NVIC_EnableIRQ
 .text.HAL_SYSTICK_Config
                0x0000000008003436       0x18 ./Drivers/STM32F4xx_HAL_Driver/Src/stm32f4xx_hal_cortex.o
                0x0000000008003436                HAL_SYSTICK_Config
 .text.HAL_DMA_Abort
                0x000000000800344e       0xe0 ./Drivers/STM32F4xx_HAL_Driver/Src/stm32f4xx_hal_dma.o
                0x000000000800344e                HAL_DMA_Abort
 .text.HAL_DMA_Abort_IT
                0x000000000800352e       0x44 ./Drivers/STM32F4xx_HAL_Driver/Src/stm32f4xx_hal_dma.o
                0x000000000800352e                HAL_DMA_Abort_IT
 *fill*         0x0000000008003572        0x2 
 .text.HAL_GPIO_Init
                0x0000000008003574      0x358 ./Drivers/STM32F4xx_HAL_Driver/Src/stm32f4xx_hal_gpio.o
                0x0000000008003574                HAL_GPIO_Init
 .text.HAL_GPIO_WritePin
                0x00000000080038cc       0x32 ./Drivers/STM32F4xx_HAL_Driver/Src/stm32f4xx_hal_gpio.o
                0x00000000080038cc                HAL_GPIO_WritePin
 .text.HAL_PCD_Init
                0x00000000080038fe      0x23a ./Drivers/STM32F4xx_HAL_Driver/Src/stm32f4xx_hal_pcd.o
                0x00000000080038fe                HAL_PCD_Init
 .text.HAL_PCD_Start
                0x0000000008003b38       0x66 ./Drivers/STM32F4xx_HAL_Driver/Src/stm32f4xx_hal_pcd.o
                0x0000000008003b38                HAL_PCD_Start
 .text.HAL_PCD_IRQHandler
                0x0000000008003b9e      0x764 ./Drivers/STM32F4xx_HAL_Driver/Src/stm32f4xx_hal_pcd.o
                0x0000000008003b9e                HAL_PCD_IRQHandler
 .text.HAL_PCD_SetAddress
                0x0000000008004302       0x4a ./Drivers/STM32F4xx_HAL_Driver/Src/stm32f4xx_hal_pcd.o
                0x0000000008004302                HAL_PCD_SetAddress
 .text.HAL_PCD_EP_Open
                0x000000000800434c       0xd0 ./Drivers/STM32F4xx_HAL_Driver/Src/stm32f4xx_hal_pcd.o
                0x000000000800434c                HAL_PCD_EP_Open
 .text.HAL_PCD_EP_Close
                0x000000000800441c       0x94 ./Drivers/STM32F4xx_HAL_Driver/Src/stm32f4xx_hal_pcd.o
                0x000000000800441c                HAL_PCD_EP_Close
 .text.HAL_PCD_EP_Receive
                0x00000000080044b0       0x96 ./Drivers/STM32F4xx_HAL_Driver/Src/stm32f4xx_hal_pcd.o
                0x00000000080044b0                HAL_PCD_EP_Receive
 .text.HAL_PCD_EP_GetRxCount
                0x0000000008004546       0x30 ./Drivers/STM32F4xx_HAL_Driver/Src/stm32f4xx_hal_pcd.o
                0x0000000008004546                HAL_PCD_EP_GetRxCount
 .text.HAL_PCD_EP_Transmit
                0x0000000008004576       0x94 ./Drivers/STM32F4xx_HAL_Driver/Src/stm32f4xx_hal_pcd.o
                0x0000000008004576                HAL_PCD_EP_Transmit
 .text.HAL_PCD_EP_SetStall
                0x000000000800460a       0xc8 ./Drivers/STM32F4xx_HAL_Driver/Src/stm32f4xx_hal_pcd.o
                0x000000000800460a                HAL_PCD_EP_SetStall
 .text.HAL_PCD_EP_ClrStall
                0x00000000080046d2       0xac ./Drivers/STM32F4xx_HAL_Driver/Src/stm32f4xx_hal_pcd.o
                0x00000000080046d2                HAL_PCD_EP_ClrStall
 .text.PCD_WriteEmptyTxFifo
                0x000000000800477e      0x11a ./Drivers/STM32F4xx_HAL_Driver/Src/stm32f4xx_hal_pcd.o
 .text.PCD_EP_OutXfrComplete_int
                0x0000000008004898      0x218 ./Drivers/STM32F4xx_HAL_Driver/Src/stm32f4xx_hal_pcd.o
 .text.PCD_EP_OutSetupPacket_int
                0x0000000008004ab0       0x8c ./Drivers/STM32F4xx_HAL_Driver/Src/stm32f4xx_hal_pcd.o
 .text.HAL_PCDEx_SetTxFiFo
                0x0000000008004b3c       0x8e ./Drivers/STM32F4xx_HAL_Driver/Src/stm32f4xx_hal_pcd_ex.o
                0x0000000008004b3c                HAL_PCDEx_SetTxFiFo
 .text.HAL_PCDEx_SetRxFiFo
                0x0000000008004bca       0x22 ./Drivers/STM32F4xx_HAL_Driver/Src/stm32f4xx_hal_pcd_ex.o
                0x0000000008004bca                HAL_PCDEx_SetRxFiFo
 .text.HAL_PCDEx_LPM_Callback
                0x0000000008004bec       0x18 ./Drivers/STM32F4xx_HAL_Driver/Src/stm32f4xx_hal_pcd_ex.o
                0x0000000008004bec                HAL_PCDEx_LPM_Callback
 .text.HAL_RCC_OscConfig
                0x0000000008004c04      0x4f0 ./Drivers/STM32F4xx_HAL_Driver/Src/stm32f4xx_hal_rcc.o
                0x0000000008004c04                HAL_RCC_OscConfig
 .text.HAL_RCC_ClockConfig
                0x00000000080050f4      0x1cc ./Drivers/STM32F4xx_HAL_Driver/Src/stm32f4xx_hal_rcc.o
                0x00000000080050f4                HAL_RCC_ClockConfig
 .text.HAL_RCC_GetSysClockFreq
                0x00000000080052c0      0x16c ./Drivers/STM32F4xx_HAL_Driver/Src/stm32f4xx_hal_rcc.o
                0x00000000080052c0                HAL_RCC_GetSysClockFreq
 .text.HAL_RCC_GetHCLKFreq
                0x000000000800542c       0x18 ./Drivers/STM32F4xx_HAL_Driver/Src/stm32f4xx_hal_rcc.o
                0x000000000800542c                HAL_RCC_GetHCLKFreq
 .text.HAL_RCC_GetPCLK1Freq
                0x0000000008005444       0x28 ./Drivers/STM32F4xx_HAL_Driver/Src/stm32f4xx_hal_rcc.o
                0x0000000008005444                HAL_RCC_GetPCLK1Freq
 .text.HAL_RCC_GetPCLK2Freq
                0x000000000800546c       0x28 ./Drivers/STM32F4xx_HAL_Driver/Src/stm32f4xx_hal_rcc.o
                0x000000000800546c                HAL_RCC_GetPCLK2Freq
 .text.HAL_SPI_Init
                0x0000000008005494      0x112 ./Drivers/STM32F4xx_HAL_Driver/Src/stm32f4xx_hal_spi.o
                0x0000000008005494                HAL_SPI_Init
 .text.HAL_SPI_Transmit
                0x00000000080055a6      0x278 ./Drivers/STM32F4xx_HAL_Driver/Src/stm32f4xx_hal_spi.o
                0x00000000080055a6                HAL_SPI_Transmit
 .text.HAL_SPI_Receive
                0x000000000800581e      0x222 ./Drivers/STM32F4xx_HAL_Driver/Src/stm32f4xx_hal_spi.o
                0x000000000800581e                HAL_SPI_Receive
 .text.HAL_SPI_TransmitReceive
                0x0000000008005a40      0x344 ./Drivers/STM32F4xx_HAL_Driver/Src/stm32f4xx_hal_spi.o
                0x0000000008005a40                HAL_SPI_TransmitReceive
 .text.SPI_WaitFlagStateUntilTimeout
                0x0000000008005d84      0x110 ./Drivers/STM32F4xx_HAL_Driver/Src/stm32f4xx_hal_spi.o
 .text.SPI_EndRxTransaction
                0x0000000008005e94       0xca ./Drivers/STM32F4xx_HAL_Driver/Src/stm32f4xx_hal_spi.o
 *fill*         0x0000000008005f5e        0x2 
 .text.SPI_EndRxTxTransaction
                0x0000000008005f60       0x84 ./Drivers/STM32F4xx_HAL_Driver/Src/stm32f4xx_hal_spi.o
 .text.HAL_TIM_Base_Init
                0x0000000008005fe4       0x9e ./Drivers/STM32F4xx_HAL_Driver/Src/stm32f4xx_hal_tim.o
                0x0000000008005fe4                HAL_TIM_Base_Init
 .text.HAL_TIM_ConfigClockSource
                0x0000000008006082      0x18e ./Drivers/STM32F4xx_HAL_Driver/Src/stm32f4xx_hal_tim.o
                0x0000000008006082                HAL_TIM_ConfigClockSource
 .text.TIM_Base_SetConfig
                0x0000000008006210      0x140 ./Drivers/STM32F4xx_HAL_Driver/Src/stm32f4xx_hal_tim.o
                0x0000000008006210                TIM_Base_SetConfig
 .text.TIM_TI1_ConfigInputStage
                0x0000000008006350       0x5e ./Drivers/STM32F4xx_HAL_Driver/Src/stm32f4xx_hal_tim.o
 .text.TIM_TI2_ConfigInputStage
                0x00000000080063ae       0x60 ./Drivers/STM32F4xx_HAL_Driver/Src/stm32f4xx_hal_tim.o
 .text.TIM_ITRx_SetConfig
                0x000000000800640e       0x36 ./Drivers/STM32F4xx_HAL_Driver/Src/stm32f4xx_hal_tim.o
 .text.TIM_ETR_SetConfig
                0x0000000008006444       0x40 ./Drivers/STM32F4xx_HAL_Driver/Src/stm32f4xx_hal_tim.o
                0x0000000008006444                TIM_ETR_SetConfig
 .text.HAL_TIMEx_MasterConfigSynchronization
                0x0000000008006484       0xf8 ./Drivers/STM32F4xx_HAL_Driver/Src/stm32f4xx_hal_tim_ex.o
                0x0000000008006484                HAL_TIMEx_MasterConfigSynchronization
 .text.HAL_UART_Init
                0x000000000800657c       0x9a ./Drivers/STM32F4xx_HAL_Driver/Src/stm32f4xx_hal_uart.o
                0x000000000800657c                HAL_UART_Init
 .text.HAL_UART_Transmit
                0x0000000008006616      0x124 ./Drivers/STM32F4xx_HAL_Driver/Src/stm32f4xx_hal_uart.o
                0x0000000008006616                HAL_UART_Transmit
 *fill*         0x000000000800673a        0x2 
 .text.HAL_UART_IRQHandler
                0x000000000800673c      0x51c ./Drivers/STM32F4xx_HAL_Driver/Src/stm32f4xx_hal_uart.o
                0x000000000800673c                HAL_UART_IRQHandler
 .text.HAL_UART_TxCpltCallback
                0x0000000008006c58       0x14 ./Drivers/STM32F4xx_HAL_Driver/Src/stm32f4xx_hal_uart.o
                0x0000000008006c58                HAL_UART_TxCpltCallback
 .text.HAL_UART_RxCpltCallback
                0x0000000008006c6c       0x14 ./Drivers/STM32F4xx_HAL_Driver/Src/stm32f4xx_hal_uart.o
                0x0000000008006c6c                HAL_UART_RxCpltCallback
 .text.HAL_UART_ErrorCallback
                0x0000000008006c80       0x14 ./Drivers/STM32F4xx_HAL_Driver/Src/stm32f4xx_hal_uart.o
                0x0000000008006c80                HAL_UART_ErrorCallback
 .text.HAL_UARTEx_RxEventCallback
                0x0000000008006c94       0x18 ./Drivers/STM32F4xx_HAL_Driver/Src/stm32f4xx_hal_uart.o
                0x0000000008006c94                HAL_UARTEx_RxEventCallback
 .text.UART_WaitOnFlagUntilTimeout
                0x0000000008006cac       0xdc ./Drivers/STM32F4xx_HAL_Driver/Src/stm32f4xx_hal_uart.o
 .text.UART_EndRxTransfer
                0x0000000008006d88       0xc6 ./Drivers/STM32F4xx_HAL_Driver/Src/stm32f4xx_hal_uart.o
 .text.UART_DMAAbortOnError
                0x0000000008006e4e       0x28 ./Drivers/STM32F4xx_HAL_Driver/Src/stm32f4xx_hal_uart.o
 .text.UART_Transmit_IT
                0x0000000008006e76       0xa0 ./Drivers/STM32F4xx_HAL_Driver/Src/stm32f4xx_hal_uart.o
 .text.UART_EndTransmit_IT
                0x0000000008006f16       0x30 ./Drivers/STM32F4xx_HAL_Driver/Src/stm32f4xx_hal_uart.o
 .text.UART_Receive_IT
                0x0000000008006f46      0x176 ./Drivers/STM32F4xx_HAL_Driver/Src/stm32f4xx_hal_uart.o
 .text.UART_SetConfig
                0x00000000080070bc      0x390 ./Drivers/STM32F4xx_HAL_Driver/Src/stm32f4xx_hal_uart.o
 .text.USB_CoreInit
                0x000000000800744c       0xc2 ./Drivers/STM32F4xx_HAL_Driver/Src/stm32f4xx_ll_usb.o
                0x000000000800744c                USB_CoreInit
 *fill*         0x000000000800750e        0x2 
 .text.USB_SetTurnaroundTime
                0x0000000008007510      0x144 ./Drivers/STM32F4xx_HAL_Driver/Src/stm32f4xx_ll_usb.o
                0x0000000008007510                USB_SetTurnaroundTime
 .text.USB_EnableGlobalInt
                0x0000000008007654       0x22 ./Drivers/STM32F4xx_HAL_Driver/Src/stm32f4xx_ll_usb.o
                0x0000000008007654                USB_EnableGlobalInt
 .text.USB_DisableGlobalInt
                0x0000000008007676       0x22 ./Drivers/STM32F4xx_HAL_Driver/Src/stm32f4xx_ll_usb.o
                0x0000000008007676                USB_DisableGlobalInt
 .text.USB_SetCurrentMode
                0x0000000008007698       0x98 ./Drivers/STM32F4xx_HAL_Driver/Src/stm32f4xx_ll_usb.o
                0x0000000008007698                USB_SetCurrentMode
 .text.USB_DevInit
                0x0000000008007730      0x2c8 ./Drivers/STM32F4xx_HAL_Driver/Src/stm32f4xx_ll_usb.o
                0x0000000008007730                USB_DevInit
 .text.USB_FlushTxFifo
                0x00000000080079f8       0x48 ./Drivers/STM32F4xx_HAL_Driver/Src/stm32f4xx_ll_usb.o
                0x00000000080079f8                USB_FlushTxFifo
 .text.USB_FlushRxFifo
                0x0000000008007a40       0x40 ./Drivers/STM32F4xx_HAL_Driver/Src/stm32f4xx_ll_usb.o
                0x0000000008007a40                USB_FlushRxFifo
 .text.USB_SetDevSpeed
                0x0000000008007a80       0x32 ./Drivers/STM32F4xx_HAL_Driver/Src/stm32f4xx_ll_usb.o
                0x0000000008007a80                USB_SetDevSpeed
 .text.USB_GetDevSpeed
                0x0000000008007ab2       0x4a ./Drivers/STM32F4xx_HAL_Driver/Src/stm32f4xx_ll_usb.o
                0x0000000008007ab2                USB_GetDevSpeed
 .text.USB_ActivateEndpoint
                0x0000000008007afc      0x10e ./Drivers/STM32F4xx_HAL_Driver/Src/stm32f4xx_ll_usb.o
                0x0000000008007afc                USB_ActivateEndpoint
 *fill*         0x0000000008007c0a        0x2 
 .text.USB_DeactivateEndpoint
                0x0000000008007c0c      0x1b8 ./Drivers/STM32F4xx_HAL_Driver/Src/stm32f4xx_ll_usb.o
                0x0000000008007c0c                USB_DeactivateEndpoint
 .text.USB_EPStartXfer
                0x0000000008007dc4      0x488 ./Drivers/STM32F4xx_HAL_Driver/Src/stm32f4xx_ll_usb.o
                0x0000000008007dc4                USB_EPStartXfer
 .text.USB_EP0StartXfer
                0x000000000800824c      0x2a6 ./Drivers/STM32F4xx_HAL_Driver/Src/stm32f4xx_ll_usb.o
                0x000000000800824c                USB_EP0StartXfer
 .text.USB_WritePacket
                0x00000000080084f2       0x7c ./Drivers/STM32F4xx_HAL_Driver/Src/stm32f4xx_ll_usb.o
                0x00000000080084f2                USB_WritePacket
 .text.USB_ReadPacket
                0x000000000800856e       0xb0 ./Drivers/STM32F4xx_HAL_Driver/Src/stm32f4xx_ll_usb.o
                0x000000000800856e                USB_ReadPacket
 .text.USB_EPSetStall
                0x000000000800861e       0xdc ./Drivers/STM32F4xx_HAL_Driver/Src/stm32f4xx_ll_usb.o
                0x000000000800861e                USB_EPSetStall
 .text.USB_EPClearStall
                0x00000000080086fa       0xcc ./Drivers/STM32F4xx_HAL_Driver/Src/stm32f4xx_ll_usb.o
                0x00000000080086fa                USB_EPClearStall
 .text.USB_SetDevAddress
                0x00000000080087c6       0x4c ./Drivers/STM32F4xx_HAL_Driver/Src/stm32f4xx_ll_usb.o
                0x00000000080087c6                USB_SetDevAddress
 .text.USB_DevConnect
                0x0000000008008812       0x42 ./Drivers/STM32F4xx_HAL_Driver/Src/stm32f4xx_ll_usb.o
                0x0000000008008812                USB_DevConnect
 .text.USB_DevDisconnect
                0x0000000008008854       0x42 ./Drivers/STM32F4xx_HAL_Driver/Src/stm32f4xx_ll_usb.o
                0x0000000008008854                USB_DevDisconnect
 .text.USB_ReadInterrupts
                0x0000000008008896       0x26 ./Drivers/STM32F4xx_HAL_Driver/Src/stm32f4xx_ll_usb.o
                0x0000000008008896                USB_ReadInterrupts
 .text.USB_ReadDevAllOutEpInterrupt
                0x00000000080088bc       0x34 ./Drivers/STM32F4xx_HAL_Driver/Src/stm32f4xx_ll_usb.o
                0x00000000080088bc                USB_ReadDevAllOutEpInterrupt
 .text.USB_ReadDevAllInEpInterrupt
                0x00000000080088f0       0x34 ./Drivers/STM32F4xx_HAL_Driver/Src/stm32f4xx_ll_usb.o
                0x00000000080088f0                USB_ReadDevAllInEpInterrupt
 .text.USB_ReadDevOutEPInterrupt
                0x0000000008008924       0x3c ./Drivers/STM32F4xx_HAL_Driver/Src/stm32f4xx_ll_usb.o
                0x0000000008008924                USB_ReadDevOutEPInterrupt
 .text.USB_ReadDevInEPInterrupt
                0x0000000008008960       0x5c ./Drivers/STM32F4xx_HAL_Driver/Src/stm32f4xx_ll_usb.o
                0x0000000008008960                USB_ReadDevInEPInterrupt
 .text.USB_GetMode
                0x00000000080089bc       0x1c ./Drivers/STM32F4xx_HAL_Driver/Src/stm32f4xx_ll_usb.o
                0x00000000080089bc                USB_GetMode
 .text.USB_ActivateSetup
                0x00000000080089d8       0x46 ./Drivers/STM32F4xx_HAL_Driver/Src/stm32f4xx_ll_usb.o
                0x00000000080089d8                USB_ActivateSetup
 *fill*         0x0000000008008a1e        0x2 
 .text.USB_EP0_OutStart
                0x0000000008008a20       0xbc ./Drivers/STM32F4xx_HAL_Driver/Src/stm32f4xx_ll_usb.o
                0x0000000008008a20                USB_EP0_OutStart
 .text.USB_CoreReset
                0x0000000008008adc       0x64 ./Drivers/STM32F4xx_HAL_Driver/Src/stm32f4xx_ll_usb.o
 .text.USBD_CDC_Init
                0x0000000008008b40       0xfe ./Middlewares/ST/STM32_USB_Device_Library/Class/CDC/Src/usbd_cdc.o
 .text.USBD_CDC_DeInit
                0x0000000008008c3e       0x74 ./Middlewares/ST/STM32_USB_Device_Library/Class/CDC/Src/usbd_cdc.o
 *fill*         0x0000000008008cb2        0x2 
 .text.USBD_CDC_Setup
                0x0000000008008cb4      0x190 ./Middlewares/ST/STM32_USB_Device_Library/Class/CDC/Src/usbd_cdc.o
 .text.USBD_CDC_DataIn
                0x0000000008008e44       0xca ./Middlewares/ST/STM32_USB_Device_Library/Class/CDC/Src/usbd_cdc.o
 .text.USBD_CDC_DataOut
                0x0000000008008f0e       0x56 ./Middlewares/ST/STM32_USB_Device_Library/Class/CDC/Src/usbd_cdc.o
 .text.USBD_CDC_EP0_RxReady
                0x0000000008008f64       0x5a ./Middlewares/ST/STM32_USB_Device_Library/Class/CDC/Src/usbd_cdc.o
 *fill*         0x0000000008008fbe        0x2 
 .text.USBD_CDC_GetFSCfgDesc
                0x0000000008008fc0       0x20 ./Middlewares/ST/STM32_USB_Device_Library/Class/CDC/Src/usbd_cdc.o
 .text.USBD_CDC_GetHSCfgDesc
                0x0000000008008fe0       0x20 ./Middlewares/ST/STM32_USB_Device_Library/Class/CDC/Src/usbd_cdc.o
 .text.USBD_CDC_GetOtherSpeedCfgDesc
                0x0000000008009000       0x20 ./Middlewares/ST/STM32_USB_Device_Library/Class/CDC/Src/usbd_cdc.o
 .text.USBD_CDC_GetDeviceQualifierDescriptor
                0x0000000008009020       0x20 ./Middlewares/ST/STM32_USB_Device_Library/Class/CDC/Src/usbd_cdc.o
                0x0000000008009020                USBD_CDC_GetDeviceQualifierDescriptor
 .text.USBD_CDC_RegisterInterface
                0x0000000008009040       0x2a ./Middlewares/ST/STM32_USB_Device_Library/Class/CDC/Src/usbd_cdc.o
                0x0000000008009040                USBD_CDC_RegisterInterface
 .text.USBD_CDC_SetTxBuffer
                0x000000000800906a       0x3c ./Middlewares/ST/STM32_USB_Device_Library/Class/CDC/Src/usbd_cdc.o
                0x000000000800906a                USBD_CDC_SetTxBuffer
 .text.USBD_CDC_SetRxBuffer
                0x00000000080090a6       0x32 ./Middlewares/ST/STM32_USB_Device_Library/Class/CDC/Src/usbd_cdc.o
                0x00000000080090a6                USBD_CDC_SetRxBuffer
 .text.USBD_CDC_ReceivePacket
                0x00000000080090d8       0x54 ./Middlewares/ST/STM32_USB_Device_Library/Class/CDC/Src/usbd_cdc.o
                0x00000000080090d8                USBD_CDC_ReceivePacket
 .text.USBD_Init
                0x000000000800912c       0x60 ./Middlewares/ST/STM32_USB_Device_Library/Core/Src/usbd_core.o
                0x000000000800912c                USBD_Init
 .text.USBD_RegisterClass
                0x000000000800918c       0x4e ./Middlewares/ST/STM32_USB_Device_Library/Core/Src/usbd_core.o
                0x000000000800918c                USBD_RegisterClass
 .text.USBD_Start
                0x00000000080091da       0x18 ./Middlewares/ST/STM32_USB_Device_Library/Core/Src/usbd_core.o
                0x00000000080091da                USBD_Start
 .text.USBD_RunTestMode
                0x00000000080091f2       0x16 ./Middlewares/ST/STM32_USB_Device_Library/Core/Src/usbd_core.o
                0x00000000080091f2                USBD_RunTestMode
 .text.USBD_SetClassConfig
                0x0000000008009208       0x38 ./Middlewares/ST/STM32_USB_Device_Library/Core/Src/usbd_core.o
                0x0000000008009208                USBD_SetClassConfig
 .text.USBD_ClrClassConfig
                0x0000000008009240       0x30 ./Middlewares/ST/STM32_USB_Device_Library/Core/Src/usbd_core.o
                0x0000000008009240                USBD_ClrClassConfig
 .text.USBD_LL_SetupStage
                0x0000000008009270       0xaa ./Middlewares/ST/STM32_USB_Device_Library/Core/Src/usbd_core.o
                0x0000000008009270                USBD_LL_SetupStage
 .text.USBD_LL_DataOutStage
                0x000000000800931a       0xc6 ./Middlewares/ST/STM32_USB_Device_Library/Core/Src/usbd_core.o
                0x000000000800931a                USBD_LL_DataOutStage
 .text.USBD_LL_DataInStage
                0x00000000080093e0      0x12c ./Middlewares/ST/STM32_USB_Device_Library/Core/Src/usbd_core.o
                0x00000000080093e0                USBD_LL_DataInStage
 .text.USBD_LL_Reset
                0x000000000800950c       0x9c ./Middlewares/ST/STM32_USB_Device_Library/Core/Src/usbd_core.o
                0x000000000800950c                USBD_LL_Reset
 .text.USBD_LL_SetSpeed
                0x00000000080095a8       0x20 ./Middlewares/ST/STM32_USB_Device_Library/Core/Src/usbd_core.o
                0x00000000080095a8                USBD_LL_SetSpeed
 .text.USBD_LL_Suspend
                0x00000000080095c8       0x2c ./Middlewares/ST/STM32_USB_Device_Library/Core/Src/usbd_core.o
                0x00000000080095c8                USBD_LL_Suspend
 .text.USBD_LL_Resume
                0x00000000080095f4       0x30 ./Middlewares/ST/STM32_USB_Device_Library/Core/Src/usbd_core.o
                0x00000000080095f4                USBD_LL_Resume
 .text.USBD_LL_SOF
                0x0000000008009624       0x44 ./Middlewares/ST/STM32_USB_Device_Library/Core/Src/usbd_core.o
                0x0000000008009624                USBD_LL_SOF
 .text.USBD_LL_IsoINIncomplete
                0x0000000008009668       0x4c ./Middlewares/ST/STM32_USB_Device_Library/Core/Src/usbd_core.o
                0x0000000008009668                USBD_LL_IsoINIncomplete
 .text.USBD_LL_IsoOUTIncomplete
                0x00000000080096b4       0x4c ./Middlewares/ST/STM32_USB_Device_Library/Core/Src/usbd_core.o
                0x00000000080096b4                USBD_LL_IsoOUTIncomplete
 .text.USBD_LL_DevConnected
                0x0000000008009700       0x16 ./Middlewares/ST/STM32_USB_Device_Library/Core/Src/usbd_core.o
                0x0000000008009700                USBD_LL_DevConnected
 .text.USBD_LL_DevDisconnected
                0x0000000008009716       0x38 ./Middlewares/ST/STM32_USB_Device_Library/Core/Src/usbd_core.o
                0x0000000008009716                USBD_LL_DevDisconnected
 .text.SWAPBYTE
                0x000000000800974e       0x3c ./Middlewares/ST/STM32_USB_Device_Library/Core/Src/usbd_ctlreq.o
 *fill*         0x000000000800978a        0x2 
 .text.USBD_StdDevReq
                0x000000000800978c       0xdc ./Middlewares/ST/STM32_USB_Device_Library/Core/Src/usbd_ctlreq.o
                0x000000000800978c                USBD_StdDevReq
 .text.USBD_StdItfReq
                0x0000000008009868       0x92 ./Middlewares/ST/STM32_USB_Device_Library/Core/Src/usbd_ctlreq.o
                0x0000000008009868                USBD_StdItfReq
 .text.USBD_StdEPReq
                0x00000000080098fa      0x2c4 ./Middlewares/ST/STM32_USB_Device_Library/Core/Src/usbd_ctlreq.o
                0x00000000080098fa                USBD_StdEPReq
 *fill*         0x0000000008009bbe        0x2 
 .text.USBD_GetDescriptor
                0x0000000008009bc0      0x2d4 ./Middlewares/ST/STM32_USB_Device_Library/Core/Src/usbd_ctlreq.o
 .text.USBD_SetAddress
                0x0000000008009e94       0x88 ./Middlewares/ST/STM32_USB_Device_Library/Core/Src/usbd_ctlreq.o
 .text.USBD_SetConfig
                0x0000000008009f1c      0x14c ./Middlewares/ST/STM32_USB_Device_Library/Core/Src/usbd_ctlreq.o
 .text.USBD_GetConfig
                0x000000000800a068       0x6c ./Middlewares/ST/STM32_USB_Device_Library/Core/Src/usbd_ctlreq.o
 .text.USBD_GetStatus
                0x000000000800a0d4       0x68 ./Middlewares/ST/STM32_USB_Device_Library/Core/Src/usbd_ctlreq.o
 .text.USBD_SetFeature
                0x000000000800a13c       0x28 ./Middlewares/ST/STM32_USB_Device_Library/Core/Src/usbd_ctlreq.o
 .text.USBD_ClrFeature
                0x000000000800a164       0x44 ./Middlewares/ST/STM32_USB_Device_Library/Core/Src/usbd_ctlreq.o
 .text.USBD_ParseSetupRequest
                0x000000000800a1a8       0x74 ./Middlewares/ST/STM32_USB_Device_Library/Core/Src/usbd_ctlreq.o
                0x000000000800a1a8                USBD_ParseSetupRequest
 .text.USBD_CtlError
                0x000000000800a21c       0x22 ./Middlewares/ST/STM32_USB_Device_Library/Core/Src/usbd_ctlreq.o
                0x000000000800a21c                USBD_CtlError
 .text.USBD_GetString
                0x000000000800a23e       0x8c ./Middlewares/ST/STM32_USB_Device_Library/Core/Src/usbd_ctlreq.o
                0x000000000800a23e                USBD_GetString
 .text.USBD_GetLen
                0x000000000800a2ca       0x34 ./Middlewares/ST/STM32_USB_Device_Library/Core/Src/usbd_ctlreq.o
 .text.USBD_CtlSendData
                0x000000000800a2fe       0x36 ./Middlewares/ST/STM32_USB_Device_Library/Core/Src/usbd_ioreq.o
                0x000000000800a2fe                USBD_CtlSendData
 .text.USBD_CtlContinueSendData
                0x000000000800a334       0x22 ./Middlewares/ST/STM32_USB_Device_Library/Core/Src/usbd_ioreq.o
                0x000000000800a334                USBD_CtlContinueSendData
 .text.USBD_CtlPrepareRx
                0x000000000800a356       0x3a ./Middlewares/ST/STM32_USB_Device_Library/Core/Src/usbd_ioreq.o
                0x000000000800a356                USBD_CtlPrepareRx
 .text.USBD_CtlContinueRx
                0x000000000800a390       0x22 ./Middlewares/ST/STM32_USB_Device_Library/Core/Src/usbd_ioreq.o
                0x000000000800a390                USBD_CtlContinueRx
 .text.USBD_CtlSendStatus
                0x000000000800a3b2       0x26 ./Middlewares/ST/STM32_USB_Device_Library/Core/Src/usbd_ioreq.o
                0x000000000800a3b2                USBD_CtlSendStatus
 .text.USBD_CtlReceiveStatus
                0x000000000800a3d8       0x26 ./Middlewares/ST/STM32_USB_Device_Library/Core/Src/usbd_ioreq.o
                0x000000000800a3d8                USBD_CtlReceiveStatus
 *fill*         0x000000000800a3fe        0x2 
 .text.MX_USB_DEVICE_Init
                0x000000000800a400       0x60 ./USB_DEVICE/App/usb_device.o
                0x000000000800a400                MX_USB_DEVICE_Init
 .text.CDC_Init_FS
                0x000000000800a460       0x28 ./USB_DEVICE/App/usbd_cdc_if.o
 .text.CDC_DeInit_FS
                0x000000000800a488       0x10 ./USB_DEVICE/App/usbd_cdc_if.o
 .text.CDC_Control_FS
                0x000000000800a498       0xbc ./USB_DEVICE/App/usbd_cdc_if.o
 .text.CDC_Receive_FS
                0x000000000800a554       0x28 ./USB_DEVICE/App/usbd_cdc_if.o
 .text.CDC_TransmitCplt_FS
                0x000000000800a57c       0x22 ./USB_DEVICE/App/usbd_cdc_if.o
 *fill*         0x000000000800a59e        0x2 
 .text.USBD_FS_DeviceDescriptor
                0x000000000800a5a0       0x24 ./USB_DEVICE/App/usbd_desc.o
                0x000000000800a5a0                USBD_FS_DeviceDescriptor
 .text.USBD_FS_LangIDStrDescriptor
                0x000000000800a5c4       0x24 ./USB_DEVICE/App/usbd_desc.o
                0x000000000800a5c4                USBD_FS_LangIDStrDescriptor
 .text.USBD_FS_ProductStrDescriptor
                0x000000000800a5e8       0x3c ./USB_DEVICE/App/usbd_desc.o
                0x000000000800a5e8                USBD_FS_ProductStrDescriptor
 .text.USBD_FS_ManufacturerStrDescriptor
                0x000000000800a624       0x28 ./USB_DEVICE/App/usbd_desc.o
                0x000000000800a624                USBD_FS_ManufacturerStrDescriptor
 .text.USBD_FS_SerialStrDescriptor
                0x000000000800a64c       0x24 ./USB_DEVICE/App/usbd_desc.o
                0x000000000800a64c                USBD_FS_SerialStrDescriptor
 .text.USBD_FS_ConfigStrDescriptor
                0x000000000800a670       0x3c ./USB_DEVICE/App/usbd_desc.o
                0x000000000800a670                USBD_FS_ConfigStrDescriptor
 .text.USBD_FS_InterfaceStrDescriptor
                0x000000000800a6ac       0x3c ./USB_DEVICE/App/usbd_desc.o
                0x000000000800a6ac                USBD_FS_InterfaceStrDescriptor
 .text.Get_SerialNum
                0x000000000800a6e8       0x58 ./USB_DEVICE/App/usbd_desc.o
 .text.IntToUnicode
                0x000000000800a740       0x7e ./USB_DEVICE/App/usbd_desc.o
 *fill*         0x000000000800a7be        0x2 
 .text.HAL_PCD_MspInit
                0x000000000800a7c0       0xa8 ./USB_DEVICE/Target/usbd_conf.o
                0x000000000800a7c0                HAL_PCD_MspInit
 .text.HAL_PCD_SetupStageCallback
                0x000000000800a868       0x24 ./USB_DEVICE/Target/usbd_conf.o
                0x000000000800a868                HAL_PCD_SetupStageCallback
 .text.HAL_PCD_DataOutStageCallback
                0x000000000800a88c       0x36 ./USB_DEVICE/Target/usbd_conf.o
                0x000000000800a88c                HAL_PCD_DataOutStageCallback
 .text.HAL_PCD_DataInStageCallback
                0x000000000800a8c2       0x34 ./USB_DEVICE/Target/usbd_conf.o
                0x000000000800a8c2                HAL_PCD_DataInStageCallback
 .text.HAL_PCD_SOFCallback
                0x000000000800a8f6       0x1c ./USB_DEVICE/Target/usbd_conf.o
                0x000000000800a8f6                HAL_PCD_SOFCallback
 .text.HAL_PCD_ResetCallback
                0x000000000800a912       0x50 ./USB_DEVICE/Target/usbd_conf.o
                0x000000000800a912                HAL_PCD_ResetCallback
 *fill*         0x000000000800a962        0x2 
 .text.HAL_PCD_SuspendCallback
                0x000000000800a964       0x4c ./USB_DEVICE/Target/usbd_conf.o
                0x000000000800a964                HAL_PCD_SuspendCallback
 .text.HAL_PCD_ResumeCallback
                0x000000000800a9b0       0x1c ./USB_DEVICE/Target/usbd_conf.o
                0x000000000800a9b0                HAL_PCD_ResumeCallback
 .text.HAL_PCD_ISOOUTIncompleteCallback
                0x000000000800a9cc       0x24 ./USB_DEVICE/Target/usbd_conf.o
                0x000000000800a9cc                HAL_PCD_ISOOUTIncompleteCallback
 .text.HAL_PCD_ISOINIncompleteCallback
                0x000000000800a9f0       0x24 ./USB_DEVICE/Target/usbd_conf.o
                0x000000000800a9f0                HAL_PCD_ISOINIncompleteCallback
 .text.HAL_PCD_ConnectCallback
                0x000000000800aa14       0x1c ./USB_DEVICE/Target/usbd_conf.o
                0x000000000800aa14                HAL_PCD_ConnectCallback
 .text.HAL_PCD_DisconnectCallback
                0x000000000800aa30       0x1c ./USB_DEVICE/Target/usbd_conf.o
                0x000000000800aa30                HAL_PCD_DisconnectCallback
 .text.USBD_LL_Init
                0x000000000800aa4c       0x98 ./USB_DEVICE/Target/usbd_conf.o
                0x000000000800aa4c                USBD_LL_Init
 .text.USBD_LL_Start
                0x000000000800aae4       0x36 ./USB_DEVICE/Target/usbd_conf.o
                0x000000000800aae4                USBD_LL_Start
 .text.USBD_LL_OpenEP
                0x000000000800ab1a       0x4c ./USB_DEVICE/Target/usbd_conf.o
                0x000000000800ab1a                USBD_LL_OpenEP
 .text.USBD_LL_CloseEP
                0x000000000800ab66       0x3e ./USB_DEVICE/Target/usbd_conf.o
                0x000000000800ab66                USBD_LL_CloseEP
 .text.USBD_LL_StallEP
                0x000000000800aba4       0x3e ./USB_DEVICE/Target/usbd_conf.o
                0x000000000800aba4                USBD_LL_StallEP
 .text.USBD_LL_ClearStallEP
                0x000000000800abe2       0x3e ./USB_DEVICE/Target/usbd_conf.o
                0x000000000800abe2                USBD_LL_ClearStallEP
 .text.USBD_LL_IsStallEP
                0x000000000800ac20       0x58 ./USB_DEVICE/Target/usbd_conf.o
                0x000000000800ac20                USBD_LL_IsStallEP
 .text.USBD_LL_SetUSBAddress
                0x000000000800ac78       0x3e ./USB_DEVICE/Target/usbd_conf.o
                0x000000000800ac78                USBD_LL_SetUSBAddress
 .text.USBD_LL_Transmit
                0x000000000800acb6       0x42 ./USB_DEVICE/Target/usbd_conf.o
                0x000000000800acb6                USBD_LL_Transmit
 .text.USBD_LL_PrepareReceive
                0x000000000800acf8       0x42 ./USB_DEVICE/Target/usbd_conf.o
                0x000000000800acf8                USBD_LL_PrepareReceive
 .text.USBD_LL_GetRxDataSize
                0x000000000800ad3a       0x26 ./USB_DEVICE/Target/usbd_conf.o
                0x000000000800ad3a                USBD_LL_GetRxDataSize
 .text.USBD_static_malloc
                0x000000000800ad60       0x1c ./USB_DEVICE/Target/usbd_conf.o
                0x000000000800ad60                USBD_static_malloc
 .text.USBD_static_free
                0x000000000800ad7c       0x14 ./USB_DEVICE/Target/usbd_conf.o
                0x000000000800ad7c                USBD_static_free
 .text.USBD_Get_USB_Status
                0x000000000800ad90       0x58 ./USB_DEVICE/Target/usbd_conf.o
                0x000000000800ad90                USBD_Get_USB_Status
 .text.__errno  0x000000000800ade8        0xc d:/stm32cubeide_1.7.0/stm32cubeide/plugins/com.st.stm32cube.ide.mcu.externaltools.gnu-tools-for-stm32.9-2020-q2-update.win32_2.0.0.202105311346/tools/bin/../lib/gcc/arm-none-eabi/9.3.1/../../../../arm-none-eabi/lib/thumb/v7e-m+fp/hard\libc_nano.a(lib_a-errno.o)
                0x000000000800ade8                __errno
 .text.__libc_init_array
                0x000000000800adf4       0x48 d:/stm32cubeide_1.7.0/stm32cubeide/plugins/com.st.stm32cube.ide.mcu.externaltools.gnu-tools-for-stm32.9-2020-q2-update.win32_2.0.0.202105311346/tools/bin/../lib/gcc/arm-none-eabi/9.3.1/../../../../arm-none-eabi/lib/thumb/v7e-m+fp/hard\libc_nano.a(lib_a-init.o)
                0x000000000800adf4                __libc_init_array
 .text.memset   0x000000000800ae3c       0x10 d:/stm32cubeide_1.7.0/stm32cubeide/plugins/com.st.stm32cube.ide.mcu.externaltools.gnu-tools-for-stm32.9-2020-q2-update.win32_2.0.0.202105311346/tools/bin/../lib/gcc/arm-none-eabi/9.3.1/../../../../arm-none-eabi/lib/thumb/v7e-m+fp/hard\libc_nano.a(lib_a-memset.o)
                0x000000000800ae3c                memset
 .text.__cvt    0x000000000800ae4c       0xc4 d:/stm32cubeide_1.7.0/stm32cubeide/plugins/com.st.stm32cube.ide.mcu.externaltools.gnu-tools-for-stm32.9-2020-q2-update.win32_2.0.0.202105311346/tools/bin/../lib/gcc/arm-none-eabi/9.3.1/../../../../arm-none-eabi/lib/thumb/v7e-m+fp/hard\libc_nano.a(lib_a-nano-vfprintf_float.o)
                0x000000000800ae4c                __cvt
 .text.__exponent
                0x000000000800af10       0x7c d:/stm32cubeide_1.7.0/stm32cubeide/plugins/com.st.stm32cube.ide.mcu.externaltools.gnu-tools-for-stm32.9-2020-q2-update.win32_2.0.0.202105311346/tools/bin/../lib/gcc/arm-none-eabi/9.3.1/../../../../arm-none-eabi/lib/thumb/v7e-m+fp/hard\libc_nano.a(lib_a-nano-vfprintf_float.o)
                0x000000000800af10                __exponent
 .text._printf_float
                0x000000000800af8c      0x46c d:/stm32cubeide_1.7.0/stm32cubeide/plugins/com.st.stm32cube.ide.mcu.externaltools.gnu-tools-for-stm32.9-2020-q2-update.win32_2.0.0.202105311346/tools/bin/../lib/gcc/arm-none-eabi/9.3.1/../../../../arm-none-eabi/lib/thumb/v7e-m+fp/hard\libc_nano.a(lib_a-nano-vfprintf_float.o)
                0x000000000800af8c                _printf_float
 .text._printf_common
                0x000000000800b3f8       0xda d:/stm32cubeide_1.7.0/stm32cubeide/plugins/com.st.stm32cube.ide.mcu.externaltools.gnu-tools-for-stm32.9-2020-q2-update.win32_2.0.0.202105311346/tools/bin/../lib/gcc/arm-none-eabi/9.3.1/../../../../arm-none-eabi/lib/thumb/v7e-m+fp/hard\libc_nano.a(lib_a-nano-vfprintf_i.o)
                0x000000000800b3f8                _printf_common
 *fill*         0x000000000800b4d2        0x2 
 .text._printf_i
                0x000000000800b4d4      0x24c d:/stm32cubeide_1.7.0/stm32cubeide/plugins/com.st.stm32cube.ide.mcu.externaltools.gnu-tools-for-stm32.9-2020-q2-update.win32_2.0.0.202105311346/tools/bin/../lib/gcc/arm-none-eabi/9.3.1/../../../../arm-none-eabi/lib/thumb/v7e-m+fp/hard\libc_nano.a(lib_a-nano-vfprintf_i.o)
                0x000000000800b4d4                _printf_i
 .text.sprintf  0x000000000800b720       0x40 d:/stm32cubeide_1.7.0/stm32cubeide/plugins/com.st.stm32cube.ide.mcu.externaltools.gnu-tools-for-stm32.9-2020-q2-update.win32_2.0.0.202105311346/tools/bin/../lib/gcc/arm-none-eabi/9.3.1/../../../../arm-none-eabi/lib/thumb/v7e-m+fp/hard\libc_nano.a(lib_a-sprintf.o)
                0x000000000800b720                siprintf
                0x000000000800b720                sprintf
 .text._vsnprintf_r
                0x000000000800b760       0x58 d:/stm32cubeide_1.7.0/stm32cubeide/plugins/com.st.stm32cube.ide.mcu.externaltools.gnu-tools-for-stm32.9-2020-q2-update.win32_2.0.0.202105311346/tools/bin/../lib/gcc/arm-none-eabi/9.3.1/../../../../arm-none-eabi/lib/thumb/v7e-m+fp/hard\libc_nano.a(lib_a-vsnprintf.o)
                0x000000000800b760                _vsniprintf_r
                0x000000000800b760                _vsnprintf_r
 .text.vsnprintf
                0x000000000800b7b8       0x1c d:/stm32cubeide_1.7.0/stm32cubeide/plugins/com.st.stm32cube.ide.mcu.externaltools.gnu-tools-for-stm32.9-2020-q2-update.win32_2.0.0.202105311346/tools/bin/../lib/gcc/arm-none-eabi/9.3.1/../../../../arm-none-eabi/lib/thumb/v7e-m+fp/hard\libc_nano.a(lib_a-vsnprintf.o)
                0x000000000800b7b8                vsniprintf
                0x000000000800b7b8                vsnprintf
 .text.quorem   0x000000000800b7d4      0x116 d:/stm32cubeide_1.7.0/stm32cubeide/plugins/com.st.stm32cube.ide.mcu.externaltools.gnu-tools-for-stm32.9-2020-q2-update.win32_2.0.0.202105311346/tools/bin/../lib/gcc/arm-none-eabi/9.3.1/../../../../arm-none-eabi/lib/thumb/v7e-m+fp/hard\libc_nano.a(lib_a-dtoa.o)
 *fill*         0x000000000800b8ea        0x6 
 .text._dtoa_r  0x000000000800b8f0      0xbd8 d:/stm32cubeide_1.7.0/stm32cubeide/plugins/com.st.stm32cube.ide.mcu.externaltools.gnu-tools-for-stm32.9-2020-q2-update.win32_2.0.0.202105311346/tools/bin/../lib/gcc/arm-none-eabi/9.3.1/../../../../arm-none-eabi/lib/thumb/v7e-m+fp/hard\libc_nano.a(lib_a-dtoa.o)
                0x000000000800b8f0                _dtoa_r
 .text._localeconv_r
                0x000000000800c4c8        0x8 d:/stm32cubeide_1.7.0/stm32cubeide/plugins/com.st.stm32cube.ide.mcu.externaltools.gnu-tools-for-stm32.9-2020-q2-update.win32_2.0.0.202105311346/tools/bin/../lib/gcc/arm-none-eabi/9.3.1/../../../../arm-none-eabi/lib/thumb/v7e-m+fp/hard\libc_nano.a(lib_a-localeconv.o)
                0x000000000800c4c8                _localeconv_r
 .text.malloc   0x000000000800c4d0       0x10 d:/stm32cubeide_1.7.0/stm32cubeide/plugins/com.st.stm32cube.ide.mcu.externaltools.gnu-tools-for-stm32.9-2020-q2-update.win32_2.0.0.202105311346/tools/bin/../lib/gcc/arm-none-eabi/9.3.1/../../../../arm-none-eabi/lib/thumb/v7e-m+fp/hard\libc_nano.a(lib_a-malloc.o)
                0x000000000800c4d0                malloc
 .text.memcpy   0x000000000800c4e0       0x1c d:/stm32cubeide_1.7.0/stm32cubeide/plugins/com.st.stm32cube.ide.mcu.externaltools.gnu-tools-for-stm32.9-2020-q2-update.win32_2.0.0.202105311346/tools/bin/../lib/gcc/arm-none-eabi/9.3.1/../../../../arm-none-eabi/lib/thumb/v7e-m+fp/hard\libc_nano.a(lib_a-memcpy-stub.o)
                0x000000000800c4e0                memcpy
 .text._Balloc  0x000000000800c4fc       0x80 d:/stm32cubeide_1.7.0/stm32cubeide/plugins/com.st.stm32cube.ide.mcu.externaltools.gnu-tools-for-stm32.9-2020-q2-update.win32_2.0.0.202105311346/tools/bin/../lib/gcc/arm-none-eabi/9.3.1/../../../../arm-none-eabi/lib/thumb/v7e-m+fp/hard\libc_nano.a(lib_a-mprec.o)
                0x000000000800c4fc                _Balloc
 .text._Bfree   0x000000000800c57c       0x44 d:/stm32cubeide_1.7.0/stm32cubeide/plugins/com.st.stm32cube.ide.mcu.externaltools.gnu-tools-for-stm32.9-2020-q2-update.win32_2.0.0.202105311346/tools/bin/../lib/gcc/arm-none-eabi/9.3.1/../../../../arm-none-eabi/lib/thumb/v7e-m+fp/hard\libc_nano.a(lib_a-mprec.o)
                0x000000000800c57c                _Bfree
 .text.__multadd
                0x000000000800c5c0       0x94 d:/stm32cubeide_1.7.0/stm32cubeide/plugins/com.st.stm32cube.ide.mcu.externaltools.gnu-tools-for-stm32.9-2020-q2-update.win32_2.0.0.202105311346/tools/bin/../lib/gcc/arm-none-eabi/9.3.1/../../../../arm-none-eabi/lib/thumb/v7e-m+fp/hard\libc_nano.a(lib_a-mprec.o)
                0x000000000800c5c0                __multadd
 .text.__hi0bits
                0x000000000800c654       0x40 d:/stm32cubeide_1.7.0/stm32cubeide/plugins/com.st.stm32cube.ide.mcu.externaltools.gnu-tools-for-stm32.9-2020-q2-update.win32_2.0.0.202105311346/tools/bin/../lib/gcc/arm-none-eabi/9.3.1/../../../../arm-none-eabi/lib/thumb/v7e-m+fp/hard\libc_nano.a(lib_a-mprec.o)
                0x000000000800c654                __hi0bits
 .text.__lo0bits
                0x000000000800c694       0x60 d:/stm32cubeide_1.7.0/stm32cubeide/plugins/com.st.stm32cube.ide.mcu.externaltools.gnu-tools-for-stm32.9-2020-q2-update.win32_2.0.0.202105311346/tools/bin/../lib/gcc/arm-none-eabi/9.3.1/../../../../arm-none-eabi/lib/thumb/v7e-m+fp/hard\libc_nano.a(lib_a-mprec.o)
                0x000000000800c694                __lo0bits
 .text.__i2b    0x000000000800c6f4       0x2c d:/stm32cubeide_1.7.0/stm32cubeide/plugins/com.st.stm32cube.ide.mcu.externaltools.gnu-tools-for-stm32.9-2020-q2-update.win32_2.0.0.202105311346/tools/bin/../lib/gcc/arm-none-eabi/9.3.1/../../../../arm-none-eabi/lib/thumb/v7e-m+fp/hard\libc_nano.a(lib_a-mprec.o)
                0x000000000800c6f4                __i2b
 .text.__multiply
                0x000000000800c720      0x14c d:/stm32cubeide_1.7.0/stm32cubeide/plugins/com.st.stm32cube.ide.mcu.externaltools.gnu-tools-for-stm32.9-2020-q2-update.win32_2.0.0.202105311346/tools/bin/../lib/gcc/arm-none-eabi/9.3.1/../../../../arm-none-eabi/lib/thumb/v7e-m+fp/hard\libc_nano.a(lib_a-mprec.o)
                0x000000000800c720                __multiply
 .text.__pow5mult
                0x000000000800c86c       0xb4 d:/stm32cubeide_1.7.0/stm32cubeide/plugins/com.st.stm32cube.ide.mcu.externaltools.gnu-tools-for-stm32.9-2020-q2-update.win32_2.0.0.202105311346/tools/bin/../lib/gcc/arm-none-eabi/9.3.1/../../../../arm-none-eabi/lib/thumb/v7e-m+fp/hard\libc_nano.a(lib_a-mprec.o)
                0x000000000800c86c                __pow5mult
 .text.__lshift
                0x000000000800c920       0xd8 d:/stm32cubeide_1.7.0/stm32cubeide/plugins/com.st.stm32cube.ide.mcu.externaltools.gnu-tools-for-stm32.9-2020-q2-update.win32_2.0.0.202105311346/tools/bin/../lib/gcc/arm-none-eabi/9.3.1/../../../../arm-none-eabi/lib/thumb/v7e-m+fp/hard\libc_nano.a(lib_a-mprec.o)
                0x000000000800c920                __lshift
 .text.__mcmp   0x000000000800c9f8       0x38 d:/stm32cubeide_1.7.0/stm32cubeide/plugins/com.st.stm32cube.ide.mcu.externaltools.gnu-tools-for-stm32.9-2020-q2-update.win32_2.0.0.202105311346/tools/bin/../lib/gcc/arm-none-eabi/9.3.1/../../../../arm-none-eabi/lib/thumb/v7e-m+fp/hard\libc_nano.a(lib_a-mprec.o)
                0x000000000800c9f8                __mcmp
 .text.__mdiff  0x000000000800ca30      0x110 d:/stm32cubeide_1.7.0/stm32cubeide/plugins/com.st.stm32cube.ide.mcu.externaltools.gnu-tools-for-stm32.9-2020-q2-update.win32_2.0.0.202105311346/tools/bin/../lib/gcc/arm-none-eabi/9.3.1/../../../../arm-none-eabi/lib/thumb/v7e-m+fp/hard\libc_nano.a(lib_a-mprec.o)
                0x000000000800ca30                __mdiff
 .text.__d2b    0x000000000800cb40       0xb8 d:/stm32cubeide_1.7.0/stm32cubeide/plugins/com.st.stm32cube.ide.mcu.externaltools.gnu-tools-for-stm32.9-2020-q2-update.win32_2.0.0.202105311346/tools/bin/../lib/gcc/arm-none-eabi/9.3.1/../../../../arm-none-eabi/lib/thumb/v7e-m+fp/hard\libc_nano.a(lib_a-mprec.o)
                0x000000000800cb40                __d2b
 .text._calloc_r
                0x000000000800cbf8       0x1e d:/stm32cubeide_1.7.0/stm32cubeide/plugins/com.st.stm32cube.ide.mcu.externaltools.gnu-tools-for-stm32.9-2020-q2-update.win32_2.0.0.202105311346/tools/bin/../lib/gcc/arm-none-eabi/9.3.1/../../../../arm-none-eabi/lib/thumb/v7e-m+fp/hard\libc_nano.a(lib_a-nano-callocr.o)
                0x000000000800cbf8                _calloc_r
 *fill*         0x000000000800cc16        0x2 
 .text._free_r  0x000000000800cc18       0xa0 d:/stm32cubeide_1.7.0/stm32cubeide/plugins/com.st.stm32cube.ide.mcu.externaltools.gnu-tools-for-stm32.9-2020-q2-update.win32_2.0.0.202105311346/tools/bin/../lib/gcc/arm-none-eabi/9.3.1/../../../../arm-none-eabi/lib/thumb/v7e-m+fp/hard\libc_nano.a(lib_a-nano-freer.o)
                0x000000000800cc18                _free_r
 .text._malloc_r
                0x000000000800ccb8       0xb4 d:/stm32cubeide_1.7.0/stm32cubeide/plugins/com.st.stm32cube.ide.mcu.externaltools.gnu-tools-for-stm32.9-2020-q2-update.win32_2.0.0.202105311346/tools/bin/../lib/gcc/arm-none-eabi/9.3.1/../../../../arm-none-eabi/lib/thumb/v7e-m+fp/hard\libc_nano.a(lib_a-nano-mallocr.o)
                0x000000000800ccb8                _malloc_r
 .text.__ssputs_r
                0x000000000800cd6c       0xb6 d:/stm32cubeide_1.7.0/stm32cubeide/plugins/com.st.stm32cube.ide.mcu.externaltools.gnu-tools-for-stm32.9-2020-q2-update.win32_2.0.0.202105311346/tools/bin/../lib/gcc/arm-none-eabi/9.3.1/../../../../arm-none-eabi/lib/thumb/v7e-m+fp/hard\libc_nano.a(lib_a-nano-svfprintf.o)
                0x000000000800cd6c                __ssputs_r
 *fill*         0x000000000800ce22        0x2 
 .text._svfprintf_r
                0x000000000800ce24      0x200 d:/stm32cubeide_1.7.0/stm32cubeide/plugins/com.st.stm32cube.ide.mcu.externaltools.gnu-tools-for-stm32.9-2020-q2-update.win32_2.0.0.202105311346/tools/bin/../lib/gcc/arm-none-eabi/9.3.1/../../../../arm-none-eabi/lib/thumb/v7e-m+fp/hard\libc_nano.a(lib_a-nano-svfprintf.o)
                0x000000000800ce24                _svfiprintf_r
                0x000000000800ce24                _svfprintf_r
 .text._sbrk_r  0x000000000800d024       0x20 d:/stm32cubeide_1.7.0/stm32cubeide/plugins/com.st.stm32cube.ide.mcu.externaltools.gnu-tools-for-stm32.9-2020-q2-update.win32_2.0.0.202105311346/tools/bin/../lib/gcc/arm-none-eabi/9.3.1/../../../../arm-none-eabi/lib/thumb/v7e-m+fp/hard\libc_nano.a(lib_a-sbrkr.o)
                0x000000000800d024                _sbrk_r
 .text.__assert_func
                0x000000000800d044       0x3c d:/stm32cubeide_1.7.0/stm32cubeide/plugins/com.st.stm32cube.ide.mcu.externaltools.gnu-tools-for-stm32.9-2020-q2-update.win32_2.0.0.202105311346/tools/bin/../lib/gcc/arm-none-eabi/9.3.1/../../../../arm-none-eabi/lib/thumb/v7e-m+fp/hard\libc_nano.a(lib_a-assert.o)
                0x000000000800d044                __assert_func
 .text.fprintf  0x000000000800d080       0x24 d:/stm32cubeide_1.7.0/stm32cubeide/plugins/com.st.stm32cube.ide.mcu.externaltools.gnu-tools-for-stm32.9-2020-q2-update.win32_2.0.0.202105311346/tools/bin/../lib/gcc/arm-none-eabi/9.3.1/../../../../arm-none-eabi/lib/thumb/v7e-m+fp/hard\libc_nano.a(lib_a-fprintf.o)
                0x000000000800d080                fiprintf
                0x000000000800d080                fprintf
 .text.__ascii_mbtowc
                0x000000000800d0a4       0x24 d:/stm32cubeide_1.7.0/stm32cubeide/plugins/com.st.stm32cube.ide.mcu.externaltools.gnu-tools-for-stm32.9-2020-q2-update.win32_2.0.0.202105311346/tools/bin/../lib/gcc/arm-none-eabi/9.3.1/../../../../arm-none-eabi/lib/thumb/v7e-m+fp/hard\libc_nano.a(lib_a-mbtowc_r.o)
                0x000000000800d0a4                __ascii_mbtowc
 .text.memmove  0x000000000800d0c8       0x34 d:/stm32cubeide_1.7.0/stm32cubeide/plugins/com.st.stm32cube.ide.mcu.externaltools.gnu-tools-for-stm32.9-2020-q2-update.win32_2.0.0.202105311346/tools/bin/../lib/gcc/arm-none-eabi/9.3.1/../../../../arm-none-eabi/lib/thumb/v7e-m+fp/hard\libc_nano.a(lib_a-memmove.o)
                0x000000000800d0c8                memmove
 .text.__malloc_lock
                0x000000000800d0fc        0xc d:/stm32cubeide_1.7.0/stm32cubeide/plugins/com.st.stm32cube.ide.mcu.externaltools.gnu-tools-for-stm32.9-2020-q2-update.win32_2.0.0.202105311346/tools/bin/../lib/gcc/arm-none-eabi/9.3.1/../../../../arm-none-eabi/lib/thumb/v7e-m+fp/hard\libc_nano.a(lib_a-mlock.o)
                0x000000000800d0fc                __malloc_lock
 .text.__malloc_unlock
                0x000000000800d108        0xc d:/stm32cubeide_1.7.0/stm32cubeide/plugins/com.st.stm32cube.ide.mcu.externaltools.gnu-tools-for-stm32.9-2020-q2-update.win32_2.0.0.202105311346/tools/bin/../lib/gcc/arm-none-eabi/9.3.1/../../../../arm-none-eabi/lib/thumb/v7e-m+fp/hard\libc_nano.a(lib_a-mlock.o)
                0x000000000800d108                __malloc_unlock
 .text._realloc_r
                0x000000000800d114       0x4c d:/stm32cubeide_1.7.0/stm32cubeide/plugins/com.st.stm32cube.ide.mcu.externaltools.gnu-tools-for-stm32.9-2020-q2-update.win32_2.0.0.202105311346/tools/bin/../lib/gcc/arm-none-eabi/9.3.1/../../../../arm-none-eabi/lib/thumb/v7e-m+fp/hard\libc_nano.a(lib_a-nano-reallocr.o)
                0x000000000800d114                _realloc_r
 .text.__sfputc_r
                0x000000000800d160       0x2e d:/stm32cubeide_1.7.0/stm32cubeide/plugins/com.st.stm32cube.ide.mcu.externaltools.gnu-tools-for-stm32.9-2020-q2-update.win32_2.0.0.202105311346/tools/bin/../lib/gcc/arm-none-eabi/9.3.1/../../../../arm-none-eabi/lib/thumb/v7e-m+fp/hard\libc_nano.a(lib_a-nano-vfprintf.o)
 .text.__sfputs_r
                0x000000000800d18e       0x24 d:/stm32cubeide_1.7.0/stm32cubeide/plugins/com.st.stm32cube.ide.mcu.externaltools.gnu-tools-for-stm32.9-2020-q2-update.win32_2.0.0.202105311346/tools/bin/../lib/gcc/arm-none-eabi/9.3.1/../../../../arm-none-eabi/lib/thumb/v7e-m+fp/hard\libc_nano.a(lib_a-nano-vfprintf.o)
                0x000000000800d18e                __sfputs_r
 *fill*         0x000000000800d1b2        0x2 
 .text._vfprintf_r
                0x000000000800d1b4      0x260 d:/stm32cubeide_1.7.0/stm32cubeide/plugins/com.st.stm32cube.ide.mcu.externaltools.gnu-tools-for-stm32.9-2020-q2-update.win32_2.0.0.202105311346/tools/bin/../lib/gcc/arm-none-eabi/9.3.1/../../../../arm-none-eabi/lib/thumb/v7e-m+fp/hard\libc_nano.a(lib_a-nano-vfprintf.o)
                0x000000000800d1b4                _vfprintf_r
                0x000000000800d1b4                _vfiprintf_r
 .text.__swbuf_r
                0x000000000800d414       0xa4 d:/stm32cubeide_1.7.0/stm32cubeide/plugins/com.st.stm32cube.ide.mcu.externaltools.gnu-tools-for-stm32.9-2020-q2-update.win32_2.0.0.202105311346/tools/bin/../lib/gcc/arm-none-eabi/9.3.1/../../../../arm-none-eabi/lib/thumb/v7e-m+fp/hard\libc_nano.a(lib_a-wbuf.o)
                0x000000000800d414                __swbuf_r
 .text.__ascii_wctomb
                0x000000000800d4b8       0x1a d:/stm32cubeide_1.7.0/stm32cubeide/plugins/com.st.stm32cube.ide.mcu.externaltools.gnu-tools-for-stm32.9-2020-q2-update.win32_2.0.0.202105311346/tools/bin/../lib/gcc/arm-none-eabi/9.3.1/../../../../arm-none-eabi/lib/thumb/v7e-m+fp/hard\libc_nano.a(lib_a-wctomb_r.o)
                0x000000000800d4b8                __ascii_wctomb
 *fill*         0x000000000800d4d2        0x2 
 .text.__swsetup_r
                0x000000000800d4d4       0xdc d:/stm32cubeide_1.7.0/stm32cubeide/plugins/com.st.stm32cube.ide.mcu.externaltools.gnu-tools-for-stm32.9-2020-q2-update.win32_2.0.0.202105311346/tools/bin/../lib/gcc/arm-none-eabi/9.3.1/../../../../arm-none-eabi/lib/thumb/v7e-m+fp/hard\libc_nano.a(lib_a-wsetup.o)
                0x000000000800d4d4                __swsetup_r
 .text.abort    0x000000000800d5b0        0xe d:/stm32cubeide_1.7.0/stm32cubeide/plugins/com.st.stm32cube.ide.mcu.externaltools.gnu-tools-for-stm32.9-2020-q2-update.win32_2.0.0.202105311346/tools/bin/../lib/gcc/arm-none-eabi/9.3.1/../../../../arm-none-eabi/lib/thumb/v7e-m+fp/hard\libc_nano.a(lib_a-abort.o)
                0x000000000800d5b0                abort
 *fill*         0x000000000800d5be        0x2 
 .text.__sflush_r
                0x000000000800d5c0      0x10c d:/stm32cubeide_1.7.0/stm32cubeide/plugins/com.st.stm32cube.ide.mcu.externaltools.gnu-tools-for-stm32.9-2020-q2-update.win32_2.0.0.202105311346/tools/bin/../lib/gcc/arm-none-eabi/9.3.1/../../../../arm-none-eabi/lib/thumb/v7e-m+fp/hard\libc_nano.a(lib_a-fflush.o)
                0x000000000800d5c0                __sflush_r
 .text._fflush_r
                0x000000000800d6cc       0x78 d:/stm32cubeide_1.7.0/stm32cubeide/plugins/com.st.stm32cube.ide.mcu.externaltools.gnu-tools-for-stm32.9-2020-q2-update.win32_2.0.0.202105311346/tools/bin/../lib/gcc/arm-none-eabi/9.3.1/../../../../arm-none-eabi/lib/thumb/v7e-m+fp/hard\libc_nano.a(lib_a-fflush.o)
                0x000000000800d6cc                _fflush_r
 .text.std      0x000000000800d744       0x48 d:/stm32cubeide_1.7.0/stm32cubeide/plugins/com.st.stm32cube.ide.mcu.externaltools.gnu-tools-for-stm32.9-2020-q2-update.win32_2.0.0.202105311346/tools/bin/../lib/gcc/arm-none-eabi/9.3.1/../../../../arm-none-eabi/lib/thumb/v7e-m+fp/hard\libc_nano.a(lib_a-findfp.o)
 .text._cleanup_r
                0x000000000800d78c        0xc d:/stm32cubeide_1.7.0/stm32cubeide/plugins/com.st.stm32cube.ide.mcu.externaltools.gnu-tools-for-stm32.9-2020-q2-update.win32_2.0.0.202105311346/tools/bin/../lib/gcc/arm-none-eabi/9.3.1/../../../../arm-none-eabi/lib/thumb/v7e-m+fp/hard\libc_nano.a(lib_a-findfp.o)
                0x000000000800d78c                _cleanup_r
 .text.__sfmoreglue
                0x000000000800d798       0x2c d:/stm32cubeide_1.7.0/stm32cubeide/plugins/com.st.stm32cube.ide.mcu.externaltools.gnu-tools-for-stm32.9-2020-q2-update.win32_2.0.0.202105311346/tools/bin/../lib/gcc/arm-none-eabi/9.3.1/../../../../arm-none-eabi/lib/thumb/v7e-m+fp/hard\libc_nano.a(lib_a-findfp.o)
                0x000000000800d798                __sfmoreglue
 .text.__sfp_lock_acquire
                0x000000000800d7c4        0xc d:/stm32cubeide_1.7.0/stm32cubeide/plugins/com.st.stm32cube.ide.mcu.externaltools.gnu-tools-for-stm32.9-2020-q2-update.win32_2.0.0.202105311346/tools/bin/../lib/gcc/arm-none-eabi/9.3.1/../../../../arm-none-eabi/lib/thumb/v7e-m+fp/hard\libc_nano.a(lib_a-findfp.o)
                0x000000000800d7c4                __sfp_lock_acquire
 .text.__sfp_lock_release
                0x000000000800d7d0        0xc d:/stm32cubeide_1.7.0/stm32cubeide/plugins/com.st.stm32cube.ide.mcu.externaltools.gnu-tools-for-stm32.9-2020-q2-update.win32_2.0.0.202105311346/tools/bin/../lib/gcc/arm-none-eabi/9.3.1/../../../../arm-none-eabi/lib/thumb/v7e-m+fp/hard\libc_nano.a(lib_a-findfp.o)
                0x000000000800d7d0                __sfp_lock_release
 .text.__sinit_lock_acquire
                0x000000000800d7dc        0xc d:/stm32cubeide_1.7.0/stm32cubeide/plugins/com.st.stm32cube.ide.mcu.externaltools.gnu-tools-for-stm32.9-2020-q2-update.win32_2.0.0.202105311346/tools/bin/../lib/gcc/arm-none-eabi/9.3.1/../../../../arm-none-eabi/lib/thumb/v7e-m+fp/hard\libc_nano.a(lib_a-findfp.o)
                0x000000000800d7dc                __sinit_lock_acquire
 .text.__sinit_lock_release
                0x000000000800d7e8        0xc d:/stm32cubeide_1.7.0/stm32cubeide/plugins/com.st.stm32cube.ide.mcu.externaltools.gnu-tools-for-stm32.9-2020-q2-update.win32_2.0.0.202105311346/tools/bin/../lib/gcc/arm-none-eabi/9.3.1/../../../../arm-none-eabi/lib/thumb/v7e-m+fp/hard\libc_nano.a(lib_a-findfp.o)
                0x000000000800d7e8                __sinit_lock_release
 .text.__sinit  0x000000000800d7f4       0x70 d:/stm32cubeide_1.7.0/stm32cubeide/plugins/com.st.stm32cube.ide.mcu.externaltools.gnu-tools-for-stm32.9-2020-q2-update.win32_2.0.0.202105311346/tools/bin/../lib/gcc/arm-none-eabi/9.3.1/../../../../arm-none-eabi/lib/thumb/v7e-m+fp/hard\libc_nano.a(lib_a-findfp.o)
                0x000000000800d7f4                __sinit
 .text.__sfp    0x000000000800d864       0x8c d:/stm32cubeide_1.7.0/stm32cubeide/plugins/com.st.stm32cube.ide.mcu.externaltools.gnu-tools-for-stm32.9-2020-q2-update.win32_2.0.0.202105311346/tools/bin/../lib/gcc/arm-none-eabi/9.3.1/../../../../arm-none-eabi/lib/thumb/v7e-m+fp/hard\libc_nano.a(lib_a-findfp.o)
                0x000000000800d864                __sfp
 .text._fwalk_reent
                0x000000000800d8f0       0x3e d:/stm32cubeide_1.7.0/stm32cubeide/plugins/com.st.stm32cube.ide.mcu.externaltools.gnu-tools-for-stm32.9-2020-q2-update.win32_2.0.0.202105311346/tools/bin/../lib/gcc/arm-none-eabi/9.3.1/../../../../arm-none-eabi/lib/thumb/v7e-m+fp/hard\libc_nano.a(lib_a-fwalk.o)
                0x000000000800d8f0                _fwalk_reent
 .text.__retarget_lock_init_recursive
                0x000000000800d92e        0x2 d:/stm32cubeide_1.7.0/stm32cubeide/plugins/com.st.stm32cube.ide.mcu.externaltools.gnu-tools-for-stm32.9-2020-q2-update.win32_2.0.0.202105311346/tools/bin/../lib/gcc/arm-none-eabi/9.3.1/../../../../arm-none-eabi/lib/thumb/v7e-m+fp/hard\libc_nano.a(lib_a-lock.o)
                0x000000000800d92e                __retarget_lock_init_recursive
 .text.__retarget_lock_acquire_recursive
                0x000000000800d930        0x2 d:/stm32cubeide_1.7.0/stm32cubeide/plugins/com.st.stm32cube.ide.mcu.externaltools.gnu-tools-for-stm32.9-2020-q2-update.win32_2.0.0.202105311346/tools/bin/../lib/gcc/arm-none-eabi/9.3.1/../../../../arm-none-eabi/lib/thumb/v7e-m+fp/hard\libc_nano.a(lib_a-lock.o)
                0x000000000800d930                __retarget_lock_acquire_recursive
 .text.__retarget_lock_release_recursive
                0x000000000800d932        0x2 d:/stm32cubeide_1.7.0/stm32cubeide/plugins/com.st.stm32cube.ide.mcu.externaltools.gnu-tools-for-stm32.9-2020-q2-update.win32_2.0.0.202105311346/tools/bin/../lib/gcc/arm-none-eabi/9.3.1/../../../../arm-none-eabi/lib/thumb/v7e-m+fp/hard\libc_nano.a(lib_a-lock.o)
                0x000000000800d932                __retarget_lock_release_recursive
 .text.__swhatbuf_r
                0x000000000800d934       0x48 d:/stm32cubeide_1.7.0/stm32cubeide/plugins/com.st.stm32cube.ide.mcu.externaltools.gnu-tools-for-stm32.9-2020-q2-update.win32_2.0.0.202105311346/tools/bin/../lib/gcc/arm-none-eabi/9.3.1/../../../../arm-none-eabi/lib/thumb/v7e-m+fp/hard\libc_nano.a(lib_a-makebuf.o)
                0x000000000800d934                __swhatbuf_r
 .text.__smakebuf_r
                0x000000000800d97c       0x80 d:/stm32cubeide_1.7.0/stm32cubeide/plugins/com.st.stm32cube.ide.mcu.externaltools.gnu-tools-for-stm32.9-2020-q2-update.win32_2.0.0.202105311346/tools/bin/../lib/gcc/arm-none-eabi/9.3.1/../../../../arm-none-eabi/lib/thumb/v7e-m+fp/hard\libc_nano.a(lib_a-makebuf.o)
                0x000000000800d97c                __smakebuf_r
 .text._malloc_usable_size_r
                0x000000000800d9fc       0x10 d:/stm32cubeide_1.7.0/stm32cubeide/plugins/com.st.stm32cube.ide.mcu.externaltools.gnu-tools-for-stm32.9-2020-q2-update.win32_2.0.0.202105311346/tools/bin/../lib/gcc/arm-none-eabi/9.3.1/../../../../arm-none-eabi/lib/thumb/v7e-m+fp/hard\libc_nano.a(lib_a-nano-msizer.o)
                0x000000000800d9fc                _malloc_usable_size_r
 .text._raise_r
                0x000000000800da0c       0x50 d:/stm32cubeide_1.7.0/stm32cubeide/plugins/com.st.stm32cube.ide.mcu.externaltools.gnu-tools-for-stm32.9-2020-q2-update.win32_2.0.0.202105311346/tools/bin/../lib/gcc/arm-none-eabi/9.3.1/../../../../arm-none-eabi/lib/thumb/v7e-m+fp/hard\libc_nano.a(lib_a-signal.o)
                0x000000000800da0c                _raise_r
 .text.raise    0x000000000800da5c       0x10 d:/stm32cubeide_1.7.0/stm32cubeide/plugins/com.st.stm32cube.ide.mcu.externaltools.gnu-tools-for-stm32.9-2020-q2-update.win32_2.0.0.202105311346/tools/bin/../lib/gcc/arm-none-eabi/9.3.1/../../../../arm-none-eabi/lib/thumb/v7e-m+fp/hard\libc_nano.a(lib_a-signal.o)
                0x000000000800da5c                raise
 .text._kill_r  0x000000000800da6c       0x24 d:/stm32cubeide_1.7.0/stm32cubeide/plugins/com.st.stm32cube.ide.mcu.externaltools.gnu-tools-for-stm32.9-2020-q2-update.win32_2.0.0.202105311346/tools/bin/../lib/gcc/arm-none-eabi/9.3.1/../../../../arm-none-eabi/lib/thumb/v7e-m+fp/hard\libc_nano.a(lib_a-signalr.o)
                0x000000000800da6c                _kill_r
 .text._getpid_r
                0x000000000800da90        0x4 d:/stm32cubeide_1.7.0/stm32cubeide/plugins/com.st.stm32cube.ide.mcu.externaltools.gnu-tools-for-stm32.9-2020-q2-update.win32_2.0.0.202105311346/tools/bin/../lib/gcc/arm-none-eabi/9.3.1/../../../../arm-none-eabi/lib/thumb/v7e-m+fp/hard\libc_nano.a(lib_a-signalr.o)
                0x000000000800da90                _getpid_r
 .text.__sread  0x000000000800da94       0x22 d:/stm32cubeide_1.7.0/stm32cubeide/plugins/com.st.stm32cube.ide.mcu.externaltools.gnu-tools-for-stm32.9-2020-q2-update.win32_2.0.0.202105311346/tools/bin/../lib/gcc/arm-none-eabi/9.3.1/../../../../arm-none-eabi/lib/thumb/v7e-m+fp/hard\libc_nano.a(lib_a-stdio.o)
                0x000000000800da94                __sread
 .text.__swrite
                0x000000000800dab6       0x38 d:/stm32cubeide_1.7.0/stm32cubeide/plugins/com.st.stm32cube.ide.mcu.externaltools.gnu-tools-for-stm32.9-2020-q2-update.win32_2.0.0.202105311346/tools/bin/../lib/gcc/arm-none-eabi/9.3.1/../../../../arm-none-eabi/lib/thumb/v7e-m+fp/hard\libc_nano.a(lib_a-stdio.o)
                0x000000000800dab6                __swrite
 .text.__sseek  0x000000000800daee       0x24 d:/stm32cubeide_1.7.0/stm32cubeide/plugins/com.st.stm32cube.ide.mcu.externaltools.gnu-tools-for-stm32.9-2020-q2-update.win32_2.0.0.202105311346/tools/bin/../lib/gcc/arm-none-eabi/9.3.1/../../../../arm-none-eabi/lib/thumb/v7e-m+fp/hard\libc_nano.a(lib_a-stdio.o)
                0x000000000800daee                __sseek
 .text.__sclose
                0x000000000800db12        0x8 d:/stm32cubeide_1.7.0/stm32cubeide/plugins/com.st.stm32cube.ide.mcu.externaltools.gnu-tools-for-stm32.9-2020-q2-update.win32_2.0.0.202105311346/tools/bin/../lib/gcc/arm-none-eabi/9.3.1/../../../../arm-none-eabi/lib/thumb/v7e-m+fp/hard\libc_nano.a(lib_a-stdio.o)
                0x000000000800db12                __sclose
 *fill*         0x000000000800db1a        0x2 
 .text._write_r
                0x000000000800db1c       0x24 d:/stm32cubeide_1.7.0/stm32cubeide/plugins/com.st.stm32cube.ide.mcu.externaltools.gnu-tools-for-stm32.9-2020-q2-update.win32_2.0.0.202105311346/tools/bin/../lib/gcc/arm-none-eabi/9.3.1/../../../../arm-none-eabi/lib/thumb/v7e-m+fp/hard\libc_nano.a(lib_a-writer.o)
                0x000000000800db1c                _write_r