main.c:102:6:read_file_from_littlefs	136	static
main.c:153:6:HAL_SPI_TxCpltCallback	16	static
main.c:157:6:HAL_SPI_RxCpltCallback	16	static
main.c:161:6:nor_delay_us	16	static
main.c:172:6:nor_cs_assert	8	static
main.c:176:6:nor_cs_deassert	8	static
main.c:180:6:nor_spi_tx	16	static
main.c:187:6:nor_spi_rx	16	static
main.c:195:6:__init_nor	8	static
main.c:209:5:_fs_read	32	static
main.c:219:5:_fs_write	32	static
main.c:229:5:_fs_erase	16	static
main.c:237:5:_fs_sync	16	static
main.c:242:6:list_files	440	static
main.c:281:6:__init_littefs	16	static
main.c:315:6:list_files_with_size	1104	static
main.c:358:6:__init_storage	8	static
main.c:363:6:HAL_TIM_PeriodElapsedCallback	40	static
main.c:391:6:RUN_ADC2	16	static
main.c:404:6:HAL_UART_RxCpltCallback	224	static
main.c:424:5:main	320	static
main.c:614:6:SystemClock_Config	88	static
main.c:661:6:Error_Handler	4	static,ignoring_inline_asm
