main.c:92:6:read_file_from_littlefs	136	static
main.c:143:6:HAL_SPI_TxCpltCallback	16	static
main.c:147:6:HAL_SPI_RxCpltCallback	16	static
main.c:151:6:nor_delay_us	16	static
main.c:162:6:nor_cs_assert	8	static
main.c:166:6:nor_cs_deassert	8	static
main.c:170:6:nor_spi_tx	16	static
main.c:177:6:nor_spi_rx	16	static
main.c:185:6:__init_nor	8	static
main.c:199:5:_fs_read	32	static
main.c:209:5:_fs_write	32	static
main.c:219:5:_fs_erase	16	static
main.c:227:5:_fs_sync	16	static
main.c:232:6:list_files	440	static
main.c:271:6:__init_littefs	16	static
main.c:305:6:list_files_with_size	1104	static
main.c:348:6:__init_storage	8	static
main.c:353:6:HAL_TIM_PeriodElapsedCallback	40	static
main.c:390:5:main	64	static
main.c:467:6:SystemClock_Config	88	static
main.c:514:6:Error_Handler	4	static,ignoring_inline_asm
