stm32f4xx_it.c:100:6:NMI_Handler	4	static
stm32f4xx_it.c:115:6:HardFault_Handler	4	static
stm32f4xx_it.c:130:6:MemManage_Handler	4	static
stm32f4xx_it.c:145:6:BusFault_Handler	4	static
stm32f4xx_it.c:160:6:UsageFault_Handler	4	static
stm32f4xx_it.c:175:6:SVC_Handler	4	static
stm32f4xx_it.c:188:6:DebugMon_Handler	4	static
stm32f4xx_it.c:201:6:PendSV_Handler	4	static
stm32f4xx_it.c:214:6:SysTick_Handler	8	static
stm32f4xx_it.c:235:6:DMA1_Stream0_IRQHandler	8	static
stm32f4xx_it.c:249:6:DMA1_Stream1_IRQHandler	8	static
stm32f4xx_it.c:263:6:DMA1_Stream2_IRQHandler	8	static
stm32f4xx_it.c:277:6:DMA1_Stream3_IRQHandler	8	static
stm32f4xx_it.c:291:6:DMA1_Stream4_IRQHandler	8	static
stm32f4xx_it.c:305:6:DMA1_Stream5_IRQHandler	8	static
stm32f4xx_it.c:319:6:DMA1_Stream6_IRQHandler	8	static
stm32f4xx_it.c:333:6:ADC_IRQHandler	8	static
stm32f4xx_it.c:349:6:USART1_IRQHandler	8	static
stm32f4xx_it.c:363:6:USART2_IRQHandler	8	static
stm32f4xx_it.c:377:6:USART3_IRQHandler	8	static
stm32f4xx_it.c:391:6:DMA1_Stream7_IRQHandler	8	static
stm32f4xx_it.c:405:6:SPI3_IRQHandler	8	static
stm32f4xx_it.c:419:6:TIM6_DAC_IRQHandler	8	static
stm32f4xx_it.c:433:6:TIM7_IRQHandler	8	static
stm32f4xx_it.c:447:6:DMA2_Stream0_IRQHandler	8	static
stm32f4xx_it.c:461:6:DMA2_Stream1_IRQHandler	8	static
stm32f4xx_it.c:475:6:DMA2_Stream2_IRQHandler	8	static
stm32f4xx_it.c:489:6:DMA2_Stream3_IRQHandler	8	static
stm32f4xx_it.c:503:6:DMA2_Stream4_IRQHandler	8	static
stm32f4xx_it.c:517:6:OTG_FS_IRQHandler	8	static
stm32f4xx_it.c:531:6:DMA2_Stream5_IRQHandler	8	static
stm32f4xx_it.c:545:6:DMA2_Stream6_IRQHandler	8	static
stm32f4xx_it.c:559:6:DMA2_Stream7_IRQHandler	8	static
stm32f4xx_it.c:573:6:USART6_IRQHandler	8	static
stm32f4xx_it.c:587:6:UART7_IRQHandler	8	static
stm32f4xx_it.c:601:6:UART8_IRQHandler	8	static
stm32f4xx_it.c:615:6:SPI4_IRQHandler	8	static
stm32f4xx_it.c:629:6:SPI5_IRQHandler	8	static
